#
# There is insufficient memory for the Java Runtime Environment to continue.
# Native memory allocation (malloc) failed to allocate 444768 bytes. Error detail: Chunk::new
# Possible reasons:
#   The system is out of physical RAM or swap space
#   This process is running with CompressedOops enabled, and the Java Heap may be blocking the growth of the native heap
# Possible solutions:
#   Reduce memory load on the system
#   Increase physical memory or swap space
#   Check if swap backing store is full
#   Decrease Java heap size (-Xmx/-Xms)
#   Decrease number of Java threads
#   Decrease Java thread stack sizes (-Xss)
#   Set larger code cache with -XX:ReservedCodeCacheSize=
#   JVM is running with Unscaled Compressed Oops mode in which the Java heap is
#     placed in the first 4GB address space. The Java Heap base address is the
#     maximum limit for the native heap growth. Please use -XX:HeapBaseMinAddress
#     to set the Java Heap base and to place the Java Heap above 4GB virtual address.
# This output file may be truncated or incomplete.
#
#  Out of Memory Error (arena.cpp:168), pid=28248, tid=23928
#
# JRE version: OpenJDK Runtime Environment Temurin-21.0.10+7 (21.0.10+7) (build 21.0.10+7-LTS)
# Java VM: OpenJDK 64-Bit Server VM Temurin-21.0.10+7 (21.0.10+7-LTS, mixed mode, sharing, tiered, compressed oops, compressed class ptrs, parallel gc, windows-amd64)
# No core dump will be written. Minidumps are not enabled by default on client versions of Windows
#

---------------  S U M M A R Y ------------

Command Line: --add-modules=ALL-SYSTEM --add-opens=java.base/java.util=ALL-UNNAMED --add-opens=java.base/java.lang=ALL-UNNAMED --add-opens=java.base/sun.nio.fs=ALL-UNNAMED -Declipse.application=org.eclipse.jdt.ls.core.id1 -Dosgi.bundles.defaultStartLevel=4 -Declipse.product=org.eclipse.jdt.ls.core.product -Djava.import.generatesMetadataFilesAtProjectRoot=false -DDetectVMInstallationsJob.disabled=true -Dfile.encoding=utf8 -XX:+UseParallelGC -XX:GCTimeRatio=4 -XX:AdaptiveSizePolicyWeight=90 -Dsun.zip.disableMemoryMapping=true -Xmx2G -Xms100m -Xlog:disable -javaagent:c:\Users\acer\.vscode\extensions\redhat.java-1.54.0-win32-x64\lombok\lombok-1.18.39-4050.jar -XX:+HeapDumpOnOutOfMemoryError -XX:HeapDumpPath=c:\Users\acer\AppData\Roaming\Code\User\workspaceStorage\bf86a25aabd705ff7bd7445d23a2ae5a\redhat.java -Daether.dependencyCollector.impl=bf c:\Users\acer\.vscode\extensions\redhat.java-1.54.0-win32-x64\server\plugins\org.eclipse.equinox.launcher_1.7.100.v20251111-0406.jar -configuration c:\Users\acer\AppData\Roaming\Code\User\globalStorage\redhat.java\1.54.0\config_win -data c:\Users\acer\AppData\Roaming\Code\User\workspaceStorage\bf86a25aabd705ff7bd7445d23a2ae5a\redhat.java\jdt_ws --pipe=\\.\pipe\lsp-b08bc753581b1caa7cf40c73ceb426d3-sock

Host: AMD Ryzen 3 7320U with Radeon Graphics         , 8 cores, 7G,  Windows 11 , 64 bit Build 26100 (10.0.26100.8328)
Time: Mon Jun  8 17:05:25 2026 India Standard Time elapsed time: 13.391097 seconds (0d 0h 0m 13s)

---------------  T H R E A D  ---------------

Current thread (0x0000020b3138f530):  JavaThread "C2 CompilerThread0" daemon [_thread_in_native, id=23928, stack(0x0000003b0c000000,0x0000003b0c100000) (1024K)]


Current CompileTask:
C2:13391 9598       4       org.codehaus.plexus.util.xml.pull.MXParser::parseAttribute (1438 bytes)

Stack: [0x0000003b0c000000,0x0000003b0c100000]
Native frames: (J=compiled Java code, j=interpreted, Vv=VM code, C=native code)
V  [jvm.dll+0x6d7a39]
V  [jvm.dll+0x8b4b26]
V  [jvm.dll+0x8b70de]
V  [jvm.dll+0x8b77c3]
V  [jvm.dll+0x284346]
V  [jvm.dll+0xc66ed]
V  [jvm.dll+0xc6c31]
V  [jvm.dll+0x3bec3b]
V  [jvm.dll+0x1e3d62]
V  [jvm.dll+0x24c6b3]
V  [jvm.dll+0x24bb40]
V  [jvm.dll+0x1cb34e]
V  [jvm.dll+0x25b85d]
V  [jvm.dll+0x259dea]
V  [jvm.dll+0x3f857e]
V  [jvm.dll+0x85f59d]
V  [jvm.dll+0x6d626d]
C  [ucrtbase.dll+0x37b0]
C  [KERNEL32.DLL+0x2e957]
C  [ntdll.dll+0x427c]


---------------  P R O C E S S  ---------------

Threads class SMR info:
_java_thread_list=0x0000020b9184a2c0, length=66, elements={
0x0000020b313fc590, 0x0000020b3136dab0, 0x0000020b3136fa80, 0x0000020b31375780,
0x0000020b31375e10, 0x0000020b31378570, 0x0000020b31377ee0, 0x0000020b3138f530,
0x0000020b313901b0, 0x0000020b313771c0, 0x0000020b31378c00, 0x0000020b313764a0,
0x0000020b31376b30, 0x0000020b31377850, 0x0000020b8fb07660, 0x0000020b8fb08a10,
0x0000020b8fb09dc0, 0x0000020b900a9e80, 0x0000020b8fb0aae0, 0x0000020b8fb0a450,
0x0000020b8fb090a0, 0x0000020b8fb07cf0, 0x0000020b8fb09730, 0x0000020b90f54ac0,
0x0000020b90b157b0, 0x0000020b90b14400, 0x0000020b90b15120, 0x0000020b90b15e40,
0x0000020b90b164d0, 0x0000020b90b13050, 0x0000020b90b16b60, 0x0000020b90b136e0,
0x0000020b90b171f0, 0x0000020b90b13d70, 0x0000020b90b17880, 0x0000020b90b17f10,
0x0000020b90b185a0, 0x0000020b90b18c30, 0x0000020b90b19fe0, 0x0000020b90b192c0,
0x0000020b90b19950, 0x0000020b90b1a670, 0x0000020b925c84a0, 0x0000020b925c8b30,
0x0000020b925c9ee0, 0x0000020b925c91c0, 0x0000020b925c9850, 0x0000020b925ca570,
0x0000020b925cac00, 0x0000020b925cb290, 0x0000020b925c7e10, 0x0000020b925cbfb0,
0x0000020b925ce080, 0x0000020b925ce710, 0x0000020b925cc640, 0x0000020b925cccd0,
0x0000020b925cd360, 0x0000020b925cb920, 0x0000020b925ceda0, 0x0000020b925cf430,
0x0000020b925cd9f0, 0x0000020b92035830, 0x0000020b92039340, 0x0000020b92037270,
0x0000020b92038620, 0x0000020b92036550
}

Java Threads: ( => current thread )
  0x0000020b313fc590 JavaThread "main"                              [_thread_blocked, id=8548, stack(0x0000003b0b600000,0x0000003b0b700000) (1024K)]
  0x0000020b3136dab0 JavaThread "Reference Handler"          daemon [_thread_blocked, id=19396, stack(0x0000003b0ba00000,0x0000003b0bb00000) (1024K)]
  0x0000020b3136fa80 JavaThread "Finalizer"                  daemon [_thread_blocked, id=25084, stack(0x0000003b0bb00000,0x0000003b0bc00000) (1024K)]
  0x0000020b31375780 JavaThread "Signal Dispatcher"          daemon [_thread_blocked, id=1500, stack(0x0000003b0bc00000,0x0000003b0bd00000) (1024K)]
  0x0000020b31375e10 JavaThread "Attach Listener"            daemon [_thread_blocked, id=24944, stack(0x0000003b0bd00000,0x0000003b0be00000) (1024K)]
  0x0000020b31378570 JavaThread "Service Thread"             daemon [_thread_blocked, id=19220, stack(0x0000003b0be00000,0x0000003b0bf00000) (1024K)]
  0x0000020b31377ee0 JavaThread "Monitor Deflation Thread"   daemon [_thread_blocked, id=25672, stack(0x0000003b0bf00000,0x0000003b0c000000) (1024K)]
=>0x0000020b3138f530 JavaThread "C2 CompilerThread0"         daemon [_thread_in_native, id=23928, stack(0x0000003b0c000000,0x0000003b0c100000) (1024K)]
  0x0000020b313901b0 JavaThread "C1 CompilerThread0"         daemon [_thread_blocked, id=28556, stack(0x0000003b0c100000,0x0000003b0c200000) (1024K)]
  0x0000020b313771c0 JavaThread "Common-Cleaner"             daemon [_thread_blocked, id=27688, stack(0x0000003b0c300000,0x0000003b0c400000) (1024K)]
  0x0000020b31378c00 JavaThread "Notification Thread"        daemon [_thread_blocked, id=14268, stack(0x0000003b0c400000,0x0000003b0c500000) (1024K)]
  0x0000020b313764a0 JavaThread "Active Thread: Equinox Container: 6a4d43d8-683d-4a4b-bfee-03843bca91d3"        [_thread_blocked, id=25052, stack(0x0000003b0cc00000,0x0000003b0cd00000) (1024K)]
  0x0000020b31376b30 JavaThread "Refresh Thread: Equinox Container: 6a4d43d8-683d-4a4b-bfee-03843bca91d3" daemon [_thread_blocked, id=13400, stack(0x0000003b0ce00000,0x0000003b0cf00000) (1024K)]
  0x0000020b31377850 JavaThread "Framework Event Dispatcher: Equinox Container: 6a4d43d8-683d-4a4b-bfee-03843bca91d3" daemon [_thread_blocked, id=1200, stack(0x0000003b0cf00000,0x0000003b0d000000) (1024K)]
  0x0000020b8fb07660 JavaThread "Start Level: Equinox Container: 6a4d43d8-683d-4a4b-bfee-03843bca91d3" daemon [_thread_blocked, id=26776, stack(0x0000003b0d000000,0x0000003b0d100000) (1024K)]
  0x0000020b8fb08a10 JavaThread "Bundle File Closer"         daemon [_thread_blocked, id=1892, stack(0x0000003b0d100000,0x0000003b0d200000) (1024K)]
  0x0000020b8fb09dc0 JavaThread "SCR Component Actor"        daemon [_thread_blocked, id=3632, stack(0x0000003b0c200000,0x0000003b0c300000) (1024K)]
  0x0000020b900a9e80 JavaThread "C2 CompilerThread1"         daemon [_thread_in_native, id=25636, stack(0x0000003b0c500000,0x0000003b0c600000) (1024K)]
  0x0000020b8fb0aae0 JavaThread "Worker-JM"                         [_thread_blocked, id=18500, stack(0x0000003b0d300000,0x0000003b0d400000) (1024K)]
  0x0000020b8fb0a450 JavaThread "JNA Cleaner"                daemon [_thread_blocked, id=11244, stack(0x0000003b0d400000,0x0000003b0d500000) (1024K)]
  0x0000020b8fb090a0 JavaThread "Worker-0: Building"                [_thread_in_Java, id=14720, stack(0x0000003b0d200000,0x0000003b0d300000) (1024K)]
  0x0000020b8fb07cf0 JavaThread "Worker-1"                          [_thread_blocked, id=7584, stack(0x0000003b0d500000,0x0000003b0d600000) (1024K)]
  0x0000020b8fb09730 JavaThread "Worker-2"                          [_thread_blocked, id=15632, stack(0x0000003b0d600000,0x0000003b0d700000) (1024K)]
  0x0000020b90f54ac0 JavaThread "C2 CompilerThread2"         daemon [_thread_in_native, id=2704, stack(0x0000003b0d700000,0x0000003b0d800000) (1024K)]
  0x0000020b90b157b0 JavaThread "Java indexing"              daemon [_thread_blocked, id=9844, stack(0x0000003b0d800000,0x0000003b0d900000) (1024K)]
  0x0000020b90b14400 JavaThread "Worker-3"                          [_thread_blocked, id=17728, stack(0x0000003b0d900000,0x0000003b0da00000) (1024K)]
  0x0000020b90b15120 JavaThread "Thread-1"                   daemon [_thread_in_native, id=24888, stack(0x0000003b0dc00000,0x0000003b0dd00000) (1024K)]
  0x0000020b90b15e40 JavaThread "Thread-2"                   daemon [_thread_in_native, id=5376, stack(0x0000003b0dd00000,0x0000003b0de00000) (1024K)]
  0x0000020b90b164d0 JavaThread "Thread-3"                   daemon [_thread_in_native, id=3636, stack(0x0000003b0de00000,0x0000003b0df00000) (1024K)]
  0x0000020b90b13050 JavaThread "Thread-4"                   daemon [_thread_in_native, id=21096, stack(0x0000003b0df00000,0x0000003b0e000000) (1024K)]
  0x0000020b90b16b60 JavaThread "Thread-5"                   daemon [_thread_in_native, id=7240, stack(0x0000003b0e000000,0x0000003b0e100000) (1024K)]
  0x0000020b90b136e0 JavaThread "Thread-6"                   daemon [_thread_in_native, id=10200, stack(0x0000003b0e100000,0x0000003b0e200000) (1024K)]
  0x0000020b90b171f0 JavaThread "Thread-7"                   daemon [_thread_in_native, id=11232, stack(0x0000003b0e200000,0x0000003b0e300000) (1024K)]
  0x0000020b90b13d70 JavaThread "Thread-8"                   daemon [_thread_in_native, id=21320, stack(0x0000003b0e300000,0x0000003b0e400000) (1024K)]
  0x0000020b90b17880 JavaThread "Thread-9"                   daemon [_thread_in_native, id=7436, stack(0x0000003b0e400000,0x0000003b0e500000) (1024K)]
  0x0000020b90b17f10 JavaThread "pool-2-thread-1"                   [_thread_blocked, id=10452, stack(0x0000003b0e500000,0x0000003b0e600000) (1024K)]
  0x0000020b90b185a0 JavaThread "WorkspaceEventsHandler"            [_thread_blocked, id=12208, stack(0x0000003b0e600000,0x0000003b0e700000) (1024K)]
  0x0000020b90b18c30 JavaThread "pool-1-thread-1"                   [_thread_blocked, id=28168, stack(0x0000003b0e700000,0x0000003b0e800000) (1024K)]
  0x0000020b90b19fe0 JavaThread "ForkJoinPool.commonPool-worker-1" daemon [_thread_blocked, id=15600, stack(0x0000003b0e800000,0x0000003b0e900000) (1024K)]
  0x0000020b90b192c0 JavaThread "ForkJoinPool.commonPool-worker-2" daemon [_thread_blocked, id=27792, stack(0x0000003b0e900000,0x0000003b0ea00000) (1024K)]
  0x0000020b90b19950 JavaThread "ForkJoinPool.commonPool-worker-3" daemon [_thread_blocked, id=26424, stack(0x0000003b0ea00000,0x0000003b0eb00000) (1024K)]
  0x0000020b90b1a670 JavaThread "ForkJoinPool.commonPool-worker-4" daemon [_thread_blocked, id=10100, stack(0x0000003b0eb00000,0x0000003b0ec00000) (1024K)]
  0x0000020b925c84a0 JavaThread "ForkJoinPool.commonPool-worker-6" daemon [_thread_blocked, id=15028, stack(0x0000003b0ec00000,0x0000003b0ed00000) (1024K)]
  0x0000020b925c8b30 JavaThread "ForkJoinPool.commonPool-worker-5" daemon [_thread_blocked, id=5632, stack(0x0000003b0ed00000,0x0000003b0ee00000) (1024K)]
  0x0000020b925c9ee0 JavaThread "ForkJoinPool.commonPool-worker-7" daemon [_thread_blocked, id=27936, stack(0x0000003b0ee00000,0x0000003b0ef00000) (1024K)]
  0x0000020b925c91c0 JavaThread "LocalFile Deleter"          daemon [_thread_blocked, id=20240, stack(0x0000003b0ef00000,0x0000003b0f000000) (1024K)]
  0x0000020b925c9850 JavaThread "LocalFile Deleter"          daemon [_thread_blocked, id=22304, stack(0x0000003b0f000000,0x0000003b0f100000) (1024K)]
  0x0000020b925ca570 JavaThread "LocalFile Deleter"          daemon [_thread_blocked, id=7860, stack(0x0000003b0f100000,0x0000003b0f200000) (1024K)]
  0x0000020b925cac00 JavaThread "LocalFile Deleter"          daemon [_thread_blocked, id=9044, stack(0x0000003b0f200000,0x0000003b0f300000) (1024K)]
  0x0000020b925cb290 JavaThread "LocalFile Deleter"          daemon [_thread_blocked, id=14912, stack(0x0000003b0f300000,0x0000003b0f400000) (1024K)]
  0x0000020b925c7e10 JavaThread "LocalFile Deleter"          daemon [_thread_blocked, id=23644, stack(0x0000003b0f400000,0x0000003b0f500000) (1024K)]
  0x0000020b925cbfb0 JavaThread "LocalFile Deleter"          daemon [_thread_blocked, id=22056, stack(0x0000003b0f500000,0x0000003b0f600000) (1024K)]
  0x0000020b925ce080 JavaThread "LocalFile Deleter"          daemon [_thread_blocked, id=13384, stack(0x0000003b0f600000,0x0000003b0f700000) (1024K)]
  0x0000020b925ce710 JavaThread "Compiler Source File Reader" daemon [_thread_blocked, id=24404, stack(0x0000003b0f700000,0x0000003b0f800000) (1024K)]
  0x0000020b925cc640 JavaThread "Compiler Source File Reader" daemon [_thread_blocked, id=20164, stack(0x0000003b0f800000,0x0000003b0f900000) (1024K)]
  0x0000020b925cccd0 JavaThread "Compiler Source File Reader" daemon [_thread_blocked, id=9656, stack(0x0000003b0f900000,0x0000003b0fa00000) (1024K)]
  0x0000020b925cd360 JavaThread "Compiler Source File Reader" daemon [_thread_blocked, id=12212, stack(0x0000003b0fa00000,0x0000003b0fb00000) (1024K)]
  0x0000020b925cb920 JavaThread "Compiler Source File Reader" daemon [_thread_blocked, id=19296, stack(0x0000003b0fb00000,0x0000003b0fc00000) (1024K)]
  0x0000020b925ceda0 JavaThread "Compiler Source File Reader" daemon [_thread_blocked, id=17412, stack(0x0000003b0fc00000,0x0000003b0fd00000) (1024K)]
  0x0000020b925cf430 JavaThread "Compiler Processing Task"   daemon [_thread_blocked, id=12448, stack(0x0000003b0fd00000,0x0000003b0fe00000) (1024K)]
  0x0000020b925cd9f0 JavaThread "Compiler Class File Writer" daemon [_thread_blocked, id=28008, stack(0x0000003b0fe00000,0x0000003b0ff00000) (1024K)]
  0x0000020b92035830 JavaThread "Compiler Class File Writer" daemon [_thread_blocked, id=28596, stack(0x0000003b0ff00000,0x0000003b10000000) (1024K)]
  0x0000020b92039340 JavaThread "Compiler Class File Writer" daemon [_thread_blocked, id=4652, stack(0x0000003b10000000,0x0000003b10100000) (1024K)]
  0x0000020b92037270 JavaThread "Compiler Class File Writer" daemon [_thread_blocked, id=7844, stack(0x0000003b10100000,0x0000003b10200000) (1024K)]
  0x0000020b92038620 JavaThread "Compiler Class File Writer" daemon [_thread_blocked, id=7316, stack(0x0000003b10200000,0x0000003b10300000) (1024K)]
  0x0000020b92036550 JavaThread "Compiler Class File Writer" daemon [_thread_blocked, id=27772, stack(0x0000003b10300000,0x0000003b10400000) (1024K)]
Total: 66

Other Threads:
  0x0000020b31352600 VMThread "VM Thread"                           [id=9356, stack(0x0000003b0b900000,0x0000003b0ba00000) (1024K)]
  0x0000020b3128ca00 WatcherThread "VM Periodic Task Thread"        [id=13272, stack(0x0000003b0b800000,0x0000003b0b900000) (1024K)]
  0x0000020b3141a6a0 WorkerThread "GC Thread#0"                     [id=10720, stack(0x0000003b0b700000,0x0000003b0b800000) (1024K)]
  0x0000020b8f8c5fa0 WorkerThread "GC Thread#1"                     [id=11724, stack(0x0000003b0c600000,0x0000003b0c700000) (1024K)]
  0x0000020b8a9afa90 WorkerThread "GC Thread#2"                     [id=27920, stack(0x0000003b0c700000,0x0000003b0c800000) (1024K)]
  0x0000020b8a9afe40 WorkerThread "GC Thread#3"                     [id=26276, stack(0x0000003b0c800000,0x0000003b0c900000) (1024K)]
  0x0000020b8a9b01f0 WorkerThread "GC Thread#4"                     [id=25044, stack(0x0000003b0c900000,0x0000003b0ca00000) (1024K)]
  0x0000020b8a9b26e0 WorkerThread "GC Thread#5"                     [id=28608, stack(0x0000003b0ca00000,0x0000003b0cb00000) (1024K)]
  0x0000020b8a9b2a90 WorkerThread "GC Thread#6"                     [id=13820, stack(0x0000003b0cb00000,0x0000003b0cc00000) (1024K)]
  0x0000020b8f89b190 WorkerThread "GC Thread#7"                     [id=17104, stack(0x0000003b0cd00000,0x0000003b0ce00000) (1024K)]
Total: 10

Threads with active compile tasks:
C2 CompilerThread0  14429 9598       4       org.codehaus.plexus.util.xml.pull.MXParser::parseAttribute (1438 bytes)
C2 CompilerThread1  14429 9574       4       java.lang.invoke.MethodHandleImpl::makePairwiseConvertByEditor (617 bytes)
C2 CompilerThread2  14429 9597 %     4       org.codehaus.plexus.util.xml.Xpp3DomBuilder::build @ 28 (413 bytes)
Total: 3

VM state: not at safepoint (normal execution)

VM Mutex/Monitor currently owned by a thread: None

Heap address: 0x0000000080000000, size: 2048 MB, Compressed Oops mode: 32-bit

CDS archive(s) mapped at: [0x0000020b48000000-0x0000020b48ba0000-0x0000020b48ba0000), size 12189696, SharedBaseAddress: 0x0000020b48000000, ArchiveRelocationMode: 1.
Compressed class space mapped at: 0x0000020b49000000-0x0000020b89000000, reserved size: 1073741824
Narrow klass base: 0x0000020b48000000, Narrow klass shift: 0, Narrow klass range: 0x100000000

GC Precious Log:
 CardTable entry size: 512
 CPUs: 8 total, 8 available
 Memory: 7480M
 Large Page Support: Disabled
 NUMA Support: Disabled
 Compressed Oops: Enabled (32-bit)
 Alignments: Space 512K, Generation 512K, Heap 2M
 Heap Min Capacity: 100M
 Heap Initial Capacity: 100M
 Heap Max Capacity: 2G
 Pre-touch: Disabled
 Parallel Workers: 8

Heap:
 PSYoungGen      total 13824K, used 8767K [0x00000000d5580000, 0x00000000d6480000, 0x0000000100000000)
  eden space 12800K, 68% used [0x00000000d5580000,0x00000000d5e0fce8,0x00000000d6200000)
  from space 1024K, 0% used [0x00000000d6380000,0x00000000d6380000,0x00000000d6480000)
  to   space 1024K, 0% used [0x00000000d6280000,0x00000000d6280000,0x00000000d6380000)
 ParOldGen       total 73216K, used 51235K [0x0000000080000000, 0x0000000084780000, 0x00000000d5580000)
  object space 73216K, 69% used [0x0000000080000000,0x0000000083208cd8,0x0000000084780000)
 Metaspace       used 58860K, committed 60288K, reserved 1114112K
  class space    used 6301K, committed 6912K, reserved 1048576K

Card table byte_map: [0x0000020b30da0000,0x0000020b311b0000] _byte_map_base: 0x0000020b309a0000

Marking Bits: (ParMarkBitMap*) 0x00007ffc58b23450
 Begin Bits: [0x0000020b438b0000, 0x0000020b458b0000)
 End Bits:   [0x0000020b458b0000, 0x0000020b478b0000)

Polling page: 0x0000020b2f3a0000

Metaspace:

Usage:
  Non-class:     51.33 MB used.
      Class:      6.15 MB used.
       Both:     57.48 MB used.

Virtual space:
  Non-class space:       64.00 MB reserved,      52.12 MB ( 81%) committed,  1 nodes.
      Class space:        1.00 GB reserved,       6.75 MB ( <1%) committed,  1 nodes.
             Both:        1.06 GB reserved,      58.88 MB (  5%) committed. 

Chunk freelists:
   Non-Class:  11.06 MB
       Class:  9.21 MB
        Both:  20.27 MB

MaxMetaspaceSize: unlimited
CompressedClassSpaceSize: 1.00 GB
Initial GC threshold: 21.00 MB
Current GC threshold: 97.31 MB
CDS: on
 - commit_granule_bytes: 65536.
 - commit_granule_words: 8192.
 - virtual_space_node_default_size: 8388608.
 - enlarge_chunks_in_place: 1.
 - use_allocation_guard: 0.


Internal statistics:

num_allocs_failed_limit: 9.
num_arena_births: 1150.
num_arena_deaths: 20.
num_vsnodes_births: 2.
num_vsnodes_deaths: 0.
num_space_committed: 942.
num_space_uncommitted: 0.
num_chunks_returned_to_freelist: 32.
num_chunks_taken_from_freelist: 3965.
num_chunk_merges: 16.
num_chunk_splits: 2388.
num_chunks_enlarged: 1291.
num_inconsistent_stats: 0.

CodeHeap 'non-profiled nmethods': size=120000Kb used=4939Kb max_used=4939Kb free=115060Kb
 bounds [0x0000020b3c0d0000, 0x0000020b3c5b0000, 0x0000020b43600000]
CodeHeap 'profiled nmethods': size=120000Kb used=19734Kb max_used=20050Kb free=100266Kb
 bounds [0x0000020b34600000, 0x0000020b359a0000, 0x0000020b3bb30000]
CodeHeap 'non-nmethods': size=5760Kb used=1407Kb max_used=1489Kb free=4352Kb
 bounds [0x0000020b3bb30000, 0x0000020b3bda0000, 0x0000020b3c0d0000]
CodeCache: size=245760Kb, used=26080Kb, max_used=26478Kb, free=219678Kb
 total_blobs=9648, nmethods=8932, adapters=622, full_count=0
Compilation: enabled, stopped_count=0, restarted_count=0

Compilation events (20 events):
Event: 11.361 Thread 0x0000020b313901b0 nmethod 9659 0x0000020b346ea210 code [0x0000020b346ea3e0, 0x0000020b346ea888]
Event: 11.364 Thread 0x0000020b313901b0 9660       3       org.eclipse.core.internal.resources.Resource::<init> (20 bytes)
Event: 11.365 Thread 0x0000020b313901b0 nmethod 9660 0x0000020b34a88290 code [0x0000020b34a88460, 0x0000020b34a886e8]
Event: 11.370 Thread 0x0000020b313901b0 9661       3       org.codehaus.plexus.util.xml.Xpp3Dom::getChild (60 bytes)
Event: 11.371 Thread 0x0000020b313901b0 nmethod 9661 0x0000020b34d2ca90 code [0x0000020b34d2ccc0, 0x0000020b34d2d3a8]
Event: 11.371 Thread 0x0000020b313901b0 9662   !   3       org.eclipse.sisu.inject.DefaultBeanLocator::locate (128 bytes)
Event: 11.372 Thread 0x0000020b313901b0 nmethod 9662 0x0000020b34780910 code [0x0000020b34780be0, 0x0000020b34781a00]
Event: 11.372 Thread 0x0000020b313901b0 9664   !   3       java.util.stream.ReferencePipeline$7$1::accept (127 bytes)
Event: 11.373 Thread 0x0000020b313901b0 nmethod 9664 0x0000020b3484ce90 code [0x0000020b3484d120, 0x0000020b3484e070]
Event: 11.373 Thread 0x0000020b313901b0 9667       3       java.util.ArrayList::listIterator (15 bytes)
Event: 11.374 Thread 0x0000020b313901b0 nmethod 9667 0x0000020b34790b90 code [0x0000020b34790d80, 0x0000020b34791240]
Event: 11.374 Thread 0x0000020b313901b0 9666       3       org.codehaus.plexus.configuration.DefaultPlexusConfiguration::getValue (17 bytes)
Event: 11.374 Thread 0x0000020b313901b0 nmethod 9666 0x0000020b349fbe90 code [0x0000020b349fc040, 0x0000020b349fc1c0]
Event: 11.374 Thread 0x0000020b313901b0 9665       1       java.util.stream.Streams$AbstractStreamBuilderImpl::characteristics (4 bytes)
Event: 11.374 Thread 0x0000020b313901b0 nmethod 9665 0x0000020b3c185f10 code [0x0000020b3c1860a0, 0x0000020b3c186168]
Event: 11.374 Thread 0x0000020b313901b0 9663       3       org.eclipse.sisu.inject.LocatedBeans::<init> (36 bytes)
Event: 11.375 Thread 0x0000020b313901b0 nmethod 9663 0x0000020b34840a90 code [0x0000020b34840c60, 0x0000020b34840ec8]
Event: 11.378 Thread 0x0000020b313901b0 9669       3       org.eclipse.core.internal.events.ResourceDelta::isHidden (38 bytes)
Event: 11.379 Thread 0x0000020b313901b0 nmethod 9669 0x0000020b3484af10 code [0x0000020b3484b0e0, 0x0000020b3484b4d8]
Event: 11.380 Thread 0x0000020b313901b0 9670       3       java.lang.invoke.MethodHandles::constant (88 bytes)

GC Heap History (20 events):
Event: 10.288 GC heap before
{Heap before GC invocations=46 (full 2):
 PSYoungGen      total 13824K, used 13568K [0x00000000d5580000, 0x00000000d6600000, 0x0000000100000000)
  eden space 12800K, 100% used [0x00000000d5580000,0x00000000d6200000,0x00000000d6200000)
  from space 1024K, 75% used [0x00000000d6200000,0x00000000d62c0000,0x00000000d6300000)
  to   space 2048K, 0% used [0x00000000d6400000,0x00000000d6400000,0x00000000d6600000)
 ParOldGen       total 68608K, used 65568K [0x0000000080000000, 0x0000000084300000, 0x00000000d5580000)
  object space 68608K, 95% used [0x0000000080000000,0x00000000840083b0,0x0000000084300000)
 Metaspace       used 57222K, committed 58624K, reserved 1114112K
  class space    used 6152K, committed 6720K, reserved 1048576K
}
Event: 10.290 GC heap after
{Heap after GC invocations=46 (full 2):
 PSYoungGen      total 13824K, used 960K [0x00000000d5580000, 0x00000000d6500000, 0x0000000100000000)
  eden space 12800K, 0% used [0x00000000d5580000,0x00000000d5580000,0x00000000d6200000)
  from space 1024K, 93% used [0x00000000d6400000,0x00000000d64f0000,0x00000000d6500000)
  to   space 1536K, 0% used [0x00000000d6200000,0x00000000d6200000,0x00000000d6380000)
 ParOldGen       total 68608K, used 66200K [0x0000000080000000, 0x0000000084300000, 0x00000000d5580000)
  object space 68608K, 96% used [0x0000000080000000,0x00000000840a63b0,0x0000000084300000)
 Metaspace       used 57222K, committed 58624K, reserved 1114112K
  class space    used 6152K, committed 6720K, reserved 1048576K
}
Event: 10.403 GC heap before
{Heap before GC invocations=47 (full 2):
 PSYoungGen      total 13824K, used 13759K [0x00000000d5580000, 0x00000000d6500000, 0x0000000100000000)
  eden space 12800K, 99% used [0x00000000d5580000,0x00000000d61ffff8,0x00000000d6200000)
  from space 1024K, 93% used [0x00000000d6400000,0x00000000d64f0000,0x00000000d6500000)
  to   space 1536K, 0% used [0x00000000d6200000,0x00000000d6200000,0x00000000d6380000)
 ParOldGen       total 68608K, used 66200K [0x0000000080000000, 0x0000000084300000, 0x00000000d5580000)
  object space 68608K, 96% used [0x0000000080000000,0x00000000840a63b0,0x0000000084300000)
 Metaspace       used 57589K, committed 59008K, reserved 1114112K
  class space    used 6203K, committed 6784K, reserved 1048576K
}
Event: 10.405 GC heap after
{Heap after GC invocations=47 (full 2):
 PSYoungGen      total 14336K, used 1536K [0x00000000d5580000, 0x00000000d6600000, 0x0000000100000000)
  eden space 12800K, 0% used [0x00000000d5580000,0x00000000d5580000,0x00000000d6200000)
  from space 1536K, 100% used [0x00000000d6200000,0x00000000d6380000,0x00000000d6380000)
  to   space 2048K, 0% used [0x00000000d6400000,0x00000000d6400000,0x00000000d6600000)
 ParOldGen       total 68608K, used 66972K [0x0000000080000000, 0x0000000084300000, 0x00000000d5580000)
  object space 68608K, 97% used [0x0000000080000000,0x00000000841673c0,0x0000000084300000)
 Metaspace       used 57589K, committed 59008K, reserved 1114112K
  class space    used 6203K, committed 6784K, reserved 1048576K
}
Event: 10.486 GC heap before
{Heap before GC invocations=48 (full 2):
 PSYoungGen      total 14336K, used 14336K [0x00000000d5580000, 0x00000000d6600000, 0x0000000100000000)
  eden space 12800K, 100% used [0x00000000d5580000,0x00000000d6200000,0x00000000d6200000)
  from space 1536K, 100% used [0x00000000d6200000,0x00000000d6380000,0x00000000d6380000)
  to   space 2048K, 0% used [0x00000000d6400000,0x00000000d6400000,0x00000000d6600000)
 ParOldGen       total 68608K, used 66972K [0x0000000080000000, 0x0000000084300000, 0x00000000d5580000)
  object space 68608K, 97% used [0x0000000080000000,0x00000000841673c0,0x0000000084300000)
 Metaspace       used 57664K, committed 59072K, reserved 1114112K
  class space    used 6205K, committed 6784K, reserved 1048576K
}
Event: 10.488 GC heap after
{Heap after GC invocations=48 (full 2):
 PSYoungGen      total 14848K, used 1600K [0x00000000d5580000, 0x00000000d6600000, 0x0000000100000000)
  eden space 12800K, 0% used [0x00000000d5580000,0x00000000d5580000,0x00000000d6200000)
  from space 2048K, 78% used [0x00000000d6400000,0x00000000d6590000,0x00000000d6600000)
  to   space 2048K, 0% used [0x00000000d6200000,0x00000000d6200000,0x00000000d6400000)
 ParOldGen       total 68608K, used 68276K [0x0000000080000000, 0x0000000084300000, 0x00000000d5580000)
  object space 68608K, 99% used [0x0000000080000000,0x00000000842ad0d0,0x0000000084300000)
 Metaspace       used 57664K, committed 59072K, reserved 1114112K
  class space    used 6205K, committed 6784K, reserved 1048576K
}
Event: 10.609 GC heap before
{Heap before GC invocations=49 (full 2):
 PSYoungGen      total 14848K, used 14400K [0x00000000d5580000, 0x00000000d6600000, 0x0000000100000000)
  eden space 12800K, 100% used [0x00000000d5580000,0x00000000d6200000,0x00000000d6200000)
  from space 2048K, 78% used [0x00000000d6400000,0x00000000d6590000,0x00000000d6600000)
  to   space 2048K, 0% used [0x00000000d6200000,0x00000000d6200000,0x00000000d6400000)
 ParOldGen       total 68608K, used 68276K [0x0000000080000000, 0x0000000084300000, 0x00000000d5580000)
  object space 68608K, 99% used [0x0000000080000000,0x00000000842ad0d0,0x0000000084300000)
 Metaspace       used 57783K, committed 59136K, reserved 1114112K
  class space    used 6205K, committed 6784K, reserved 1048576K
}
Event: 10.612 GC heap after
{Heap after GC invocations=49 (full 2):
 PSYoungGen      total 13824K, used 1008K [0x00000000d5580000, 0x00000000d6500000, 0x0000000100000000)
  eden space 12800K, 0% used [0x00000000d5580000,0x00000000d5580000,0x00000000d6200000)
  from space 1024K, 98% used [0x00000000d6200000,0x00000000d62fc020,0x00000000d6300000)
  to   space 1536K, 0% used [0x00000000d6380000,0x00000000d6380000,0x00000000d6500000)
 ParOldGen       total 70144K, used 69660K [0x0000000080000000, 0x0000000084480000, 0x00000000d5580000)
  object space 70144K, 99% used [0x0000000080000000,0x00000000844070d0,0x0000000084480000)
 Metaspace       used 57783K, committed 59136K, reserved 1114112K
  class space    used 6205K, committed 6784K, reserved 1048576K
}
Event: 10.688 GC heap before
{Heap before GC invocations=50 (full 2):
 PSYoungGen      total 13824K, used 13808K [0x00000000d5580000, 0x00000000d6500000, 0x0000000100000000)
  eden space 12800K, 100% used [0x00000000d5580000,0x00000000d6200000,0x00000000d6200000)
  from space 1024K, 98% used [0x00000000d6200000,0x00000000d62fc020,0x00000000d6300000)
  to   space 1536K, 0% used [0x00000000d6380000,0x00000000d6380000,0x00000000d6500000)
 ParOldGen       total 70144K, used 69660K [0x0000000080000000, 0x0000000084480000, 0x00000000d5580000)
  object space 70144K, 99% used [0x0000000080000000,0x00000000844070d0,0x0000000084480000)
 Metaspace       used 57879K, committed 59264K, reserved 1114112K
  class space    used 6205K, committed 6784K, reserved 1048576K
}
Event: 10.690 GC heap after
{Heap after GC invocations=50 (full 2):
 PSYoungGen      total 13824K, used 672K [0x00000000d5580000, 0x00000000d6480000, 0x0000000100000000)
  eden space 12800K, 0% used [0x00000000d5580000,0x00000000d5580000,0x00000000d6200000)
  from space 1024K, 65% used [0x00000000d6380000,0x00000000d6428000,0x00000000d6480000)
  to   space 1024K, 0% used [0x00000000d6200000,0x00000000d6200000,0x00000000d6300000)
 ParOldGen       total 70656K, used 70464K [0x0000000080000000, 0x0000000084500000, 0x00000000d5580000)
  object space 70656K, 99% used [0x0000000080000000,0x00000000844d01e8,0x0000000084500000)
 Metaspace       used 57879K, committed 59264K, reserved 1114112K
  class space    used 6205K, committed 6784K, reserved 1048576K
}
Event: 10.748 GC heap before
{Heap before GC invocations=51 (full 2):
 PSYoungGen      total 13824K, used 13472K [0x00000000d5580000, 0x00000000d6480000, 0x0000000100000000)
  eden space 12800K, 100% used [0x00000000d5580000,0x00000000d6200000,0x00000000d6200000)
  from space 1024K, 65% used [0x00000000d6380000,0x00000000d6428000,0x00000000d6480000)
  to   space 1024K, 0% used [0x00000000d6200000,0x00000000d6200000,0x00000000d6300000)
 ParOldGen       total 70656K, used 70464K [0x0000000080000000, 0x0000000084500000, 0x00000000d5580000)
  object space 70656K, 99% used [0x0000000080000000,0x00000000844d01e8,0x0000000084500000)
 Metaspace       used 57934K, committed 59328K, reserved 1114112K
  class space    used 6205K, committed 6784K, reserved 1048576K
}
Event: 10.751 GC heap after
{Heap after GC invocations=51 (full 2):
 PSYoungGen      total 13824K, used 992K [0x00000000d5580000, 0x00000000d6600000, 0x0000000100000000)
  eden space 12800K, 0% used [0x00000000d5580000,0x00000000d5580000,0x00000000d6200000)
  from space 1024K, 96% used [0x00000000d6200000,0x00000000d62f8010,0x00000000d6300000)
  to   space 2048K, 0% used [0x00000000d6400000,0x00000000d6400000,0x00000000d6600000)
 ParOldGen       total 71168K, used 70968K [0x0000000080000000, 0x0000000084580000, 0x00000000d5580000)
  object space 71168K, 99% used [0x0000000080000000,0x000000008454e1e8,0x0000000084580000)
 Metaspace       used 57934K, committed 59328K, reserved 1114112K
  class space    used 6205K, committed 6784K, reserved 1048576K
}
Event: 10.826 GC heap before
{Heap before GC invocations=52 (full 2):
 PSYoungGen      total 13824K, used 13792K [0x00000000d5580000, 0x00000000d6600000, 0x0000000100000000)
  eden space 12800K, 100% used [0x00000000d5580000,0x00000000d6200000,0x00000000d6200000)
  from space 1024K, 96% used [0x00000000d6200000,0x00000000d62f8010,0x00000000d6300000)
  to   space 2048K, 0% used [0x00000000d6400000,0x00000000d6400000,0x00000000d6600000)
 ParOldGen       total 71168K, used 70968K [0x0000000080000000, 0x0000000084580000, 0x00000000d5580000)
  object space 71168K, 99% used [0x0000000080000000,0x000000008454e1e8,0x0000000084580000)
 Metaspace       used 58010K, committed 59392K, reserved 1114112K
  class space    used 6205K, committed 6784K, reserved 1048576K
}
Event: 10.828 GC heap after
{Heap after GC invocations=52 (full 2):
 PSYoungGen      total 13824K, used 960K [0x00000000d5580000, 0x00000000d6500000, 0x0000000100000000)
  eden space 12800K, 0% used [0x00000000d5580000,0x00000000d5580000,0x00000000d6200000)
  from space 1024K, 93% used [0x00000000d6400000,0x00000000d64f0020,0x00000000d6500000)
  to   space 1536K, 0% used [0x00000000d6200000,0x00000000d6200000,0x00000000d6380000)
 ParOldGen       total 71680K, used 71560K [0x0000000080000000, 0x0000000084600000, 0x00000000d5580000)
  object space 71680K, 99% used [0x0000000080000000,0x00000000845e21e8,0x0000000084600000)
 Metaspace       used 58010K, committed 59392K, reserved 1114112K
  class space    used 6205K, committed 6784K, reserved 1048576K
}
Event: 10.896 GC heap before
{Heap before GC invocations=53 (full 2):
 PSYoungGen      total 13824K, used 13760K [0x00000000d5580000, 0x00000000d6500000, 0x0000000100000000)
  eden space 12800K, 100% used [0x00000000d5580000,0x00000000d6200000,0x00000000d6200000)
  from space 1024K, 93% used [0x00000000d6400000,0x00000000d64f0020,0x00000000d6500000)
  to   space 1536K, 0% used [0x00000000d6200000,0x00000000d6200000,0x00000000d6380000)
 ParOldGen       total 71680K, used 71560K [0x0000000080000000, 0x0000000084600000, 0x00000000d5580000)
  object space 71680K, 99% used [0x0000000080000000,0x00000000845e21e8,0x0000000084600000)
 Metaspace       used 58056K, committed 59456K, reserved 1114112K
  class space    used 6206K, committed 6784K, reserved 1048576K
}
Event: 10.898 GC heap after
{Heap after GC invocations=53 (full 2):
 PSYoungGen      total 14336K, used 960K [0x00000000d5580000, 0x00000000d6480000, 0x0000000100000000)
  eden space 12800K, 0% used [0x00000000d5580000,0x00000000d5580000,0x00000000d6200000)
  from space 1536K, 62% used [0x00000000d6200000,0x00000000d62f0000,0x00000000d6380000)
  to   space 1024K, 0% used [0x00000000d6380000,0x00000000d6380000,0x00000000d6480000)
 ParOldGen       total 72704K, used 72256K [0x0000000080000000, 0x0000000084700000, 0x00000000d5580000)
  object space 72704K, 99% used [0x0000000080000000,0x00000000846901e8,0x0000000084700000)
 Metaspace       used 58056K, committed 59456K, reserved 1114112K
  class space    used 6206K, committed 6784K, reserved 1048576K
}
Event: 11.119 GC heap before
{Heap before GC invocations=54 (full 2):
 PSYoungGen      total 14336K, used 13287K [0x00000000d5580000, 0x00000000d6480000, 0x0000000100000000)
  eden space 12800K, 96% used [0x00000000d5580000,0x00000000d6189cf8,0x00000000d6200000)
  from space 1536K, 62% used [0x00000000d6200000,0x00000000d62f0000,0x00000000d6380000)
  to   space 1024K, 0% used [0x00000000d6380000,0x00000000d6380000,0x00000000d6480000)
 ParOldGen       total 72704K, used 72256K [0x0000000080000000, 0x0000000084700000, 0x00000000d5580000)
  object space 72704K, 99% used [0x0000000080000000,0x00000000846901e8,0x0000000084700000)
 Metaspace       used 58394K, committed 59776K, reserved 1114112K
  class space    used 6230K, committed 6848K, reserved 1048576K
}
Event: 11.121 GC heap after
{Heap after GC invocations=54 (full 2):
 PSYoungGen      total 13824K, used 743K [0x00000000d5580000, 0x00000000d6480000, 0x0000000100000000)
  eden space 12800K, 0% used [0x00000000d5580000,0x00000000d5580000,0x00000000d6200000)
  from space 1024K, 72% used [0x00000000d6380000,0x00000000d6439d00,0x00000000d6480000)
  to   space 1024K, 0% used [0x00000000d6280000,0x00000000d6280000,0x00000000d6380000)
 ParOldGen       total 73216K, used 73048K [0x0000000080000000, 0x0000000084780000, 0x00000000d5580000)
  object space 73216K, 99% used [0x0000000080000000,0x00000000847561e8,0x0000000084780000)
 Metaspace       used 58394K, committed 59776K, reserved 1114112K
  class space    used 6230K, committed 6848K, reserved 1048576K
}
Event: 11.121 GC heap before
{Heap before GC invocations=55 (full 3):
 PSYoungGen      total 13824K, used 743K [0x00000000d5580000, 0x00000000d6480000, 0x0000000100000000)
  eden space 12800K, 0% used [0x00000000d5580000,0x00000000d5580000,0x00000000d6200000)
  from space 1024K, 72% used [0x00000000d6380000,0x00000000d6439d00,0x00000000d6480000)
  to   space 1024K, 0% used [0x00000000d6280000,0x00000000d6280000,0x00000000d6380000)
 ParOldGen       total 73216K, used 73048K [0x0000000080000000, 0x0000000084780000, 0x00000000d5580000)
  object space 73216K, 99% used [0x0000000080000000,0x00000000847561e8,0x0000000084780000)
 Metaspace       used 58394K, committed 59776K, reserved 1114112K
  class space    used 6230K, committed 6848K, reserved 1048576K
}
Event: 11.221 GC heap after
{Heap after GC invocations=55 (full 3):
 PSYoungGen      total 13824K, used 0K [0x00000000d5580000, 0x00000000d6480000, 0x0000000100000000)
  eden space 12800K, 0% used [0x00000000d5580000,0x00000000d5580000,0x00000000d6200000)
  from space 1024K, 0% used [0x00000000d6380000,0x00000000d6380000,0x00000000d6480000)
  to   space 1024K, 0% used [0x00000000d6280000,0x00000000d6280000,0x00000000d6380000)
 ParOldGen       total 73216K, used 51235K [0x0000000080000000, 0x0000000084780000, 0x00000000d5580000)
  object space 73216K, 69% used [0x0000000080000000,0x0000000083208cd8,0x0000000084780000)
 Metaspace       used 58388K, committed 59776K, reserved 1114112K
  class space    used 6228K, committed 6848K, reserved 1048576K
}

Dll operation events (10 events):
Event: 0.012 Loaded shared library c:\Users\acer\.vscode\extensions\redhat.java-1.54.0-win32-x64\jre\21.0.10-win32-x86_64\bin\java.dll
Event: 0.076 Loaded shared library c:\Users\acer\.vscode\extensions\redhat.java-1.54.0-win32-x64\jre\21.0.10-win32-x86_64\bin\zip.dll
Event: 0.097 Loaded shared library C:\Users\acer\.vscode\extensions\redhat.java-1.54.0-win32-x64\jre\21.0.10-win32-x86_64\bin\instrument.dll
Event: 0.102 Loaded shared library C:\Users\acer\.vscode\extensions\redhat.java-1.54.0-win32-x64\jre\21.0.10-win32-x86_64\bin\net.dll
Event: 0.104 Loaded shared library C:\Users\acer\.vscode\extensions\redhat.java-1.54.0-win32-x64\jre\21.0.10-win32-x86_64\bin\nio.dll
Event: 0.107 Loaded shared library C:\Users\acer\.vscode\extensions\redhat.java-1.54.0-win32-x64\jre\21.0.10-win32-x86_64\bin\zip.dll
Event: 0.122 Loaded shared library C:\Users\acer\.vscode\extensions\redhat.java-1.54.0-win32-x64\jre\21.0.10-win32-x86_64\bin\jimage.dll
Event: 0.189 Loaded shared library c:\Users\acer\.vscode\extensions\redhat.java-1.54.0-win32-x64\jre\21.0.10-win32-x86_64\bin\verify.dll
Event: 1.221 Loaded shared library C:\Users\acer\AppData\Roaming\Code\User\globalStorage\redhat.java\1.54.0\config_win\org.eclipse.equinox.launcher\org.eclipse.equinox.launcher.win32.win32.x86_64_1.3.0.v20260203-2149\eclipse_11919.dll
Event: 4.362 Loaded shared library C:\Users\acer\AppData\Local\Temp\jna-2988111\jna2969531137442078915.dll

Deoptimization events (20 events):
Event: 11.093 Thread 0x0000020b8fb090a0 DEOPT PACKING pc=0x0000020b3c550e34 sp=0x0000003b0d2fe930
Event: 11.093 Thread 0x0000020b8fb090a0 DEOPT UNPACKING pc=0x0000020b3bb83aa2 sp=0x0000003b0d2fe898 mode 2
Event: 11.264 Thread 0x0000020b8fb090a0 Uncommon trap: trap_request=0xffffffde fr.pc=0x0000020b3c544d34 relative=0x0000000000000454
Event: 11.264 Thread 0x0000020b8fb090a0 Uncommon trap: reason=class_check action=maybe_recompile pc=0x0000020b3c544d34 method=org.eclipse.sisu.inject.LazyBeanEntry.getValue()Ljava/lang/Object; @ 4 c2
Event: 11.265 Thread 0x0000020b8fb090a0 DEOPT PACKING pc=0x0000020b3c544d34 sp=0x0000003b0d2fc960
Event: 11.265 Thread 0x0000020b8fb090a0 DEOPT UNPACKING pc=0x0000020b3bb83aa2 sp=0x0000003b0d2fc940 mode 2
Event: 11.265 Thread 0x0000020b8fb090a0 Uncommon trap: trap_request=0xffffffde fr.pc=0x0000020b3c550e34 relative=0x00000000000000f4
Event: 11.265 Thread 0x0000020b8fb090a0 Uncommon trap: reason=class_check action=maybe_recompile pc=0x0000020b3c550e34 method=com.google.inject.internal.FactoryProxy.get(Lcom/google/inject/internal/InternalContext;Lcom/google/inject/spi/Dependency;Z)Ljava/lang/Object; @ 13 c2
Event: 11.265 Thread 0x0000020b8fb090a0 DEOPT PACKING pc=0x0000020b3c550e34 sp=0x0000003b0d2fbe60
Event: 11.265 Thread 0x0000020b8fb090a0 DEOPT UNPACKING pc=0x0000020b3bb83aa2 sp=0x0000003b0d2fbdc8 mode 2
Event: 11.268 Thread 0x0000020b8fb090a0 Uncommon trap: trap_request=0xffffffde fr.pc=0x0000020b3c544d34 relative=0x0000000000000454
Event: 11.268 Thread 0x0000020b8fb090a0 Uncommon trap: reason=class_check action=maybe_recompile pc=0x0000020b3c544d34 method=org.eclipse.sisu.inject.LazyBeanEntry.getValue()Ljava/lang/Object; @ 4 c2
Event: 11.268 Thread 0x0000020b8fb090a0 DEOPT PACKING pc=0x0000020b3c544d34 sp=0x0000003b0d2fc960
Event: 11.268 Thread 0x0000020b8fb090a0 DEOPT UNPACKING pc=0x0000020b3bb83aa2 sp=0x0000003b0d2fc940 mode 2
Event: 11.268 Thread 0x0000020b8fb090a0 Uncommon trap: trap_request=0xffffffde fr.pc=0x0000020b3c550e34 relative=0x00000000000000f4
Event: 11.268 Thread 0x0000020b8fb090a0 Uncommon trap: reason=class_check action=maybe_recompile pc=0x0000020b3c550e34 method=com.google.inject.internal.FactoryProxy.get(Lcom/google/inject/internal/InternalContext;Lcom/google/inject/spi/Dependency;Z)Ljava/lang/Object; @ 13 c2
Event: 11.268 Thread 0x0000020b8fb090a0 DEOPT PACKING pc=0x0000020b3c550e34 sp=0x0000003b0d2fc840
Event: 11.268 Thread 0x0000020b8fb090a0 DEOPT UNPACKING pc=0x0000020b3bb83aa2 sp=0x0000003b0d2fc7a8 mode 2
Event: 11.292 Thread 0x0000020b8fb090a0 DEOPT PACKING pc=0x0000020b35651ac5 sp=0x0000003b0d2fd400
Event: 11.292 Thread 0x0000020b8fb090a0 DEOPT UNPACKING pc=0x0000020b3bb84242 sp=0x0000003b0d2fca18 mode 0

Classes loaded (20 events):
Event: 8.799 Loading class java/util/WeakHashMap$KeyIterator
Event: 8.799 Loading class java/util/WeakHashMap$KeyIterator done
Event: 8.843 Loading class java/util/Hashtable$ValueCollection
Event: 8.843 Loading class java/util/Hashtable$ValueCollection done
Event: 8.846 Loading class java/util/concurrent/ConcurrentHashMap$KeySpliterator
Event: 8.846 Loading class java/util/concurrent/ConcurrentHashMap$KeySpliterator done
Event: 8.854 Loading class sun/nio/ch/ChannelOutputStream
Event: 8.854 Loading class sun/nio/ch/ChannelOutputStream done
Event: 9.028 Loading class java/util/stream/ReferencePipeline$4
Event: 9.028 Loading class java/util/stream/ReferencePipeline$4 done
Event: 9.030 Loading class java/util/stream/Nodes$IntFixedNodeBuilder
Event: 9.030 Loading class java/util/stream/Node$Builder$OfInt
Event: 9.030 Loading class java/util/stream/Node$Builder$OfInt done
Event: 9.030 Loading class java/util/stream/Nodes$IntArrayNode
Event: 9.031 Loading class java/util/stream/Nodes$IntArrayNode done
Event: 9.031 Loading class java/util/stream/Nodes$IntFixedNodeBuilder done
Event: 9.031 Loading class java/util/stream/ReferencePipeline$4$1
Event: 9.031 Loading class java/util/stream/ReferencePipeline$4$1 done
Event: 10.758 Loading class sun/nio/cs/ISO_8859_1$Decoder
Event: 10.759 Loading class sun/nio/cs/ISO_8859_1$Decoder done

Classes unloaded (10 events):
Event: 4.926 Thread 0x0000020b31352600 Unloading class 0x0000020b491a4800 'java/lang/invoke/LambdaForm$MH+0x0000020b491a4800'
Event: 4.926 Thread 0x0000020b31352600 Unloading class 0x0000020b491a4400 'java/lang/invoke/LambdaForm$MH+0x0000020b491a4400'
Event: 4.926 Thread 0x0000020b31352600 Unloading class 0x0000020b491a4000 'java/lang/invoke/LambdaForm$MH+0x0000020b491a4000'
Event: 4.926 Thread 0x0000020b31352600 Unloading class 0x0000020b491a3c00 'java/lang/invoke/LambdaForm$MH+0x0000020b491a3c00'
Event: 4.926 Thread 0x0000020b31352600 Unloading class 0x0000020b491a3800 'java/lang/invoke/LambdaForm$BMH+0x0000020b491a3800'
Event: 4.926 Thread 0x0000020b31352600 Unloading class 0x0000020b491a3400 'java/lang/invoke/LambdaForm$DMH+0x0000020b491a3400'
Event: 4.926 Thread 0x0000020b31352600 Unloading class 0x0000020b491a2000 'java/lang/invoke/LambdaForm$DMH+0x0000020b491a2000'
Event: 11.136 Thread 0x0000020b31352600 Unloading class 0x0000020b496a5000 'java/lang/invoke/LambdaForm$DMH+0x0000020b496a5000'
Event: 11.136 Thread 0x0000020b31352600 Unloading class 0x0000020b496a4400 'java/lang/invoke/LambdaForm$DMH+0x0000020b496a4400'
Event: 11.136 Thread 0x0000020b31352600 Unloading class 0x0000020b496a4c00 'java/lang/invoke/LambdaForm$DMH+0x0000020b496a4c00'

Classes redefined (0 events):
No events

Internal exceptions (20 events):
Event: 8.821 Thread 0x0000020b925cf430 Exception <a 'java/lang/NoSuchMethodError'{0x00000000d586fd60}: 'void java.lang.invoke.DirectMethodHandle$Holder.invokeStatic(java.lang.Object, int, java.lang.Object)'> (0x00000000d586fd60) 
thrown [s\src\hotspot\share\interpreter\linkResolver.cpp, line 773]
Event: 8.850 Thread 0x0000020b8fb090a0 Exception <a 'java/lang/NoSuchMethodError'{0x00000000d595e5a0}: 'java.lang.Object java.lang.invoke.DirectMethodHandle$Holder.newInvokeSpecial(java.lang.Object, java.lang.Object, int, int, java.lang.Object)'> (0x00000000d595e5a0) 
thrown [s\src\hotspot\share\interpreter\linkResolver.cpp, line 773]
Event: 9.072 Thread 0x0000020b925cf430 Exception <a 'java/lang/NoSuchMethodError'{0x00000000d6061260}: 'java.lang.Object java.lang.invoke.DirectMethodHandle$Holder.invokeStatic(java.lang.Object, java.lang.Object, int, java.lang.Object, java.lang.Object)'> (0x00000000d6061260) 
thrown [s\src\hotspot\share\interpreter\linkResolver.cpp, line 773]
Event: 9.176 Thread 0x0000020b8fb090a0 Exception <a 'sun/nio/fs/WindowsException'{0x00000000d5dce888}> (0x00000000d5dce888) 
thrown [s\src\hotspot\share\prims\jni.cpp, line 520]
Event: 9.177 Thread 0x0000020b925c91c0 Exception <a 'sun/nio/fs/WindowsException'{0x00000000d629a788}> (0x00000000d629a788) 
thrown [s\src\hotspot\share\prims\jni.cpp, line 520]
Event: 9.178 Thread 0x0000020b925ce080 Exception <a 'sun/nio/fs/WindowsException'{0x00000000d62a6260}> (0x00000000d62a6260) 
thrown [s\src\hotspot\share\prims\jni.cpp, line 520]
Event: 9.317 Thread 0x0000020b8fb090a0 Exception <a 'sun/nio/fs/WindowsException'{0x00000000d6088f10}> (0x00000000d6088f10) 
thrown [s\src\hotspot\share\prims\jni.cpp, line 520]
Event: 9.318 Thread 0x0000020b8fb090a0 Exception <a 'sun/nio/fs/WindowsException'{0x00000000d6089638}> (0x00000000d6089638) 
thrown [s\src\hotspot\share\prims\jni.cpp, line 520]
Event: 9.472 Thread 0x0000020b8fb090a0 Exception <a 'java/lang/NoSuchMethodError'{0x00000000d5a87b80}: 'void java.lang.invoke.DirectMethodHandle$Holder.invokeStatic(java.lang.Object, java.lang.Object, java.lang.Object, int)'> (0x00000000d5a87b80) 
thrown [s\src\hotspot\share\interpreter\linkResolver.cpp, line 773]
Event: 9.482 Thread 0x0000020b8fb090a0 Exception <a 'java/lang/NoSuchMethodError'{0x00000000d5ad7938}: 'void java.lang.invoke.DirectMethodHandle$Holder.invokeVirtual(java.lang.Object, java.lang.Object, int)'> (0x00000000d5ad7938) 
thrown [s\src\hotspot\share\interpreter\linkResolver.cpp, line 773]
Event: 10.333 Thread 0x0000020b8fb090a0 Exception <a 'java/lang/NoSuchMethodError'{0x00000000d5af6d80}: 'void java.lang.invoke.DirectMethodHandle$Holder.invokeInterface(java.lang.Object, java.lang.Object)'> (0x00000000d5af6d80) 
thrown [s\src\hotspot\share\interpreter\linkResolver.cpp, line 773]
Event: 10.409 Thread 0x0000020b9203ce50 Implicit null exception at 0x0000020b3c4f49f3 to 0x0000020b3c4f4ddc
Event: 11.092 Thread 0x0000020b8fb090a0 Exception <a 'java/lang/NoSuchMethodError'{0x00000000d6045ea8}: 'java.lang.Object java.lang.invoke.DirectMethodHandle$Holder.newInvokeSpecial(java.lang.Object, java.lang.Object, int, java.lang.Object, java.lang.Object)'> (0x00000000d6045ea8) 
thrown [s\src\hotspot\share\interpreter\linkResolver.cpp, line 773]
Event: 11.101 Thread 0x0000020b8fb090a0 Exception <a 'java/lang/NoSuchMethodError'{0x00000000d606d628}: 'java.lang.Object java.lang.invoke.DirectMethodHandle$Holder.invokeSpecial(java.lang.Object, java.lang.Object, java.lang.Object, int, java.lang.Object, java.lang.Object, java.lang.Object)'> (0x00000000d606d628) 
thrown [s\src\hotspot\share\interpreter\linkResolver.cpp, line 773]
Event: 11.245 Thread 0x0000020b8fb090a0 Exception <a 'java/lang/NoSuchMethodError'{0x00000000d5608190}: 'java.lang.Object java.lang.invoke.DirectMethodHandle$Holder.newInvokeSpecial(java.lang.Object, java.lang.Object, int)'> (0x00000000d5608190) 
thrown [s\src\hotspot\share\interpreter\linkResolver.cpp, line 773]
Event: 11.274 Thread 0x0000020b8fb090a0 Exception <a 'java/lang/NoSuchMethodError'{0x00000000d568ac90}: 'void java.lang.invoke.DirectMethodHandle$Holder.invokeStatic(java.lang.Object, int)'> (0x00000000d568ac90) 
thrown [s\src\hotspot\share\interpreter\linkResolver.cpp, line 773]
Event: 11.365 Thread 0x0000020b8fb090a0 Exception <a 'java/io/FileNotFoundException'{0x00000000d5ca1af8}> (0x00000000d5ca1af8) 
thrown [s\src\hotspot\share\prims\jni.cpp, line 520]
Event: 11.365 Thread 0x0000020b8fb090a0 Exception <a 'java/io/FileNotFoundException'{0x00000000d5ca2d88}> (0x00000000d5ca2d88) 
thrown [s\src\hotspot\share\prims\jni.cpp, line 520]
Event: 11.365 Thread 0x0000020b8fb090a0 Exception <a 'java/io/FileNotFoundException'{0x00000000d5ca3d70}> (0x00000000d5ca3d70) 
thrown [s\src\hotspot\share\prims\jni.cpp, line 520]
Event: 11.374 Thread 0x0000020b8fb090a0 Exception <a 'java/lang/NoSuchMethodError'{0x00000000d5cf9e78}: 'int java.lang.invoke.DirectMethodHandle$Holder.invokeSpecialIFC(java.lang.Object, java.lang.Object, java.lang.Object, java.lang.Object)'> (0x00000000d5cf9e78) 
thrown [s\src\hotspot\share\interpreter\linkResolver.cpp, line 773]

ZGC Phase Switch (0 events):
No events

VM Operations (20 events):
Event: 10.290 Executing safepoint VM operation: ParallelGCFailedAllocation (Allocation Failure) done
Event: 10.352 Executing non-safepoint VM operation: HandshakeAllThreads (Deoptimize)
Event: 10.353 Executing non-safepoint VM operation: HandshakeAllThreads (Deoptimize) done
Event: 10.388 Executing safepoint VM operation: ParallelGCFailedAllocation (Allocation Failure)
Event: 10.405 Executing safepoint VM operation: ParallelGCFailedAllocation (Allocation Failure) done
Event: 10.486 Executing safepoint VM operation: ParallelGCFailedAllocation (Allocation Failure)
Event: 10.488 Executing safepoint VM operation: ParallelGCFailedAllocation (Allocation Failure) done
Event: 10.609 Executing safepoint VM operation: ParallelGCFailedAllocation (Allocation Failure)
Event: 10.612 Executing safepoint VM operation: ParallelGCFailedAllocation (Allocation Failure) done
Event: 10.688 Executing safepoint VM operation: ParallelGCFailedAllocation (Allocation Failure)
Event: 10.690 Executing safepoint VM operation: ParallelGCFailedAllocation (Allocation Failure) done
Event: 10.748 Executing safepoint VM operation: ParallelGCFailedAllocation (Allocation Failure)
Event: 10.751 Executing safepoint VM operation: ParallelGCFailedAllocation (Allocation Failure) done
Event: 10.826 Executing safepoint VM operation: ParallelGCFailedAllocation (Allocation Failure)
Event: 10.828 Executing safepoint VM operation: ParallelGCFailedAllocation (Allocation Failure) done
Event: 10.896 Executing safepoint VM operation: ParallelGCFailedAllocation (Allocation Failure)
Event: 10.899 Executing safepoint VM operation: ParallelGCFailedAllocation (Allocation Failure) done
Event: 11.119 Executing safepoint VM operation: CollectForMetadataAllocation (Metadata GC Threshold)
Event: 11.221 Executing safepoint VM operation: CollectForMetadataAllocation (Metadata GC Threshold) done
Event: 12.226 Executing safepoint VM operation: Cleanup

Memory protections (0 events):
No events

Nmethod flushes (20 events):
Event: 11.164 Thread 0x0000020b31352600 flushing  nmethod 0x0000020b34ebec90
Event: 11.164 Thread 0x0000020b31352600 flushing  nmethod 0x0000020b34ed5b90
Event: 11.164 Thread 0x0000020b31352600 flushing  nmethod 0x0000020b34ed6110
Event: 11.164 Thread 0x0000020b31352600 flushing osr nmethod 0x0000020b34eec690
Event: 11.164 Thread 0x0000020b31352600 flushing  nmethod 0x0000020b34f08910
Event: 11.164 Thread 0x0000020b31352600 flushing  nmethod 0x0000020b34f14390
Event: 11.164 Thread 0x0000020b31352600 flushing  nmethod 0x0000020b34f14990
Event: 11.164 Thread 0x0000020b31352600 flushing  nmethod 0x0000020b34f15610
Event: 11.164 Thread 0x0000020b31352600 flushing  nmethod 0x0000020b34f16710
Event: 11.164 Thread 0x0000020b31352600 flushing  nmethod 0x0000020b34f25110
Event: 11.164 Thread 0x0000020b31352600 flushing  nmethod 0x0000020b34fb5a10
Event: 11.164 Thread 0x0000020b31352600 flushing  nmethod 0x0000020b34fb7310
Event: 11.164 Thread 0x0000020b31352600 flushing  nmethod 0x0000020b34fb8e10
Event: 11.164 Thread 0x0000020b31352600 flushing  nmethod 0x0000020b34fbee90
Event: 11.164 Thread 0x0000020b31352600 flushing  nmethod 0x0000020b34fc0210
Event: 11.164 Thread 0x0000020b31352600 flushing  nmethod 0x0000020b34fc0810
Event: 11.164 Thread 0x0000020b31352600 flushing  nmethod 0x0000020b34fc1990
Event: 11.164 Thread 0x0000020b31352600 flushing  nmethod 0x0000020b34fc2610
Event: 11.164 Thread 0x0000020b31352600 flushing  nmethod 0x0000020b34fc2b90
Event: 11.164 Thread 0x0000020b31352600 flushing  nmethod 0x0000020b34fc4910

Events (20 events):
Event: 7.354 Thread 0x0000020b8fb090a0 Thread added: 0x0000020b925cd360
Event: 7.354 Thread 0x0000020b925cc640 Thread added: 0x0000020b925cb920
Event: 7.354 Thread 0x0000020b925ce710 Thread added: 0x0000020b925ceda0
Event: 8.746 Thread 0x0000020b8fb090a0 Thread added: 0x0000020b925cf430
Event: 8.851 Thread 0x0000020b8fb090a0 Thread added: 0x0000020b925cd9f0
Event: 8.928 Thread 0x0000020b8fb090a0 Thread added: 0x0000020b92035830
Event: 8.944 Thread 0x0000020b8fb090a0 Thread added: 0x0000020b92039340
Event: 8.967 Thread 0x0000020b8fb090a0 Thread added: 0x0000020b92037270
Event: 8.979 Thread 0x0000020b8fb090a0 Thread added: 0x0000020b92038620
Event: 9.005 Thread 0x0000020b8fb090a0 Thread added: 0x0000020b92036550
Event: 10.342 Thread 0x0000020b8fb090a0 Thread added: 0x0000020b92037f90
Event: 10.343 Thread 0x0000020b8fb090a0 Thread added: 0x0000020b92038cb0
Event: 10.344 Thread 0x0000020b8fb090a0 Thread added: 0x0000020b92035ec0
Event: 10.344 Thread 0x0000020b8fb090a0 Thread added: 0x0000020b9203a060
Event: 10.344 Thread 0x0000020b8fb090a0 Thread added: 0x0000020b9203ce50
Event: 10.938 Thread 0x0000020b92035ec0 Thread exited: 0x0000020b92035ec0
Event: 10.938 Thread 0x0000020b92038cb0 Thread exited: 0x0000020b92038cb0
Event: 10.938 Thread 0x0000020b92037f90 Thread exited: 0x0000020b92037f90
Event: 10.938 Thread 0x0000020b9203ce50 Thread exited: 0x0000020b9203ce50
Event: 10.939 Thread 0x0000020b9203a060 Thread exited: 0x0000020b9203a060


Dynamic libraries:
0x00007ff61af20000 - 0x00007ff61af2e000 	c:\Users\acer\.vscode\extensions\redhat.java-1.54.0-win32-x64\jre\21.0.10-win32-x86_64\bin\java.exe
0x00007ffd29640000 - 0x00007ffd298a7000 	C:\Windows\SYSTEM32\ntdll.dll
0x00007ffd27640000 - 0x00007ffd27709000 	C:\Windows\System32\KERNEL32.DLL
0x00007ffd26c40000 - 0x00007ffd27037000 	C:\Windows\System32\KERNELBASE.dll
0x00007ffd27040000 - 0x00007ffd2718b000 	C:\Windows\System32\ucrtbase.dll
0x00007ffd21850000 - 0x00007ffd2186e000 	c:\Users\acer\.vscode\extensions\redhat.java-1.54.0-win32-x64\jre\21.0.10-win32-x86_64\bin\VCRUNTIME140.dll
0x00007ffd1cf70000 - 0x00007ffd1cf88000 	c:\Users\acer\.vscode\extensions\redhat.java-1.54.0-win32-x64\jre\21.0.10-win32-x86_64\bin\jli.dll
0x00007ffd27ca0000 - 0x00007ffd27e66000 	C:\Windows\System32\USER32.dll
0x00007ffd15300000 - 0x00007ffd15592000 	C:\Windows\WinSxS\amd64_microsoft.windows.common-controls_6595b64144ccf1df_6.0.26100.8457_none_3e0b2faee331e92d\COMCTL32.dll
0x00007ffd26070000 - 0x00007ffd26097000 	C:\Windows\System32\win32u.dll
0x00007ffd27710000 - 0x00007ffd277b9000 	C:\Windows\System32\msvcrt.dll
0x00007ffd27fe0000 - 0x00007ffd2800b000 	C:\Windows\System32\GDI32.dll
0x00007ffd26130000 - 0x00007ffd2625c000 	C:\Windows\System32\gdi32full.dll
0x00007ffd26b90000 - 0x00007ffd26c33000 	C:\Windows\System32\msvcp_win.dll
0x00007ffd291a0000 - 0x00007ffd291d2000 	C:\Windows\System32\IMM32.DLL
0x00007ffd1cf60000 - 0x00007ffd1cf6c000 	c:\Users\acer\.vscode\extensions\redhat.java-1.54.0-win32-x64\jre\21.0.10-win32-x86_64\bin\vcruntime140_1.dll
0x00007ffce45b0000 - 0x00007ffce463d000 	c:\Users\acer\.vscode\extensions\redhat.java-1.54.0-win32-x64\jre\21.0.10-win32-x86_64\bin\msvcp140.dll
0x00007ffc57e60000 - 0x00007ffc58c01000 	c:\Users\acer\.vscode\extensions\redhat.java-1.54.0-win32-x64\jre\21.0.10-win32-x86_64\bin\server\jvm.dll
0x00007ffd28010000 - 0x00007ffd280c6000 	C:\Windows\System32\ADVAPI32.dll
0x00007ffd27e70000 - 0x00007ffd27f17000 	C:\Windows\System32\sechost.dll
0x00007ffd27520000 - 0x00007ffd27638000 	C:\Windows\System32\RPCRT4.dll
0x00007ffd28f70000 - 0x00007ffd28ff0000 	C:\Windows\System32\WS2_32.dll
0x00007ffd25d20000 - 0x00007ffd25d7e000 	C:\Windows\SYSTEM32\POWRPROF.dll
0x00007ffd20690000 - 0x00007ffd2069b000 	C:\Windows\SYSTEM32\VERSION.dll
0x00007ffd20650000 - 0x00007ffd20686000 	C:\Windows\SYSTEM32\WINMM.dll
0x00007ffd25d00000 - 0x00007ffd25d14000 	C:\Windows\SYSTEM32\UMPDC.dll
0x00007ffd24e00000 - 0x00007ffd24e1b000 	C:\Windows\SYSTEM32\kernel.appcore.dll
0x00007ffd1cf50000 - 0x00007ffd1cf5a000 	c:\Users\acer\.vscode\extensions\redhat.java-1.54.0-win32-x64\jre\21.0.10-win32-x86_64\bin\jimage.dll
0x00007ffd1ab60000 - 0x00007ffd1ada2000 	C:\Windows\SYSTEM32\DBGHELP.DLL
0x00007ffd277c0000 - 0x00007ffd27b43000 	C:\Windows\System32\combase.dll
0x00007ffd27bc0000 - 0x00007ffd27c99000 	C:\Windows\System32\OLEAUT32.dll
0x00007ffd12380000 - 0x00007ffd123bb000 	C:\Windows\SYSTEM32\dbgcore.DLL
0x00007ffd27190000 - 0x00007ffd27238000 	C:\Windows\System32\bcryptPrimitives.dll
0x00007ffd1cf40000 - 0x00007ffd1cf4f000 	c:\Users\acer\.vscode\extensions\redhat.java-1.54.0-win32-x64\jre\21.0.10-win32-x86_64\bin\instrument.dll
0x00007ffd1cf20000 - 0x00007ffd1cf40000 	c:\Users\acer\.vscode\extensions\redhat.java-1.54.0-win32-x64\jre\21.0.10-win32-x86_64\bin\java.dll
0x00007ffd287a0000 - 0x00007ffd28f0e000 	C:\Windows\System32\SHELL32.dll
0x00007ffd26260000 - 0x00007ffd26acc000 	C:\Windows\System32\windows.storage.dll
0x00007ffd280d0000 - 0x00007ffd281c6000 	C:\Windows\System32\SHCORE.dll
0x00007ffd27b50000 - 0x00007ffd27bb6000 	C:\Windows\System32\shlwapi.dll
0x00007ffd25f90000 - 0x00007ffd25fb9000 	C:\Windows\SYSTEM32\profapi.dll
0x00007ffce4590000 - 0x00007ffce45a8000 	c:\Users\acer\.vscode\extensions\redhat.java-1.54.0-win32-x64\jre\21.0.10-win32-x86_64\bin\zip.dll
0x00007ffd0df20000 - 0x00007ffd0df30000 	C:\Users\acer\.vscode\extensions\redhat.java-1.54.0-win32-x64\jre\21.0.10-win32-x86_64\bin\net.dll
0x00007ffd1d4d0000 - 0x00007ffd1d5f9000 	C:\Windows\SYSTEM32\WINHTTP.dll
0x00007ffd25370000 - 0x00007ffd253dc000 	C:\Windows\system32\mswsock.dll
0x00007ffce4570000 - 0x00007ffce4586000 	C:\Users\acer\.vscode\extensions\redhat.java-1.54.0-win32-x64\jre\21.0.10-win32-x86_64\bin\nio.dll
0x00007ffcebf50000 - 0x00007ffcebf60000 	c:\Users\acer\.vscode\extensions\redhat.java-1.54.0-win32-x64\jre\21.0.10-win32-x86_64\bin\verify.dll
0x00007ffce44d0000 - 0x00007ffce4515000 	C:\Users\acer\AppData\Roaming\Code\User\globalStorage\redhat.java\1.54.0\config_win\org.eclipse.equinox.launcher\org.eclipse.equinox.launcher.win32.win32.x86_64_1.3.0.v20260203-2149\eclipse_11919.dll
0x00007ffd29000000 - 0x00007ffd29197000 	C:\Windows\System32\ole32.dll
0x00007ffd25650000 - 0x00007ffd2566b000 	C:\Windows\SYSTEM32\CRYPTSP.dll
0x00007ffd24d60000 - 0x00007ffd24d99000 	C:\Windows\system32\rsaenh.dll
0x00007ffd25420000 - 0x00007ffd25453000 	C:\Windows\SYSTEM32\USERENV.dll
0x00007ffd25f60000 - 0x00007ffd25f8a000 	C:\Windows\SYSTEM32\bcrypt.dll
0x00007ffd25670000 - 0x00007ffd2567c000 	C:\Windows\SYSTEM32\CRYPTBASE.dll
0x00007ffd247f0000 - 0x00007ffd24822000 	C:\Windows\SYSTEM32\IPHLPAPI.DLL
0x00007ffd27400000 - 0x00007ffd2740a000 	C:\Windows\System32\NSI.dll
0x00007ffd19f60000 - 0x00007ffd19fa9000 	C:\Users\acer\AppData\Local\Temp\jna-2988111\jna2969531137442078915.dll
0x00007ffd273f0000 - 0x00007ffd273f8000 	C:\Windows\System32\PSAPI.DLL
0x00007ffd206a0000 - 0x00007ffd206bd000 	C:\Windows\SYSTEM32\dhcpcsvc6.DLL
0x00007ffd20620000 - 0x00007ffd20645000 	C:\Windows\SYSTEM32\dhcpcsvc.DLL

JVMTI agents:
c:\Users\acer\.vscode\extensions\redhat.java-1.54.0-win32-x64\lombok\lombok-1.18.39-4050.jar path:c:\Users\acer\.vscode\extensions\redhat.java-1.54.0-win32-x64\jre\21.0.10-win32-x86_64\bin\instrument.dll, loaded, initialized, instrumentlib options:none

dbghelp: loaded successfully - version: 4.0.5 - missing functions: none
symbol engine: initialized successfully - sym options: 0x614 - pdb path: .;c:\Users\acer\.vscode\extensions\redhat.java-1.54.0-win32-x64\jre\21.0.10-win32-x86_64\bin;C:\Windows\SYSTEM32;C:\Windows\WinSxS\amd64_microsoft.windows.common-controls_6595b64144ccf1df_6.0.26100.8457_none_3e0b2faee331e92d;c:\Users\acer\.vscode\extensions\redhat.java-1.54.0-win32-x64\jre\21.0.10-win32-x86_64\bin\server;C:\Users\acer\AppData\Roaming\Code\User\globalStorage\redhat.java\1.54.0\config_win\org.eclipse.equinox.launcher\org.eclipse.equinox.launcher.win32.win32.x86_64_1.3.0.v20260203-2149;C:\Users\acer\AppData\Local\Temp\jna-2988111

VM Arguments:
jvm_args: --add-modules=ALL-SYSTEM --add-opens=java.base/java.util=ALL-UNNAMED --add-opens=java.base/java.lang=ALL-UNNAMED --add-opens=java.base/sun.nio.fs=ALL-UNNAMED -Declipse.application=org.eclipse.jdt.ls.core.id1 -Dosgi.bundles.defaultStartLevel=4 -Declipse.product=org.eclipse.jdt.ls.core.product -Djava.import.generatesMetadataFilesAtProjectRoot=false -DDetectVMInstallationsJob.disabled=true -Dfile.encoding=utf8 -XX:+UseParallelGC -XX:GCTimeRatio=4 -XX:AdaptiveSizePolicyWeight=90 -Dsun.zip.disableMemoryMapping=true -Xmx2G -Xms100m -Xlog:disable -javaagent:c:\Users\acer\.vscode\extensions\redhat.java-1.54.0-win32-x64\lombok\lombok-1.18.39-4050.jar -XX:+HeapDumpOnOutOfMemoryError -XX:HeapDumpPath=c:\Users\acer\AppData\Roaming\Code\User\workspaceStorage\bf86a25aabd705ff7bd7445d23a2ae5a\redhat.java -Daether.dependencyCollector.impl=bf 
java_command: c:\Users\acer\.vscode\extensions\redhat.java-1.54.0-win32-x64\server\plugins\org.eclipse.equinox.launcher_1.7.100.v20251111-0406.jar -configuration c:\Users\acer\AppData\Roaming\Code\User\globalStorage\redhat.java\1.54.0\config_win -data c:\Users\acer\AppData\Roaming\Code\User\workspaceStorage\bf86a25aabd705ff7bd7445d23a2ae5a\redhat.java\jdt_ws --pipe=\\.\pipe\lsp-b08bc753581b1caa7cf40c73ceb426d3-sock
java_class_path (initial): c:\Users\acer\.vscode\extensions\redhat.java-1.54.0-win32-x64\server\plugins\org.eclipse.equinox.launcher_1.7.100.v20251111-0406.jar
Launcher Type: SUN_STANDARD

[Global flags]
    uintx AdaptiveSizePolicyWeight                 = 90                                        {product} {command line}
     intx CICompilerCount                          = 4                                         {product} {ergonomic}
    uintx GCTimeRatio                              = 4                                         {product} {command line}
     bool HeapDumpOnOutOfMemoryError               = true                                   {manageable} {command line}
    ccstr HeapDumpPath                             = c:\Users\acer\AppData\Roaming\Code\User\workspaceStorage\bf86a25aabd705ff7bd7445d23a2ae5a\redhat.java         {manageable} {command line}
   size_t InitialHeapSize                          = 104857600                                 {product} {command line}
   size_t MaxHeapSize                              = 2147483648                                {product} {command line}
   size_t MaxNewSize                               = 715653120                                 {product} {ergonomic}
   size_t MinHeapDeltaBytes                        = 524288                                    {product} {ergonomic}
   size_t MinHeapSize                              = 104857600                                 {product} {command line}
   size_t NewSize                                  = 34603008                                  {product} {ergonomic}
    uintx NonNMethodCodeHeapSize                   = 5839372                                {pd product} {ergonomic}
    uintx NonProfiledCodeHeapSize                  = 122909434                              {pd product} {ergonomic}
   size_t OldSize                                  = 70254592                                  {product} {ergonomic}
    uintx ProfiledCodeHeapSize                     = 122909434                              {pd product} {ergonomic}
    uintx ReservedCodeCacheSize                    = 251658240                              {pd product} {ergonomic}
     bool SegmentedCodeCache                       = true                                      {product} {ergonomic}
   size_t SoftMaxHeapSize                          = 2147483648                             {manageable} {ergonomic}
     bool UseCompressedOops                        = true                           {product lp64_product} {ergonomic}
     bool UseLargePagesIndividualAllocation        = false                                  {pd product} {ergonomic}
     bool UseParallelGC                            = true                                      {product} {command line}

Logging:
Log output configuration:
 #0: stdout all=off uptime,level,tags foldmultilines=false
 #1: stderr all=off uptime,level,tags foldmultilines=false

Release file:
JAVA_VERSION="21.0.10" 
MODULES="java.base java.compiler java.datatransfer java.xml java.prefs java.desktop java.instrument java.logging java.management java.security.sasl java.naming java.rmi java.management.rmi java.net.http java.scripting java.security.jgss java.transaction.xa java.sql java.sql.rowset java.xml.crypto java.se java.smartcardio jdk.accessibility jdk.internal.jvmstat jdk.attach jdk.charsets jdk.internal.opt jdk.zipfs jdk.compiler jdk.crypto.ec jdk.crypto.cryptoki jdk.crypto.mscapi jdk.dynalink jdk.internal.ed jdk.editpad jdk.hotspot.agent jdk.httpserver jdk.internal.le jdk.internal.vm.ci jdk.internal.vm.compiler jdk.internal.vm.compiler.management jdk.jartool jdk.javadoc jdk.jcmd jdk.management jdk.management.agent jdk.jconsole jdk.jdeps jdk.jdwp.agent jdk.jdi jdk.jfr jdk.jshell jdk.jsobject jdk.jstatd jdk.localedata jdk.management.jfr jdk.naming.dns jdk.naming.rmi jdk.net jdk.nio.mapmode jdk.random jdk.sctp jdk.security.auth jdk.security.jgss jdk.unsupported jdk.unsupported.desktop jdk.xml.dom" 

Environment Variables:
PATH=C:\Program Files\Eclipse Adoptium\jdk-17.0.19.10-hotspot\bin;C:\Program Files (x86)\Common Files\Oracle\Java\java8path;C:\Program Files (x86)\Common Files\Oracle\Java\javapath;C:\Windows\system32;C:\Windows;C:\Windows\System32\Wbem;C:\Windows\System32\WindowsPowerShell\v1.0\;C:\Windows\System32\OpenSSH\;C:\Program Files\Git\cmd;C:\Users\acer\Desktop\apache-maven-3.9.16\bin;C:\Users\acer\AppData\Local\Programs\Eclipse Adoptium\jdk-21.0.11.10-hotspot\bin;C:\Users\acer\.local\bin;C:\Users\acer\AppData\Local\Microsoft\WindowsApps;C:\Users\acer\AppData\Local\Programs\Microsoft VS Code\bin
USERNAME=acer
OS=Windows_NT
PROCESSOR_IDENTIFIER=AMD64 Family 23 Model 160 Stepping 0, AuthenticAMD
TMP=C:\Users\acer\AppData\Local\Temp
TEMP=C:\Users\acer\AppData\Local\Temp




Periodic native trim disabled

---------------  S Y S T E M  ---------------

OS:
 Windows 11 , 64 bit Build 26100 (10.0.26100.8328)
OS uptime: 22 days 17:25 hours
Hyper-V role detected

CPU: total 8 (initial active 8) (8 cores per cpu, 2 threads per core) family 23 model 160 stepping 0 microcode 0x8a00006, cx8, cmov, fxsr, ht, mmx, 3dnowpref, sse, sse2, sse3, ssse3, sse4a, sse4.1, sse4.2, popcnt, lzcnt, tsc, tscinvbit, avx, avx2, aes, clmul, bmi1, bmi2, adx, sha, fma, vzeroupper, clflush, clflushopt, hv, rdtscp, rdpid, f16c
Processor Information for the first 8 processors :
  Max Mhz: 2401, Current Mhz: 2401, Mhz Limit: 2401

Memory: 4k page, system-wide physical 7480M (852M free)
TotalPageFile size 25011M (AvailPageFile size 8M)
current process WorkingSet (physical memory assigned to process): 297M, peak: 302M
current process commit charge ("private bytes"): 368M, peak: 380M

vm_info: OpenJDK 64-Bit Server VM (21.0.10+7-LTS) for windows-amd64 JRE (21.0.10+7-LTS), built on 2026-01-20T00:00:00Z by "admin" with MS VC++ 17.12 (VS2022)

END.
