#
# There is insufficient memory for the Java Runtime Environment to continue.
# Native memory allocation (malloc) failed to allocate 1048576 bytes. Error detail: AllocateHeap
# Possible reasons:
#   The system is out of physical RAM or swap space
#   This process is running with CompressedOops enabled, and the Java Heap may be blocking the growth of the native heap
# Possible solutions:
#   Reduce memory load on the system
#   Increase physical memory or swap space
#   Check if swap backing store is full
#   Decrease Java heap size (-Xmx/-Xms)
#   Decrease number of Java threads
#   Decrease Java thread stack sizes (-Xss)
#   Set larger code cache with -XX:ReservedCodeCacheSize=
#   JVM is running with Unscaled Compressed Oops mode in which the Java heap is
#     placed in the first 4GB address space. The Java Heap base address is the
#     maximum limit for the native heap growth. Please use -XX:HeapBaseMinAddress
#     to set the Java Heap base and to place the Java Heap above 4GB virtual address.
# This output file may be truncated or incomplete.
#
#  Out of Memory Error (allocation.cpp:44), pid=23628, tid=24088
#
# JRE version: OpenJDK Runtime Environment Temurin-21.0.10+7 (21.0.10+7) (build 21.0.10+7-LTS)
# Java VM: OpenJDK 64-Bit Server VM Temurin-21.0.10+7 (21.0.10+7-LTS, mixed mode, sharing, tiered, compressed oops, compressed class ptrs, parallel gc, windows-amd64)
# No core dump will be written. Minidumps are not enabled by default on client versions of Windows
#

---------------  S U M M A R Y ------------

Command Line: --add-modules=ALL-SYSTEM --add-opens=java.base/java.util=ALL-UNNAMED --add-opens=java.base/java.lang=ALL-UNNAMED --add-opens=java.base/sun.nio.fs=ALL-UNNAMED -Declipse.application=org.eclipse.jdt.ls.core.id1 -Dosgi.bundles.defaultStartLevel=4 -Declipse.product=org.eclipse.jdt.ls.core.product -Djava.import.generatesMetadataFilesAtProjectRoot=false -DDetectVMInstallationsJob.disabled=true -Dfile.encoding=utf8 -XX:+UseParallelGC -XX:GCTimeRatio=4 -XX:AdaptiveSizePolicyWeight=90 -Dsun.zip.disableMemoryMapping=true -Xmx2G -Xms100m -Xlog:disable -javaagent:c:\Users\acer\.vscode\extensions\redhat.java-1.54.0-win32-x64\lombok\lombok-1.18.39-4050.jar -XX:+HeapDumpOnOutOfMemoryError -XX:HeapDumpPath=c:\Users\acer\AppData\Roaming\Code\User\workspaceStorage\bf86a25aabd705ff7bd7445d23a2ae5a\redhat.java -Daether.dependencyCollector.impl=bf c:\Users\acer\.vscode\extensions\redhat.java-1.54.0-win32-x64\server\plugins\org.eclipse.equinox.launcher_1.7.100.v20251111-0406.jar -configuration c:\Users\acer\AppData\Roaming\Code\User\globalStorage\redhat.java\1.54.0\config_win -data c:\Users\acer\AppData\Roaming\Code\User\workspaceStorage\bf86a25aabd705ff7bd7445d23a2ae5a\redhat.java\jdt_ws --pipe=\\.\pipe\lsp-4a79514c8ffcf6ea77ad4e45aa26daf5-sock

Host: AMD Ryzen 3 7320U with Radeon Graphics         , 8 cores, 7G,  Windows 11 , 64 bit Build 26100 (10.0.26100.8328)
Time: Mon Jun  8 17:04:25 2026 India Standard Time elapsed time: 4755.570950 seconds (0d 1h 19m 15s)

---------------  T H R E A D  ---------------

Current thread (0x00000254a62430d0):  JavaThread "Attach Listener" daemon [_thread_in_vm, id=24088, stack(0x00000088f7c00000,0x00000088f7d00000) (1024K)]

Stack: [0x00000088f7c00000,0x00000088f7d00000]
Native frames: (J=compiled Java code, j=interpreted, Vv=VM code, C=native code)
V  [jvm.dll+0x6d7a39]
V  [jvm.dll+0x8b4b26]
V  [jvm.dll+0x8b70de]
V  [jvm.dll+0x8b77c3]
V  [jvm.dll+0x284346]
V  [jvm.dll+0xc1277]
V  [jvm.dll+0x6d82e9]
V  [jvm.dll+0x1334a6]
V  [jvm.dll+0x3f857e]
V  [jvm.dll+0x85f59d]
V  [jvm.dll+0x6d626d]
C  [ucrtbase.dll+0x37b0]
C  [KERNEL32.DLL+0x2e957]
C  [ntdll.dll+0x427c]


---------------  P R O C E S S  ---------------

Threads class SMR info:
_java_thread_list=0x0000025484584680, length=35, elements={
0x00000254a62cd070, 0x00000254a623bc90, 0x00000254a623cab0, 0x00000254a62401b0,
0x00000254a62430d0, 0x00000254a6244b40, 0x00000254a62455a0, 0x00000254a62463e0,
0x00000254a6278290, 0x00000254ff74fc60, 0x00000254ff8f4830, 0x0000025484a21c90,
0x0000025484851830, 0x0000025484767600, 0x000002548483c2f0, 0x00000254849fc140,
0x0000025484e42c50, 0x000002548512fb30, 0x00000254ff7f2b80, 0x00000254ff7f52e0,
0x00000254ff7f4c50, 0x00000254ff7f6000, 0x00000254871cc6c0, 0x00000254871d01d0,
0x00000254871cd3e0, 0x00000254871cfb40, 0x00000254871ce100, 0x00000254871ccd50,
0x00000254871cf4b0, 0x00000254871cda70, 0x00000254871d0860, 0x00000254871d0ef0,
0x00000254871d1580, 0x00000254845608c0, 0x0000025487550d30
}

Java Threads: ( => current thread )
  0x00000254a62cd070 JavaThread "main"                              [_thread_blocked, id=18224, stack(0x00000088f7500000,0x00000088f7600000) (1024K)]
  0x00000254a623bc90 JavaThread "Reference Handler"          daemon [_thread_blocked, id=13736, stack(0x00000088f7900000,0x00000088f7a00000) (1024K)]
  0x00000254a623cab0 JavaThread "Finalizer"                  daemon [_thread_blocked, id=7708, stack(0x00000088f7a00000,0x00000088f7b00000) (1024K)]
  0x00000254a62401b0 JavaThread "Signal Dispatcher"          daemon [_thread_blocked, id=26400, stack(0x00000088f7b00000,0x00000088f7c00000) (1024K)]
=>0x00000254a62430d0 JavaThread "Attach Listener"            daemon [_thread_in_vm, id=24088, stack(0x00000088f7c00000,0x00000088f7d00000) (1024K)]
  0x00000254a6244b40 JavaThread "Service Thread"             daemon [_thread_blocked, id=17584, stack(0x00000088f7d00000,0x00000088f7e00000) (1024K)]
  0x00000254a62455a0 JavaThread "Monitor Deflation Thread"   daemon [_thread_blocked, id=19756, stack(0x00000088f7e00000,0x00000088f7f00000) (1024K)]
  0x00000254a62463e0 JavaThread "C2 CompilerThread0"         daemon [_thread_blocked, id=9732, stack(0x00000088f7f00000,0x00000088f8000000) (1024K)]
  0x00000254a6278290 JavaThread "C1 CompilerThread0"         daemon [_thread_blocked, id=11240, stack(0x00000088f8000000,0x00000088f8100000) (1024K)]
  0x00000254ff74fc60 JavaThread "Common-Cleaner"             daemon [_thread_blocked, id=11980, stack(0x00000088f8100000,0x00000088f8200000) (1024K)]
  0x00000254ff8f4830 JavaThread "Notification Thread"        daemon [_thread_blocked, id=22092, stack(0x00000088f8200000,0x00000088f8300000) (1024K)]
  0x0000025484a21c90 JavaThread "Active Thread: Equinox Container: deb2130f-58ec-41d4-8521-5fcb71b5d39b"        [_thread_blocked, id=6340, stack(0x00000088f8300000,0x00000088f8400000) (1024K)]
  0x0000025484851830 JavaThread "Refresh Thread: Equinox Container: deb2130f-58ec-41d4-8521-5fcb71b5d39b" daemon [_thread_blocked, id=14044, stack(0x00000088f8c00000,0x00000088f8d00000) (1024K)]
  0x0000025484767600 JavaThread "Framework Event Dispatcher: Equinox Container: deb2130f-58ec-41d4-8521-5fcb71b5d39b" daemon [_thread_blocked, id=18428, stack(0x00000088f8400000,0x00000088f8500000) (1024K)]
  0x000002548483c2f0 JavaThread "Start Level: Equinox Container: deb2130f-58ec-41d4-8521-5fcb71b5d39b" daemon [_thread_blocked, id=16860, stack(0x00000088f8d00000,0x00000088f8e00000) (1024K)]
  0x00000254849fc140 JavaThread "Bundle File Closer"         daemon [_thread_blocked, id=16720, stack(0x00000088f9000000,0x00000088f9100000) (1024K)]
  0x0000025484e42c50 JavaThread "SCR Component Actor"        daemon [_thread_blocked, id=6384, stack(0x00000088f8e00000,0x00000088f8f00000) (1024K)]
  0x000002548512fb30 JavaThread "Worker-JM"                         [_thread_blocked, id=23916, stack(0x00000088f9200000,0x00000088f9300000) (1024K)]
  0x00000254ff7f2b80 JavaThread "JNA Cleaner"                daemon [_thread_blocked, id=1444, stack(0x00000088f8f00000,0x00000088f9000000) (1024K)]
  0x00000254ff7f52e0 JavaThread "Java indexing"              daemon [_thread_blocked, id=7008, stack(0x00000088f9600000,0x00000088f9700000) (1024K)]
  0x00000254ff7f4c50 JavaThread "Worker-2"                          [_thread_blocked, id=18200, stack(0x00000088f9700000,0x00000088f9800000) (1024K)]
  0x00000254ff7f6000 JavaThread "Thread-1"                   daemon [_thread_in_native, id=376, stack(0x00000088f9c00000,0x00000088f9d00000) (1024K)]
  0x00000254871cc6c0 JavaThread "Thread-2"                   daemon [_thread_in_native, id=6756, stack(0x00000088f9d00000,0x00000088f9e00000) (1024K)]
  0x00000254871d01d0 JavaThread "Thread-3"                   daemon [_thread_in_native, id=26376, stack(0x00000088f9e00000,0x00000088f9f00000) (1024K)]
  0x00000254871cd3e0 JavaThread "Thread-4"                   daemon [_thread_in_native, id=9056, stack(0x00000088f9f00000,0x00000088fa000000) (1024K)]
  0x00000254871cfb40 JavaThread "Thread-5"                   daemon [_thread_in_native, id=17716, stack(0x00000088fa000000,0x00000088fa100000) (1024K)]
  0x00000254871ce100 JavaThread "Thread-6"                   daemon [_thread_in_native, id=16600, stack(0x00000088fa100000,0x00000088fa200000) (1024K)]
  0x00000254871ccd50 JavaThread "Thread-7"                   daemon [_thread_in_native, id=24524, stack(0x00000088fa200000,0x00000088fa300000) (1024K)]
  0x00000254871cf4b0 JavaThread "Thread-8"                   daemon [_thread_in_native, id=22356, stack(0x00000088fa300000,0x00000088fa400000) (1024K)]
  0x00000254871cda70 JavaThread "Thread-9"                   daemon [_thread_in_native, id=14700, stack(0x00000088fa400000,0x00000088fa500000) (1024K)]
  0x00000254871d0860 JavaThread "pool-2-thread-1"                   [_thread_blocked, id=12880, stack(0x00000088fa500000,0x00000088fa600000) (1024K)]
  0x00000254871d0ef0 JavaThread "WorkspaceEventsHandler"            [_thread_blocked, id=18588, stack(0x00000088fa600000,0x00000088fa700000) (1024K)]
  0x00000254871d1580 JavaThread "pool-1-thread-1"                   [_thread_blocked, id=23964, stack(0x00000088fa700000,0x00000088fa800000) (1024K)]
  0x00000254845608c0 JavaThread "Cleaner-0"                  daemon [_thread_blocked, id=2496, stack(0x00000088faf00000,0x00000088fb000000) (1024K)]
  0x0000025487550d30 JavaThread "Worker-5"                          [_thread_blocked, id=7848, stack(0x00000088fb800000,0x00000088fb900000) (1024K)]
Total: 35

Other Threads:
  0x00000254a62226e0 VMThread "VM Thread"                           [id=23792, stack(0x00000088f7800000,0x00000088f7900000) (1024K)]
  0x00000254a615ca00 WatcherThread "VM Periodic Task Thread"        [id=23608, stack(0x00000088f7700000,0x00000088f7800000) (1024K)]
  0x00000254a62eb220 WorkerThread "GC Thread#0"                     [id=9064, stack(0x00000088f7600000,0x00000088f7700000) (1024K)]
  0x0000025484200a30 WorkerThread "GC Thread#1"                     [id=180, stack(0x00000088f8500000,0x00000088f8600000) (1024K)]
  0x0000025484201ca0 WorkerThread "GC Thread#2"                     [id=3496, stack(0x00000088f8600000,0x00000088f8700000) (1024K)]
  0x0000025484200de0 WorkerThread "GC Thread#3"                     [id=18736, stack(0x00000088f8700000,0x00000088f8800000) (1024K)]
  0x0000025484201540 WorkerThread "GC Thread#4"                     [id=12164, stack(0x00000088f8800000,0x00000088f8900000) (1024K)]
  0x0000025484202050 WorkerThread "GC Thread#5"                     [id=7616, stack(0x00000088f8900000,0x00000088f8a00000) (1024K)]
  0x0000025484201190 WorkerThread "GC Thread#6"                     [id=26188, stack(0x00000088f8a00000,0x00000088f8b00000) (1024K)]
  0x0000025484a948d0 WorkerThread "GC Thread#7"                     [id=17028, stack(0x00000088f8b00000,0x00000088f8c00000) (1024K)]
Total: 10

Threads with active compile tasks:
Total: 0

VM state: not at safepoint (normal execution)

VM Mutex/Monitor currently owned by a thread: None

Heap address: 0x0000000080000000, size: 2048 MB, Compressed Oops mode: 32-bit

CDS archive(s) mapped at: [0x00000254bd000000-0x00000254bdba0000-0x00000254bdba0000), size 12189696, SharedBaseAddress: 0x00000254bd000000, ArchiveRelocationMode: 1.
Compressed class space mapped at: 0x00000254be000000-0x00000254fe000000, reserved size: 1073741824
Narrow klass base: 0x00000254bd000000, Narrow klass shift: 0, Narrow klass range: 0x100000000

GC Precious Log:
 CardTable entry size: 512
 CPUs: 8 total, 8 available
 Memory: 7480M
 Large Page Support: Disabled
 NUMA Support: Disabled
 Compressed Oops: Enabled (32-bit)
 Alignments: Space 512K, Generation 512K, Heap 2M
 Heap Min Capacity: 100M
 Heap Initial Capacity: 100M
 Heap Max Capacity: 2G
 Pre-touch: Disabled
 Parallel Workers: 8

Heap:
 PSYoungGen      total 2048K, used 1137K [0x00000000d5580000, 0x00000000d5d00000, 0x0000000100000000)
  eden space 1536K, 59% used [0x00000000d5580000,0x00000000d5664640,0x00000000d5700000)
  from space 512K, 43% used [0x00000000d5c00000,0x00000000d5c38000,0x00000000d5c80000)
  to   space 512K, 0% used [0x00000000d5c80000,0x00000000d5c80000,0x00000000d5d00000)
 ParOldGen       total 134144K, used 133849K [0x0000000080000000, 0x0000000088300000, 0x00000000d5580000)
  object space 134144K, 99% used [0x0000000080000000,0x00000000882b6558,0x0000000088300000)
 Metaspace       used 69418K, committed 71040K, reserved 1114112K
  class space    used 7285K, committed 7936K, reserved 1048576K

Card table byte_map: [0x00000254a5c70000,0x00000254a6080000] _byte_map_base: 0x00000254a5870000

Marking Bits: (ParMarkBitMap*) 0x00007ffc58b23450
 Begin Bits: [0x00000254b8780000, 0x00000254ba780000)
 End Bits:   [0x00000254ba780000, 0x00000254bc780000)

Polling page: 0x00000254a3f30000

Metaspace:

Usage:
  Non-class:     60.68 MB used.
      Class:      7.12 MB used.
       Both:     67.79 MB used.

Virtual space:
  Non-class space:       64.00 MB reserved,      61.62 MB ( 96%) committed,  1 nodes.
      Class space:        1.00 GB reserved,       7.75 MB ( <1%) committed,  1 nodes.
             Both:        1.06 GB reserved,      69.38 MB (  6%) committed. 

Chunk freelists:
   Non-Class:  1.58 MB
       Class:  8.19 MB
        Both:  9.77 MB

MaxMetaspaceSize: unlimited
CompressedClassSpaceSize: 1.00 GB
Initial GC threshold: 21.00 MB
Current GC threshold: 97.31 MB
CDS: on
 - commit_granule_bytes: 65536.
 - commit_granule_words: 8192.
 - virtual_space_node_default_size: 8388608.
 - enlarge_chunks_in_place: 1.
 - use_allocation_guard: 0.


Internal statistics:

num_allocs_failed_limit: 9.
num_arena_births: 1332.
num_arena_deaths: 14.
num_vsnodes_births: 2.
num_vsnodes_deaths: 0.
num_space_committed: 1110.
num_space_uncommitted: 0.
num_chunks_returned_to_freelist: 23.
num_chunks_taken_from_freelist: 4638.
num_chunk_merges: 11.
num_chunk_splits: 2856.
num_chunks_enlarged: 1608.
num_inconsistent_stats: 0.

CodeHeap 'non-profiled nmethods': size=120000Kb used=8212Kb max_used=8212Kb free=111787Kb
 bounds [0x00000254b0fa0000, 0x00000254b17b0000, 0x00000254b84d0000]
CodeHeap 'profiled nmethods': size=120000Kb used=25978Kb max_used=25978Kb free=94021Kb
 bounds [0x00000254a94d0000, 0x00000254aae30000, 0x00000254b0a00000]
CodeHeap 'non-nmethods': size=5760Kb used=1457Kb max_used=1556Kb free=4302Kb
 bounds [0x00000254b0a00000, 0x00000254b0c70000, 0x00000254b0fa0000]
CodeCache: size=245760Kb, used=35647Kb, max_used=35746Kb, free=210110Kb
 total_blobs=12179, nmethods=11402, adapters=681, full_count=0
Compilation: enabled, stopped_count=0, restarted_count=0

Compilation events (20 events):
Event: 3552.343 Thread 0x00000254a6278290 12140       3       java.lang.ref.ReferenceQueue::remove0 (64 bytes)
Event: 3552.344 Thread 0x00000254a6278290 nmethod 12140 0x00000254aae26c90 code [0x00000254aae26ea0, 0x00000254aae27320]
Event: 3577.303 Thread 0x00000254a6278290 12141       1       org.eclipse.osgi.internal.location.BasicLocation::isReadOnly (5 bytes)
Event: 3577.306 Thread 0x00000254a6278290 nmethod 12141 0x00000254b17a4d90 code [0x00000254b17a4f20, 0x00000254b17a4ff0]
Event: 3728.090 Thread 0x00000254a6278290 12143   !   3       org.eclipse.core.internal.jobs.JobManager::nextJob (291 bytes)
Event: 3728.135 Thread 0x00000254a6278290 nmethod 12143 0x00000254aae27490 code [0x00000254aae27920, 0x00000254aae29a58]
Event: 3728.135 Thread 0x00000254a6278290 12142       3       org.eclipse.core.internal.jobs.JobManager::startJob (89 bytes)
Event: 3728.144 Thread 0x00000254a6278290 nmethod 12142 0x00000254aae2ab90 code [0x00000254aae2ae40, 0x00000254aae2bca0]
Event: 3795.407 Thread 0x00000254a6278290 12144       3       java.lang.ref.ReferenceQueue::await (15 bytes)
Event: 3795.411 Thread 0x00000254a6278290 nmethod 12144 0x00000254aae2c110 code [0x00000254aae2c2c0, 0x00000254aae2c460]
Event: 3848.109 Thread 0x00000254a6278290 12145       3       org.eclipse.core.internal.jobs.JobQueue::isEmpty (18 bytes)
Event: 3848.111 Thread 0x00000254a6278290 nmethod 12145 0x00000254aae2c590 code [0x00000254aae2c740, 0x00000254aae2c8d0]
Event: 3908.000 Thread 0x00000254a6278290 12146   !   3       org.eclipse.core.internal.jobs.JobManager::sleepHint (67 bytes)
Event: 3908.018 Thread 0x00000254a6278290 nmethod 12146 0x00000254aae2c990 code [0x00000254aae2cc00, 0x00000254aae2d6d0]
Event: 3915.437 Thread 0x00000254a6278290 12147       1       com.sun.jna.internal.Cleaner::access$200 (5 bytes)
Event: 3915.454 Thread 0x00000254a6278290 nmethod 12147 0x00000254b17a5090 code [0x00000254b17a5220, 0x00000254b17a52d0]
Event: 3917.637 Thread 0x00000254a6278290 12148       3       java.lang.ProcessHandleImpl::get (51 bytes)
Event: 3917.649 Thread 0x00000254a6278290 nmethod 12148 0x00000254aae2db90 code [0x00000254aae2dda0, 0x00000254aae2e3a8]
Event: 3917.649 Thread 0x00000254a6278290 12149       3       java.lang.ProcessHandleImpl::isAlive (44 bytes)
Event: 3917.652 Thread 0x00000254a6278290 nmethod 12149 0x00000254aae2e610 code [0x00000254aae2e7c0, 0x00000254aae2ea20]

GC Heap History (20 events):
Event: 602.110 GC heap before
{Heap before GC invocations=109 (full 3):
 PSYoungGen      total 13824K, used 13754K [0x00000000d5580000, 0x00000000d6500000, 0x0000000100000000)
  eden space 12800K, 100% used [0x00000000d5580000,0x00000000d6200000,0x00000000d6200000)
  from space 1024K, 93% used [0x00000000d6200000,0x00000000d62ee8c8,0x00000000d6300000)
  to   space 1536K, 0% used [0x00000000d6380000,0x00000000d6380000,0x00000000d6500000)
 ParOldGen       total 117760K, used 117156K [0x0000000080000000, 0x0000000087300000, 0x00000000d5580000)
  object space 117760K, 99% used [0x0000000080000000,0x00000000872690a0,0x0000000087300000)
 Metaspace       used 68170K, committed 69760K, reserved 1114112K
  class space    used 7177K, committed 7808K, reserved 1048576K
}
Event: 602.146 GC heap after
{Heap after GC invocations=109 (full 3):
 PSYoungGen      total 9728K, used 1515K [0x00000000d5580000, 0x00000000d6e00000, 0x0000000100000000)
  eden space 8192K, 0% used [0x00000000d5580000,0x00000000d5580000,0x00000000d5d80000)
  from space 1536K, 98% used [0x00000000d6380000,0x00000000d64faca8,0x00000000d6500000)
  to   space 6144K, 0% used [0x00000000d5d80000,0x00000000d5d80000,0x00000000d6380000)
 ParOldGen       total 121344K, used 120979K [0x0000000080000000, 0x0000000087680000, 0x00000000d5580000)
  object space 121344K, 99% used [0x0000000080000000,0x0000000087624c00,0x0000000087680000)
 Metaspace       used 68170K, committed 69760K, reserved 1114112K
  class space    used 7177K, committed 7808K, reserved 1048576K
}
Event: 602.183 GC heap before
{Heap before GC invocations=110 (full 3):
 PSYoungGen      total 9728K, used 9707K [0x00000000d5580000, 0x00000000d6e00000, 0x0000000100000000)
  eden space 8192K, 100% used [0x00000000d5580000,0x00000000d5d80000,0x00000000d5d80000)
  from space 1536K, 98% used [0x00000000d6380000,0x00000000d64faca8,0x00000000d6500000)
  to   space 6144K, 0% used [0x00000000d5d80000,0x00000000d5d80000,0x00000000d6380000)
 ParOldGen       total 121344K, used 120979K [0x0000000080000000, 0x0000000087680000, 0x00000000d5580000)
  object space 121344K, 99% used [0x0000000080000000,0x0000000087624c00,0x0000000087680000)
 Metaspace       used 68171K, committed 69760K, reserved 1114112K
  class space    used 7177K, committed 7808K, reserved 1048576K
}
Event: 602.186 GC heap after
{Heap after GC invocations=110 (full 3):
 PSYoungGen      total 10752K, used 2293K [0x00000000d5580000, 0x00000000d6480000, 0x0000000100000000)
  eden space 8192K, 0% used [0x00000000d5580000,0x00000000d5580000,0x00000000d5d80000)
  from space 2560K, 89% used [0x00000000d5d80000,0x00000000d5fbd438,0x00000000d6000000)
  to   space 3584K, 0% used [0x00000000d6100000,0x00000000d6100000,0x00000000d6480000)
 ParOldGen       total 122880K, used 122479K [0x0000000080000000, 0x0000000087800000, 0x00000000d5580000)
  object space 122880K, 99% used [0x0000000080000000,0x000000008779bfe8,0x0000000087800000)
 Metaspace       used 68171K, committed 69760K, reserved 1114112K
  class space    used 7177K, committed 7808K, reserved 1048576K
}
Event: 602.654 GC heap before
{Heap before GC invocations=111 (full 3):
 PSYoungGen      total 10752K, used 10485K [0x00000000d5580000, 0x00000000d6480000, 0x0000000100000000)
  eden space 8192K, 100% used [0x00000000d5580000,0x00000000d5d80000,0x00000000d5d80000)
  from space 2560K, 89% used [0x00000000d5d80000,0x00000000d5fbd438,0x00000000d6000000)
  to   space 3584K, 0% used [0x00000000d6100000,0x00000000d6100000,0x00000000d6480000)
 ParOldGen       total 122880K, used 122479K [0x0000000080000000, 0x0000000087800000, 0x00000000d5580000)
  object space 122880K, 99% used [0x0000000080000000,0x000000008779bfe8,0x0000000087800000)
 Metaspace       used 68588K, committed 70144K, reserved 1114112K
  class space    used 7221K, committed 7872K, reserved 1048576K
}
Event: 602.657 GC heap after
{Heap after GC invocations=111 (full 3):
 PSYoungGen      total 10240K, used 2000K [0x00000000d5580000, 0x00000000d6300000, 0x0000000100000000)
  eden space 8192K, 0% used [0x00000000d5580000,0x00000000d5580000,0x00000000d5d80000)
  from space 2048K, 97% used [0x00000000d6100000,0x00000000d62f4048,0x00000000d6300000)
  to   space 2560K, 0% used [0x00000000d5e00000,0x00000000d5e00000,0x00000000d6080000)
 ParOldGen       total 124928K, used 124617K [0x0000000080000000, 0x0000000087a00000, 0x00000000d5580000)
  object space 124928K, 99% used [0x0000000080000000,0x00000000879b25c8,0x0000000087a00000)
 Metaspace       used 68588K, committed 70144K, reserved 1114112K
  class space    used 7221K, committed 7872K, reserved 1048576K
}
Event: 603.103 GC heap before
{Heap before GC invocations=112 (full 3):
 PSYoungGen      total 10240K, used 10150K [0x00000000d5580000, 0x00000000d6300000, 0x0000000100000000)
  eden space 8192K, 99% used [0x00000000d5580000,0x00000000d5d75ac0,0x00000000d5d80000)
  from space 2048K, 97% used [0x00000000d6100000,0x00000000d62f4048,0x00000000d6300000)
  to   space 2560K, 0% used [0x00000000d5e00000,0x00000000d5e00000,0x00000000d6080000)
 ParOldGen       total 124928K, used 124617K [0x0000000080000000, 0x0000000087a00000, 0x00000000d5580000)
  object space 124928K, 99% used [0x0000000080000000,0x00000000879b25c8,0x0000000087a00000)
 Metaspace       used 69140K, committed 70784K, reserved 1114112K
  class space    used 7274K, committed 7936K, reserved 1048576K
}
Event: 603.108 GC heap after
{Heap after GC invocations=112 (full 3):
 PSYoungGen      total 9728K, used 1232K [0x00000000d5580000, 0x00000000d6180000, 0x0000000100000000)
  eden space 8192K, 0% used [0x00000000d5580000,0x00000000d5580000,0x00000000d5d80000)
  from space 1536K, 80% used [0x00000000d5e00000,0x00000000d5f343f8,0x00000000d5f80000)
  to   space 2048K, 0% used [0x00000000d5f80000,0x00000000d5f80000,0x00000000d6180000)
 ParOldGen       total 125952K, used 125553K [0x0000000080000000, 0x0000000087b00000, 0x00000000d5580000)
  object space 125952K, 99% used [0x0000000080000000,0x0000000087a9c5e8,0x0000000087b00000)
 Metaspace       used 69140K, committed 70784K, reserved 1114112K
  class space    used 7274K, committed 7936K, reserved 1048576K
}
Event: 603.214 GC heap before
{Heap before GC invocations=113 (full 3):
 PSYoungGen      total 9728K, used 9424K [0x00000000d5580000, 0x00000000d6180000, 0x0000000100000000)
  eden space 8192K, 100% used [0x00000000d5580000,0x00000000d5d80000,0x00000000d5d80000)
  from space 1536K, 80% used [0x00000000d5e00000,0x00000000d5f343f8,0x00000000d5f80000)
  to   space 2048K, 0% used [0x00000000d5f80000,0x00000000d5f80000,0x00000000d6180000)
 ParOldGen       total 125952K, used 125553K [0x0000000080000000, 0x0000000087b00000, 0x00000000d5580000)
  object space 125952K, 99% used [0x0000000080000000,0x0000000087a9c5e8,0x0000000087b00000)
 Metaspace       used 69142K, committed 70784K, reserved 1114112K
  class space    used 7274K, committed 7936K, reserved 1048576K
}
Event: 603.219 GC heap after
{Heap after GC invocations=113 (full 3):
 PSYoungGen      total 3584K, used 2039K [0x00000000d5580000, 0x00000000d6e80000, 0x0000000100000000)
  eden space 1536K, 0% used [0x00000000d5580000,0x00000000d5580000,0x00000000d5700000)
  from space 2048K, 99% used [0x00000000d5f80000,0x00000000d617dca0,0x00000000d6180000)
  to   space 8704K, 0% used [0x00000000d5700000,0x00000000d5700000,0x00000000d5f80000)
 ParOldGen       total 131072K, used 130711K [0x0000000080000000, 0x0000000088000000, 0x00000000d5580000)
  object space 131072K, 99% used [0x0000000080000000,0x0000000087fa5ca0,0x0000000088000000)
 Metaspace       used 69142K, committed 70784K, reserved 1114112K
  class space    used 7274K, committed 7936K, reserved 1048576K
}
Event: 603.242 GC heap before
{Heap before GC invocations=114 (full 3):
 PSYoungGen      total 3584K, used 3575K [0x00000000d5580000, 0x00000000d6e80000, 0x0000000100000000)
  eden space 1536K, 100% used [0x00000000d5580000,0x00000000d5700000,0x00000000d5700000)
  from space 2048K, 99% used [0x00000000d5f80000,0x00000000d617dca0,0x00000000d6180000)
  to   space 8704K, 0% used [0x00000000d5700000,0x00000000d5700000,0x00000000d5f80000)
 ParOldGen       total 131072K, used 130711K [0x0000000080000000, 0x0000000088000000, 0x00000000d5580000)
  object space 131072K, 99% used [0x0000000080000000,0x0000000087fa5ca0,0x0000000088000000)
 Metaspace       used 69142K, committed 70784K, reserved 1114112K
  class space    used 7274K, committed 7936K, reserved 1048576K
}
Event: 603.244 GC heap after
{Heap after GC invocations=114 (full 3):
 PSYoungGen      total 2560K, used 711K [0x00000000d5580000, 0x00000000d6000000, 0x0000000100000000)
  eden space 1536K, 0% used [0x00000000d5580000,0x00000000d5580000,0x00000000d5700000)
  from space 1024K, 69% used [0x00000000d5700000,0x00000000d57b1c90,0x00000000d5800000)
  to   space 3072K, 0% used [0x00000000d5d00000,0x00000000d5d00000,0x00000000d6000000)
 ParOldGen       total 133120K, used 132746K [0x0000000080000000, 0x0000000088200000, 0x00000000d5580000)
  object space 133120K, 99% used [0x0000000080000000,0x00000000881a2bd8,0x0000000088200000)
 Metaspace       used 69142K, committed 70784K, reserved 1114112K
  class space    used 7274K, committed 7936K, reserved 1048576K
}
Event: 603.270 GC heap before
{Heap before GC invocations=115 (full 3):
 PSYoungGen      total 2560K, used 2247K [0x00000000d5580000, 0x00000000d6000000, 0x0000000100000000)
  eden space 1536K, 100% used [0x00000000d5580000,0x00000000d5700000,0x00000000d5700000)
  from space 1024K, 69% used [0x00000000d5700000,0x00000000d57b1c90,0x00000000d5800000)
  to   space 3072K, 0% used [0x00000000d5d00000,0x00000000d5d00000,0x00000000d6000000)
 ParOldGen       total 133120K, used 132746K [0x0000000080000000, 0x0000000088200000, 0x00000000d5580000)
  object space 133120K, 99% used [0x0000000080000000,0x00000000881a2bd8,0x0000000088200000)
 Metaspace       used 69148K, committed 70784K, reserved 1114112K
  class space    used 7274K, committed 7936K, reserved 1048576K
}
Event: 603.273 GC heap after
{Heap after GC invocations=115 (full 3):
 PSYoungGen      total 2560K, used 797K [0x00000000d5580000, 0x00000000d5e00000, 0x0000000100000000)
  eden space 1536K, 0% used [0x00000000d5580000,0x00000000d5580000,0x00000000d5700000)
  from space 1024K, 77% used [0x00000000d5d00000,0x00000000d5dc75a8,0x00000000d5e00000)
  to   space 1536K, 0% used [0x00000000d5b00000,0x00000000d5b00000,0x00000000d5c80000)
 ParOldGen       total 133632K, used 133269K [0x0000000080000000, 0x0000000088280000, 0x00000000d5580000)
  object space 133632K, 99% used [0x0000000080000000,0x0000000088225538,0x0000000088280000)
 Metaspace       used 69148K, committed 70784K, reserved 1114112K
  class space    used 7274K, committed 7936K, reserved 1048576K
}
Event: 603.541 GC heap before
{Heap before GC invocations=116 (full 3):
 PSYoungGen      total 2560K, used 2331K [0x00000000d5580000, 0x00000000d5e00000, 0x0000000100000000)
  eden space 1536K, 99% used [0x00000000d5580000,0x00000000d56ff9d0,0x00000000d5700000)
  from space 1024K, 77% used [0x00000000d5d00000,0x00000000d5dc75a8,0x00000000d5e00000)
  to   space 1536K, 0% used [0x00000000d5b00000,0x00000000d5b00000,0x00000000d5c80000)
 ParOldGen       total 133632K, used 133269K [0x0000000080000000, 0x0000000088280000, 0x00000000d5580000)
  object space 133632K, 99% used [0x0000000080000000,0x0000000088225538,0x0000000088280000)
 Metaspace       used 69212K, committed 70848K, reserved 1114112K
  class space    used 7277K, committed 7936K, reserved 1048576K
}
Event: 603.542 GC heap after
{Heap after GC invocations=116 (full 3):
 PSYoungGen      total 3072K, used 373K [0x00000000d5580000, 0x00000000d5d80000, 0x0000000100000000)
  eden space 1536K, 0% used [0x00000000d5580000,0x00000000d5580000,0x00000000d5700000)
  from space 1536K, 24% used [0x00000000d5b00000,0x00000000d5b5d5d8,0x00000000d5c80000)
  to   space 1024K, 0% used [0x00000000d5c80000,0x00000000d5c80000,0x00000000d5d80000)
 ParOldGen       total 134144K, used 133653K [0x0000000080000000, 0x0000000088300000, 0x00000000d5580000)
  object space 134144K, 99% used [0x0000000080000000,0x0000000088285538,0x0000000088300000)
 Metaspace       used 69212K, committed 70848K, reserved 1114112K
  class space    used 7277K, committed 7936K, reserved 1048576K
}
Event: 603.628 GC heap before
{Heap before GC invocations=117 (full 3):
 PSYoungGen      total 3072K, used 1909K [0x00000000d5580000, 0x00000000d5d80000, 0x0000000100000000)
  eden space 1536K, 100% used [0x00000000d5580000,0x00000000d5700000,0x00000000d5700000)
  from space 1536K, 24% used [0x00000000d5b00000,0x00000000d5b5d5d8,0x00000000d5c80000)
  to   space 1024K, 0% used [0x00000000d5c80000,0x00000000d5c80000,0x00000000d5d80000)
 ParOldGen       total 134144K, used 133653K [0x0000000080000000, 0x0000000088300000, 0x00000000d5580000)
  object space 134144K, 99% used [0x0000000080000000,0x0000000088285538,0x0000000088300000)
 Metaspace       used 69319K, committed 70912K, reserved 1114112K
  class space    used 7285K, committed 7936K, reserved 1048576K
}
Event: 603.630 GC heap after
{Heap after GC invocations=117 (full 3):
 PSYoungGen      total 2048K, used 224K [0x00000000d5580000, 0x00000000d5d00000, 0x0000000100000000)
  eden space 1536K, 0% used [0x00000000d5580000,0x00000000d5580000,0x00000000d5700000)
  from space 512K, 43% used [0x00000000d5c80000,0x00000000d5cb8000,0x00000000d5d00000)
  to   space 512K, 0% used [0x00000000d5c00000,0x00000000d5c00000,0x00000000d5c80000)
 ParOldGen       total 134144K, used 133785K [0x0000000080000000, 0x0000000088300000, 0x00000000d5580000)
  object space 134144K, 99% used [0x0000000080000000,0x00000000882a6548,0x0000000088300000)
 Metaspace       used 69319K, committed 70912K, reserved 1114112K
  class space    used 7285K, committed 7936K, reserved 1048576K
}
Event: 903.708 GC heap before
{Heap before GC invocations=118 (full 3):
 PSYoungGen      total 2048K, used 1760K [0x00000000d5580000, 0x00000000d5d00000, 0x0000000100000000)
  eden space 1536K, 100% used [0x00000000d5580000,0x00000000d5700000,0x00000000d5700000)
  from space 512K, 43% used [0x00000000d5c80000,0x00000000d5cb8000,0x00000000d5d00000)
  to   space 512K, 0% used [0x00000000d5c00000,0x00000000d5c00000,0x00000000d5c80000)
 ParOldGen       total 134144K, used 133785K [0x0000000080000000, 0x0000000088300000, 0x00000000d5580000)
  object space 134144K, 99% used [0x0000000080000000,0x00000000882a6548,0x0000000088300000)
 Metaspace       used 69368K, committed 70976K, reserved 1114112K
  class space    used 7285K, committed 7936K, reserved 1048576K
}
Event: 903.717 GC heap after
{Heap after GC invocations=118 (full 3):
 PSYoungGen      total 2048K, used 224K [0x00000000d5580000, 0x00000000d5d00000, 0x0000000100000000)
  eden space 1536K, 0% used [0x00000000d5580000,0x00000000d5580000,0x00000000d5700000)
  from space 512K, 43% used [0x00000000d5c00000,0x00000000d5c38000,0x00000000d5c80000)
  to   space 512K, 0% used [0x00000000d5c80000,0x00000000d5c80000,0x00000000d5d00000)
 ParOldGen       total 134144K, used 133849K [0x0000000080000000, 0x0000000088300000, 0x00000000d5580000)
  object space 134144K, 99% used [0x0000000080000000,0x00000000882b6558,0x0000000088300000)
 Metaspace       used 69368K, committed 70976K, reserved 1114112K
  class space    used 7285K, committed 7936K, reserved 1048576K
}

Dll operation events (10 events):
Event: 0.031 Loaded shared library c:\Users\acer\.vscode\extensions\redhat.java-1.54.0-win32-x64\jre\21.0.10-win32-x86_64\bin\java.dll
Event: 0.169 Loaded shared library c:\Users\acer\.vscode\extensions\redhat.java-1.54.0-win32-x64\jre\21.0.10-win32-x86_64\bin\zip.dll
Event: 0.220 Loaded shared library C:\Users\acer\.vscode\extensions\redhat.java-1.54.0-win32-x64\jre\21.0.10-win32-x86_64\bin\instrument.dll
Event: 0.229 Loaded shared library C:\Users\acer\.vscode\extensions\redhat.java-1.54.0-win32-x64\jre\21.0.10-win32-x86_64\bin\net.dll
Event: 0.238 Loaded shared library C:\Users\acer\.vscode\extensions\redhat.java-1.54.0-win32-x64\jre\21.0.10-win32-x86_64\bin\nio.dll
Event: 0.244 Loaded shared library C:\Users\acer\.vscode\extensions\redhat.java-1.54.0-win32-x64\jre\21.0.10-win32-x86_64\bin\zip.dll
Event: 0.284 Loaded shared library C:\Users\acer\.vscode\extensions\redhat.java-1.54.0-win32-x64\jre\21.0.10-win32-x86_64\bin\jimage.dll
Event: 0.505 Loaded shared library c:\Users\acer\.vscode\extensions\redhat.java-1.54.0-win32-x64\jre\21.0.10-win32-x86_64\bin\verify.dll
Event: 2.387 Loaded shared library C:\Users\acer\AppData\Roaming\Code\User\globalStorage\redhat.java\1.54.0\config_win\org.eclipse.equinox.launcher\org.eclipse.equinox.launcher.win32.win32.x86_64_1.3.0.v20260203-2149\eclipse_11919.dll
Event: 6.998 Loaded shared library C:\Users\acer\AppData\Local\Temp\jna-2988111\jna2884000968764544693.dll

Deoptimization events (20 events):
Event: 603.102 Thread 0x00000254ff7f4c50 Uncommon trap: trap_request=0xffffff45 fr.pc=0x00000254b174a734 relative=0x0000000000000eb4
Event: 603.102 Thread 0x00000254ff7f4c50 Uncommon trap: reason=unstable_if action=reinterpret pc=0x00000254b174a734 method=org.eclipse.jdt.internal.core.builder.ClasspathJar.isPackage(Ljava/lang/String;Ljava/lang/String;)Z @ 36 c2
Event: 603.102 Thread 0x00000254ff7f4c50 DEOPT PACKING pc=0x00000254b174a734 sp=0x00000088f97fde00
Event: 603.102 Thread 0x00000254ff7f4c50 DEOPT UNPACKING pc=0x00000254b0a53aa2 sp=0x00000088f97fdd90 mode 2
Event: 603.102 Thread 0x00000254ff7f4c50 Uncommon trap: trap_request=0xffffff45 fr.pc=0x00000254b172c078 relative=0x00000000000006f8
Event: 603.102 Thread 0x00000254ff7f4c50 Uncommon trap: reason=unstable_if action=reinterpret pc=0x00000254b172c078 method=org.eclipse.jdt.internal.core.builder.ClasspathJar.isPackage(Ljava/lang/String;Ljava/lang/String;)Z @ 36 c2
Event: 603.102 Thread 0x00000254ff7f4c50 DEOPT PACKING pc=0x00000254b172c078 sp=0x00000088f97fddc0
Event: 603.102 Thread 0x00000254ff7f4c50 DEOPT UNPACKING pc=0x00000254b0a53aa2 sp=0x00000088f97fdd80 mode 2
Event: 603.483 Thread 0x00000254ff7f4c50 Uncommon trap: trap_request=0xffffffde fr.pc=0x00000254b15560e8 relative=0x0000000000000a28
Event: 603.483 Thread 0x00000254ff7f4c50 Uncommon trap: reason=class_check action=maybe_recompile pc=0x00000254b15560e8 method=java.util.HashMap.computeIfAbsent(Ljava/lang/Object;Ljava/util/function/Function;)Ljava/lang/Object; @ 142 c2
Event: 603.483 Thread 0x00000254ff7f4c50 DEOPT PACKING pc=0x00000254b15560e8 sp=0x00000088f97fd5a0
Event: 603.483 Thread 0x00000254ff7f4c50 DEOPT UNPACKING pc=0x00000254b0a53aa2 sp=0x00000088f97fd548 mode 2
Event: 603.572 Thread 0x00000254ff7f4c50 Uncommon trap: trap_request=0xffffffde fr.pc=0x00000254b15560e8 relative=0x0000000000000a28
Event: 603.572 Thread 0x00000254ff7f4c50 Uncommon trap: reason=class_check action=maybe_recompile pc=0x00000254b15560e8 method=java.util.HashMap.computeIfAbsent(Ljava/lang/Object;Ljava/util/function/Function;)Ljava/lang/Object; @ 142 c2
Event: 603.572 Thread 0x00000254ff7f4c50 DEOPT PACKING pc=0x00000254b15560e8 sp=0x00000088f97fd5a0
Event: 603.572 Thread 0x00000254ff7f4c50 DEOPT UNPACKING pc=0x00000254b0a53aa2 sp=0x00000088f97fd548 mode 2
Event: 903.460 Thread 0x0000025487550d30 Uncommon trap: trap_request=0xffffff45 fr.pc=0x00000254b17044c8 relative=0x0000000000000188
Event: 903.460 Thread 0x0000025487550d30 Uncommon trap: reason=unstable_if action=reinterpret pc=0x00000254b17044c8 method=java.io.ObjectOutputStream$HandleTable.lookup(Ljava/lang/Object;)I @ 4 c2
Event: 903.460 Thread 0x0000025487550d30 DEOPT PACKING pc=0x00000254b17044c8 sp=0x00000088fb8feb40
Event: 903.461 Thread 0x0000025487550d30 DEOPT UNPACKING pc=0x00000254b0a53aa2 sp=0x00000088fb8fead0 mode 2

Classes loaded (20 events):
Event: 602.462 Loading class java/util/concurrent/ArrayBlockingQueue
Event: 602.466 Loading class java/util/concurrent/ArrayBlockingQueue done
Event: 602.630 Loading class java/util/concurrent/ConcurrentHashMap$KeySpliterator
Event: 602.632 Loading class java/util/concurrent/ConcurrentHashMap$KeySpliterator done
Event: 602.649 Loading class sun/nio/ch/ChannelOutputStream
Event: 602.658 Loading class sun/nio/ch/ChannelOutputStream done
Event: 602.871 Loading class java/util/stream/ReferencePipeline$4
Event: 602.873 Loading class java/util/stream/ReferencePipeline$4 done
Event: 602.874 Loading class java/util/stream/Nodes$IntFixedNodeBuilder
Event: 602.875 Loading class java/util/stream/Node$Builder$OfInt
Event: 602.876 Loading class java/util/stream/Node$Builder$OfInt done
Event: 602.876 Loading class java/util/stream/Nodes$IntArrayNode
Event: 602.876 Loading class java/util/stream/Nodes$IntArrayNode done
Event: 602.877 Loading class java/util/stream/Nodes$IntFixedNodeBuilder done
Event: 602.877 Loading class java/util/stream/ReferencePipeline$4$1
Event: 602.877 Loading class java/util/stream/ReferencePipeline$4$1 done
Event: 603.322 Loading class java/util/ArrayDeque$DeqSpliterator
Event: 603.323 Loading class java/util/ArrayDeque$DeqSpliterator done
Event: 603.553 Loading class java/io/CharArrayWriter
Event: 603.555 Loading class java/io/CharArrayWriter done

Classes unloaded (7 events):
Event: 8.344 Thread 0x00000254a62226e0 Unloading class 0x00000254be1a5000 'java/lang/invoke/LambdaForm$MH+0x00000254be1a5000'
Event: 8.344 Thread 0x00000254a62226e0 Unloading class 0x00000254be1a4c00 'java/lang/invoke/LambdaForm$MH+0x00000254be1a4c00'
Event: 8.344 Thread 0x00000254a62226e0 Unloading class 0x00000254be1a4800 'java/lang/invoke/LambdaForm$MH+0x00000254be1a4800'
Event: 8.344 Thread 0x00000254a62226e0 Unloading class 0x00000254be1a4400 'java/lang/invoke/LambdaForm$MH+0x00000254be1a4400'
Event: 8.344 Thread 0x00000254a62226e0 Unloading class 0x00000254be1a4000 'java/lang/invoke/LambdaForm$BMH+0x00000254be1a4000'
Event: 8.344 Thread 0x00000254a62226e0 Unloading class 0x00000254be1a3c00 'java/lang/invoke/LambdaForm$DMH+0x00000254be1a3c00'
Event: 8.344 Thread 0x00000254a62226e0 Unloading class 0x00000254be1a2800 'java/lang/invoke/LambdaForm$DMH+0x00000254be1a2800'

Classes redefined (0 events):
No events

Internal exceptions (20 events):
Event: 601.291 Thread 0x00000254ff7f4c50 Exception <a 'sun/nio/fs/WindowsException'{0x00000000d577ad88}> (0x00000000d577ad88) 
thrown [s\src\hotspot\share\prims\jni.cpp, line 520]
Event: 601.474 Thread 0x00000254ff7f4c50 Exception <a 'java/lang/NoSuchMethodError'{0x00000000d581cc60}: static [J.<clinit>()V> (0x00000000d581cc60) 
thrown [s\src\hotspot\share\prims\jni.cpp, line 1111]
Event: 601.524 Thread 0x00000254ff7f4c50 Exception <a 'java/lang/NoSuchMethodError'{0x00000000d584bf30}: 'java.lang.Object java.lang.invoke.DirectMethodHandle$Holder.newInvokeSpecial(java.lang.Object, java.lang.Object, java.lang.Object, java.lang.Object, java.lang.Object, java.lang.Object, java.lang.Object, java.lang.Object)'> (0x00000000d584bf30) 
thrown [s\src\hotspot\share\interpreter\linkResolver.cpp, line 773]
Event: 601.829 Thread 0x00000254ff7f4c50 Exception <a 'sun/nio/fs/WindowsException'{0x00000000d5a20a40}> (0x00000000d5a20a40) 
thrown [s\src\hotspot\share\prims\jni.cpp, line 520]
Event: 601.835 Thread 0x000002548455e7f0 Exception <a 'sun/nio/fs/WindowsException'{0x00000000d5a2b790}> (0x00000000d5a2b790) 
thrown [s\src\hotspot\share\prims\jni.cpp, line 520]
Event: 601.837 Thread 0x000002548455e7f0 Exception <a 'sun/nio/fs/WindowsException'{0x00000000d5a2ca08}> (0x00000000d5a2ca08) 
thrown [s\src\hotspot\share\prims\jni.cpp, line 520]
Event: 601.839 Thread 0x000002548455ee80 Exception <a 'sun/nio/fs/WindowsException'{0x00000000d5a34df0}> (0x00000000d5a34df0) 
thrown [s\src\hotspot\share\prims\jni.cpp, line 520]
Event: 601.840 Thread 0x0000025484562300 Exception <a 'sun/nio/fs/WindowsException'{0x00000000d5a3e130}> (0x00000000d5a3e130) 
thrown [s\src\hotspot\share\prims\jni.cpp, line 520]
Event: 601.840 Thread 0x0000025484562990 Exception <a 'sun/nio/fs/WindowsException'{0x00000000d5a47488}> (0x00000000d5a47488) 
thrown [s\src\hotspot\share\prims\jni.cpp, line 520]
Event: 601.841 Thread 0x0000025484563020 Exception <a 'sun/nio/fs/WindowsException'{0x00000000d5a598b8}> (0x00000000d5a598b8) 
thrown [s\src\hotspot\share\prims\jni.cpp, line 520]
Event: 601.842 Thread 0x000002548455f510 Exception <a 'sun/nio/fs/WindowsException'{0x00000000d5a50a18}> (0x00000000d5a50a18) 
thrown [s\src\hotspot\share\prims\jni.cpp, line 520]
Event: 602.597 Thread 0x00000254871cee20 Exception <a 'java/lang/NoSuchMethodError'{0x00000000d5cc5258}: 'void java.lang.invoke.DirectMethodHandle$Holder.invokeStatic(java.lang.Object, int, java.lang.Object)'> (0x00000000d5cc5258) 
thrown [s\src\hotspot\share\interpreter\linkResolver.cpp, line 773]
Event: 602.639 Thread 0x00000254ff7f4c50 Exception <a 'java/lang/NoSuchMethodError'{0x00000000d5d2b530}: 'java.lang.Object java.lang.invoke.DirectMethodHandle$Holder.newInvokeSpecial(java.lang.Object, java.lang.Object, int, int, java.lang.Object)'> (0x00000000d5d2b530) 
thrown [s\src\hotspot\share\interpreter\linkResolver.cpp, line 773]
Event: 603.033 Thread 0x00000254ff7f4c50 Exception <a 'sun/nio/fs/WindowsException'{0x00000000d5d44998}> (0x00000000d5d44998) 
thrown [s\src\hotspot\share\prims\jni.cpp, line 520]
Event: 603.034 Thread 0x000002548455e7f0 Exception <a 'sun/nio/fs/WindowsException'{0x00000000d5d523c0}> (0x00000000d5d523c0) 
thrown [s\src\hotspot\share\prims\jni.cpp, line 520]
Event: 603.035 Thread 0x000002548455e7f0 Exception <a 'sun/nio/fs/WindowsException'{0x00000000d5d53418}> (0x00000000d5d53418) 
thrown [s\src\hotspot\share\prims\jni.cpp, line 520]
Event: 603.296 Thread 0x00000254ff7f4c50 Exception <a 'sun/nio/fs/WindowsException'{0x00000000d55cca88}> (0x00000000d55cca88) 
thrown [s\src\hotspot\share\prims\jni.cpp, line 520]
Event: 603.296 Thread 0x00000254ff7f4c50 Exception <a 'sun/nio/fs/WindowsException'{0x00000000d55cd1b0}> (0x00000000d55cd1b0) 
thrown [s\src\hotspot\share\prims\jni.cpp, line 520]
Event: 903.451 Thread 0x0000025487550d30 Exception <a 'sun/nio/fs/WindowsException'{0x00000000d568bde8}> (0x00000000d568bde8) 
thrown [s\src\hotspot\share\prims\jni.cpp, line 520]
Event: 903.452 Thread 0x0000025487550d30 Exception <a 'sun/nio/fs/WindowsException'{0x00000000d568ca20}> (0x00000000d568ca20) 
thrown [s\src\hotspot\share\prims\jni.cpp, line 520]

ZGC Phase Switch (0 events):
No events

VM Operations (20 events):
Event: 3806.334 Executing safepoint VM operation: Cleanup
Event: 3806.338 Executing safepoint VM operation: Cleanup done
Event: 3862.793 Executing non-safepoint VM operation: HandshakeAllThreads (HandshakeForDeflation)
Event: 3862.793 Executing non-safepoint VM operation: HandshakeAllThreads (HandshakeForDeflation) done
Event: 3862.802 Executing non-safepoint VM operation: RendezvousGCThreads
Event: 3862.802 Executing non-safepoint VM operation: RendezvousGCThreads done
Event: 3908.821 Executing safepoint VM operation: Cleanup
Event: 3908.821 Executing safepoint VM operation: Cleanup done
Event: 3922.876 Executing non-safepoint VM operation: HandshakeAllThreads (HandshakeForDeflation)
Event: 3922.876 Executing non-safepoint VM operation: HandshakeAllThreads (HandshakeForDeflation) done
Event: 3922.876 Executing non-safepoint VM operation: RendezvousGCThreads
Event: 3922.876 Executing non-safepoint VM operation: RendezvousGCThreads done
Event: 3983.082 Executing non-safepoint VM operation: HandshakeAllThreads (HandshakeForDeflation)
Event: 3983.083 Executing non-safepoint VM operation: HandshakeAllThreads (HandshakeForDeflation) done
Event: 3983.083 Executing non-safepoint VM operation: RendezvousGCThreads
Event: 3983.083 Executing non-safepoint VM operation: RendezvousGCThreads done
Event: 4343.729 Executing non-safepoint VM operation: HandshakeAllThreads (HandshakeForDeflation)
Event: 4343.733 Executing non-safepoint VM operation: HandshakeAllThreads (HandshakeForDeflation) done
Event: 4343.733 Executing non-safepoint VM operation: RendezvousGCThreads
Event: 4343.733 Executing non-safepoint VM operation: RendezvousGCThreads done

Memory protections (0 events):
No events

Nmethod flushes (20 events):
Event: 18.221 Thread 0x00000254a62226e0 flushing  nmethod 0x00000254a9cd0210
Event: 18.221 Thread 0x00000254a62226e0 flushing  nmethod 0x00000254a9cd0710
Event: 18.221 Thread 0x00000254a62226e0 flushing  nmethod 0x00000254a9cd1c90
Event: 18.221 Thread 0x00000254a62226e0 flushing  nmethod 0x00000254a9cd5c90
Event: 18.221 Thread 0x00000254a62226e0 flushing  nmethod 0x00000254a9cf9990
Event: 18.221 Thread 0x00000254a62226e0 flushing osr nmethod 0x00000254a9d03410
Event: 18.221 Thread 0x00000254a62226e0 flushing osr nmethod 0x00000254a9d05110
Event: 18.221 Thread 0x00000254a62226e0 flushing osr nmethod 0x00000254a9d59b90
Event: 18.221 Thread 0x00000254a62226e0 flushing  nmethod 0x00000254a9d65610
Event: 18.221 Thread 0x00000254a62226e0 flushing  nmethod 0x00000254a9d7ab10
Event: 18.221 Thread 0x00000254a62226e0 flushing  nmethod 0x00000254a9da2990
Event: 18.221 Thread 0x00000254a62226e0 flushing  nmethod 0x00000254a9da3310
Event: 18.221 Thread 0x00000254a62226e0 flushing  nmethod 0x00000254a9da4210
Event: 18.221 Thread 0x00000254a62226e0 flushing  nmethod 0x00000254a9dbe510
Event: 18.221 Thread 0x00000254a62226e0 flushing  nmethod 0x00000254a9dc8890
Event: 18.221 Thread 0x00000254a62226e0 flushing  nmethod 0x00000254a9dc8e90
Event: 18.221 Thread 0x00000254a62226e0 flushing  nmethod 0x00000254a9dca410
Event: 18.221 Thread 0x00000254a62226e0 flushing  nmethod 0x00000254a9dcc110
Event: 18.221 Thread 0x00000254a62226e0 flushing  nmethod 0x00000254a9dd7190
Event: 18.221 Thread 0x00000254a62226e0 flushing  nmethod 0x00000254a9ddbd10

Events (20 events):
Event: 901.950 Thread 0x00000254845643d0 Thread exited: 0x00000254845643d0
Event: 901.966 Thread 0x00000254845650f0 Thread exited: 0x00000254845650f0
Event: 901.976 Thread 0x0000025484563d40 Thread exited: 0x0000025484563d40
Event: 902.831 Thread 0x00000254ff7f5970 Thread exited: 0x00000254ff7f5970
Event: 902.832 Thread 0x00000254ff7f38a0 Thread exited: 0x00000254ff7f38a0
Event: 902.874 Thread 0x00000254ff7f45c0 Thread exited: 0x00000254ff7f45c0
Event: 902.877 Thread 0x00000254871d2930 Thread exited: 0x00000254871d2930
Event: 903.028 Thread 0x00000254871d3650 Thread exited: 0x00000254871d3650
Event: 903.073 Thread 0x000002548455ee80 Thread exited: 0x000002548455ee80
Event: 903.103 Thread 0x00000254871d22a0 Thread exited: 0x00000254871d22a0
Event: 903.293 Thread 0x00000254871d3ce0 Thread exited: 0x00000254871d3ce0
Event: 903.435 Thread 0x0000025487550d30 Thread added: 0x0000025487553490
Event: 903.439 Thread 0x0000025487553490 Thread exited: 0x0000025487553490
Event: 903.456 Thread 0x0000025487550d30 Thread added: 0x00000254875541b0
Event: 903.456 Thread 0x00000254875541b0 Thread exited: 0x00000254875541b0
Event: 903.491 Thread 0x00000254a62463e0 Thread added: 0x0000025489401f80
Event: 903.686 Thread 0x0000025489401f80 Thread exited: 0x0000025489401f80
Event: 963.073 Thread 0x0000025484562990 Thread exited: 0x0000025484562990
Event: 1023.082 Thread 0x000002548455fba0 Thread exited: 0x000002548455fba0
Event: 1083.095 Thread 0x00000254845636b0 Thread exited: 0x00000254845636b0


Dynamic libraries:
0x00007ff61af20000 - 0x00007ff61af2e000 	c:\Users\acer\.vscode\extensions\redhat.java-1.54.0-win32-x64\jre\21.0.10-win32-x86_64\bin\java.exe
0x00007ffd29640000 - 0x00007ffd298a7000 	C:\Windows\SYSTEM32\ntdll.dll
0x00007ffd27640000 - 0x00007ffd27709000 	C:\Windows\System32\KERNEL32.DLL
0x00007ffd26c40000 - 0x00007ffd27037000 	C:\Windows\System32\KERNELBASE.dll
0x00007ffd27040000 - 0x00007ffd2718b000 	C:\Windows\System32\ucrtbase.dll
0x00007ffd1cf70000 - 0x00007ffd1cf88000 	c:\Users\acer\.vscode\extensions\redhat.java-1.54.0-win32-x64\jre\21.0.10-win32-x86_64\bin\jli.dll
0x00007ffd27ca0000 - 0x00007ffd27e66000 	C:\Windows\System32\USER32.dll
0x00007ffd21850000 - 0x00007ffd2186e000 	c:\Users\acer\.vscode\extensions\redhat.java-1.54.0-win32-x64\jre\21.0.10-win32-x86_64\bin\VCRUNTIME140.dll
0x00007ffd26070000 - 0x00007ffd26097000 	C:\Windows\System32\win32u.dll
0x00007ffd27fe0000 - 0x00007ffd2800b000 	C:\Windows\System32\GDI32.dll
0x00007ffd26130000 - 0x00007ffd2625c000 	C:\Windows\System32\gdi32full.dll
0x00007ffd26b90000 - 0x00007ffd26c33000 	C:\Windows\System32\msvcp_win.dll
0x00007ffd15300000 - 0x00007ffd15592000 	C:\Windows\WinSxS\amd64_microsoft.windows.common-controls_6595b64144ccf1df_6.0.26100.8457_none_3e0b2faee331e92d\COMCTL32.dll
0x00007ffd27710000 - 0x00007ffd277b9000 	C:\Windows\System32\msvcrt.dll
0x00007ffd291a0000 - 0x00007ffd291d2000 	C:\Windows\System32\IMM32.DLL
0x00007ffd1cf60000 - 0x00007ffd1cf6c000 	c:\Users\acer\.vscode\extensions\redhat.java-1.54.0-win32-x64\jre\21.0.10-win32-x86_64\bin\vcruntime140_1.dll
0x00007ffce45b0000 - 0x00007ffce463d000 	c:\Users\acer\.vscode\extensions\redhat.java-1.54.0-win32-x64\jre\21.0.10-win32-x86_64\bin\msvcp140.dll
0x00007ffc57e60000 - 0x00007ffc58c01000 	c:\Users\acer\.vscode\extensions\redhat.java-1.54.0-win32-x64\jre\21.0.10-win32-x86_64\bin\server\jvm.dll
0x00007ffd28010000 - 0x00007ffd280c6000 	C:\Windows\System32\ADVAPI32.dll
0x00007ffd27e70000 - 0x00007ffd27f17000 	C:\Windows\System32\sechost.dll
0x00007ffd27520000 - 0x00007ffd27638000 	C:\Windows\System32\RPCRT4.dll
0x00007ffd28f70000 - 0x00007ffd28ff0000 	C:\Windows\System32\WS2_32.dll
0x00007ffd25d20000 - 0x00007ffd25d7e000 	C:\Windows\SYSTEM32\POWRPROF.dll
0x00007ffd20650000 - 0x00007ffd20686000 	C:\Windows\SYSTEM32\WINMM.dll
0x00007ffd20690000 - 0x00007ffd2069b000 	C:\Windows\SYSTEM32\VERSION.dll
0x00007ffd25d00000 - 0x00007ffd25d14000 	C:\Windows\SYSTEM32\UMPDC.dll
0x00007ffd24e00000 - 0x00007ffd24e1b000 	C:\Windows\SYSTEM32\kernel.appcore.dll
0x00007ffd1cf50000 - 0x00007ffd1cf5a000 	c:\Users\acer\.vscode\extensions\redhat.java-1.54.0-win32-x64\jre\21.0.10-win32-x86_64\bin\jimage.dll
0x00007ffd1ab60000 - 0x00007ffd1ada2000 	C:\Windows\SYSTEM32\DBGHELP.DLL
0x00007ffd277c0000 - 0x00007ffd27b43000 	C:\Windows\System32\combase.dll
0x00007ffd27bc0000 - 0x00007ffd27c99000 	C:\Windows\System32\OLEAUT32.dll
0x00007ffd12380000 - 0x00007ffd123bb000 	C:\Windows\SYSTEM32\dbgcore.DLL
0x00007ffd27190000 - 0x00007ffd27238000 	C:\Windows\System32\bcryptPrimitives.dll
0x00007ffd1cf40000 - 0x00007ffd1cf4f000 	c:\Users\acer\.vscode\extensions\redhat.java-1.54.0-win32-x64\jre\21.0.10-win32-x86_64\bin\instrument.dll
0x00007ffd1cf20000 - 0x00007ffd1cf40000 	c:\Users\acer\.vscode\extensions\redhat.java-1.54.0-win32-x64\jre\21.0.10-win32-x86_64\bin\java.dll
0x00007ffd287a0000 - 0x00007ffd28f0e000 	C:\Windows\System32\SHELL32.dll
0x00007ffd26260000 - 0x00007ffd26acc000 	C:\Windows\System32\windows.storage.dll
0x00007ffd280d0000 - 0x00007ffd281c6000 	C:\Windows\System32\SHCORE.dll
0x00007ffd27b50000 - 0x00007ffd27bb6000 	C:\Windows\System32\shlwapi.dll
0x00007ffd25f90000 - 0x00007ffd25fb9000 	C:\Windows\SYSTEM32\profapi.dll
0x00007ffce4590000 - 0x00007ffce45a8000 	c:\Users\acer\.vscode\extensions\redhat.java-1.54.0-win32-x64\jre\21.0.10-win32-x86_64\bin\zip.dll
0x00007ffd0df20000 - 0x00007ffd0df30000 	C:\Users\acer\.vscode\extensions\redhat.java-1.54.0-win32-x64\jre\21.0.10-win32-x86_64\bin\net.dll
0x00007ffd1d4d0000 - 0x00007ffd1d5f9000 	C:\Windows\SYSTEM32\WINHTTP.dll
0x00007ffd25370000 - 0x00007ffd253dc000 	C:\Windows\system32\mswsock.dll
0x00007ffce4570000 - 0x00007ffce4586000 	C:\Users\acer\.vscode\extensions\redhat.java-1.54.0-win32-x64\jre\21.0.10-win32-x86_64\bin\nio.dll
0x00007ffcebf50000 - 0x00007ffcebf60000 	c:\Users\acer\.vscode\extensions\redhat.java-1.54.0-win32-x64\jre\21.0.10-win32-x86_64\bin\verify.dll
0x00007ffce44d0000 - 0x00007ffce4515000 	C:\Users\acer\AppData\Roaming\Code\User\globalStorage\redhat.java\1.54.0\config_win\org.eclipse.equinox.launcher\org.eclipse.equinox.launcher.win32.win32.x86_64_1.3.0.v20260203-2149\eclipse_11919.dll
0x00007ffd29000000 - 0x00007ffd29197000 	C:\Windows\System32\ole32.dll
0x00007ffd25650000 - 0x00007ffd2566b000 	C:\Windows\SYSTEM32\CRYPTSP.dll
0x00007ffd24d60000 - 0x00007ffd24d99000 	C:\Windows\system32\rsaenh.dll
0x00007ffd25420000 - 0x00007ffd25453000 	C:\Windows\SYSTEM32\USERENV.dll
0x00007ffd25f60000 - 0x00007ffd25f8a000 	C:\Windows\SYSTEM32\bcrypt.dll
0x00007ffd25670000 - 0x00007ffd2567c000 	C:\Windows\SYSTEM32\CRYPTBASE.dll
0x00007ffd247f0000 - 0x00007ffd24822000 	C:\Windows\SYSTEM32\IPHLPAPI.DLL
0x00007ffd27400000 - 0x00007ffd2740a000 	C:\Windows\System32\NSI.dll
0x00007ffd14170000 - 0x00007ffd141b9000 	C:\Users\acer\AppData\Local\Temp\jna-2988111\jna2884000968764544693.dll
0x00007ffd273f0000 - 0x00007ffd273f8000 	C:\Windows\System32\PSAPI.DLL
0x00007ffd206a0000 - 0x00007ffd206bd000 	C:\Windows\SYSTEM32\dhcpcsvc6.DLL
0x00007ffd20620000 - 0x00007ffd20645000 	C:\Windows\SYSTEM32\dhcpcsvc.DLL

JVMTI agents:
c:\Users\acer\.vscode\extensions\redhat.java-1.54.0-win32-x64\lombok\lombok-1.18.39-4050.jar path:c:\Users\acer\.vscode\extensions\redhat.java-1.54.0-win32-x64\jre\21.0.10-win32-x86_64\bin\instrument.dll, loaded, initialized, instrumentlib options:none

dbghelp: loaded successfully - version: 4.0.5 - missing functions: none
symbol engine: initialized successfully - sym options: 0x614 - pdb path: .;c:\Users\acer\.vscode\extensions\redhat.java-1.54.0-win32-x64\jre\21.0.10-win32-x86_64\bin;C:\Windows\SYSTEM32;C:\Windows\WinSxS\amd64_microsoft.windows.common-controls_6595b64144ccf1df_6.0.26100.8457_none_3e0b2faee331e92d;c:\Users\acer\.vscode\extensions\redhat.java-1.54.0-win32-x64\jre\21.0.10-win32-x86_64\bin\server;C:\Users\acer\AppData\Roaming\Code\User\globalStorage\redhat.java\1.54.0\config_win\org.eclipse.equinox.launcher\org.eclipse.equinox.launcher.win32.win32.x86_64_1.3.0.v20260203-2149;C:\Users\acer\AppData\Local\Temp\jna-2988111

VM Arguments:
jvm_args: --add-modules=ALL-SYSTEM --add-opens=java.base/java.util=ALL-UNNAMED --add-opens=java.base/java.lang=ALL-UNNAMED --add-opens=java.base/sun.nio.fs=ALL-UNNAMED -Declipse.application=org.eclipse.jdt.ls.core.id1 -Dosgi.bundles.defaultStartLevel=4 -Declipse.product=org.eclipse.jdt.ls.core.product -Djava.import.generatesMetadataFilesAtProjectRoot=false -DDetectVMInstallationsJob.disabled=true -Dfile.encoding=utf8 -XX:+UseParallelGC -XX:GCTimeRatio=4 -XX:AdaptiveSizePolicyWeight=90 -Dsun.zip.disableMemoryMapping=true -Xmx2G -Xms100m -Xlog:disable -javaagent:c:\Users\acer\.vscode\extensions\redhat.java-1.54.0-win32-x64\lombok\lombok-1.18.39-4050.jar -XX:+HeapDumpOnOutOfMemoryError -XX:HeapDumpPath=c:\Users\acer\AppData\Roaming\Code\User\workspaceStorage\bf86a25aabd705ff7bd7445d23a2ae5a\redhat.java -Daether.dependencyCollector.impl=bf 
java_command: c:\Users\acer\.vscode\extensions\redhat.java-1.54.0-win32-x64\server\plugins\org.eclipse.equinox.launcher_1.7.100.v20251111-0406.jar -configuration c:\Users\acer\AppData\Roaming\Code\User\globalStorage\redhat.java\1.54.0\config_win -data c:\Users\acer\AppData\Roaming\Code\User\workspaceStorage\bf86a25aabd705ff7bd7445d23a2ae5a\redhat.java\jdt_ws --pipe=\\.\pipe\lsp-4a79514c8ffcf6ea77ad4e45aa26daf5-sock
java_class_path (initial): c:\Users\acer\.vscode\extensions\redhat.java-1.54.0-win32-x64\server\plugins\org.eclipse.equinox.launcher_1.7.100.v20251111-0406.jar
Launcher Type: SUN_STANDARD

[Global flags]
    uintx AdaptiveSizePolicyWeight                 = 90                                        {product} {command line}
     intx CICompilerCount                          = 4                                         {product} {ergonomic}
    uintx GCTimeRatio                              = 4                                         {product} {command line}
     bool HeapDumpOnOutOfMemoryError               = true                                   {manageable} {command line}
    ccstr HeapDumpPath                             = c:\Users\acer\AppData\Roaming\Code\User\workspaceStorage\bf86a25aabd705ff7bd7445d23a2ae5a\redhat.java         {manageable} {command line}
   size_t InitialHeapSize                          = 104857600                                 {product} {command line}
   size_t MaxHeapSize                              = 2147483648                                {product} {command line}
   size_t MaxNewSize                               = 715653120                                 {product} {ergonomic}
   size_t MinHeapDeltaBytes                        = 524288                                    {product} {ergonomic}
   size_t MinHeapSize                              = 104857600                                 {product} {command line}
   size_t NewSize                                  = 34603008                                  {product} {ergonomic}
    uintx NonNMethodCodeHeapSize                   = 5839372                                {pd product} {ergonomic}
    uintx NonProfiledCodeHeapSize                  = 122909434                              {pd product} {ergonomic}
   size_t OldSize                                  = 70254592                                  {product} {ergonomic}
    uintx ProfiledCodeHeapSize                     = 122909434                              {pd product} {ergonomic}
    uintx ReservedCodeCacheSize                    = 251658240                              {pd product} {ergonomic}
     bool SegmentedCodeCache                       = true                                      {product} {ergonomic}
   size_t SoftMaxHeapSize                          = 2147483648                             {manageable} {ergonomic}
     bool UseCompressedOops                        = true                           {product lp64_product} {ergonomic}
     bool UseLargePagesIndividualAllocation        = false                                  {pd product} {ergonomic}
     bool UseParallelGC                            = true                                      {product} {command line}

Logging:
Log output configuration:
 #0: stdout all=off uptime,level,tags foldmultilines=false
 #1: stderr all=off uptime,level,tags foldmultilines=false

Release file:
JAVA_VERSION="21.0.10" 
MODULES="java.base java.compiler java.datatransfer java.xml java.prefs java.desktop java.instrument java.logging java.management java.security.sasl java.naming java.rmi java.management.rmi java.net.http java.scripting java.security.jgss java.transaction.xa java.sql java.sql.rowset java.xml.crypto java.se java.smartcardio jdk.accessibility jdk.internal.jvmstat jdk.attach jdk.charsets jdk.internal.opt jdk.zipfs jdk.compiler jdk.crypto.ec jdk.crypto.cryptoki jdk.crypto.mscapi jdk.dynalink jdk.internal.ed jdk.editpad jdk.hotspot.agent jdk.httpserver jdk.internal.le jdk.internal.vm.ci jdk.internal.vm.compiler jdk.internal.vm.compiler.management jdk.jartool jdk.javadoc jdk.jcmd jdk.management jdk.management.agent jdk.jconsole jdk.jdeps jdk.jdwp.agent jdk.jdi jdk.jfr jdk.jshell jdk.jsobject jdk.jstatd jdk.localedata jdk.management.jfr jdk.naming.dns jdk.naming.rmi jdk.net jdk.nio.mapmode jdk.random jdk.sctp jdk.security.auth jdk.security.jgss jdk.unsupported jdk.unsupported.desktop jdk.xml.dom" 

Environment Variables:
PATH=C:\Program Files\Eclipse Adoptium\jdk-17.0.19.10-hotspot\bin;C:\Program Files (x86)\Common Files\Oracle\Java\java8path;C:\Program Files (x86)\Common Files\Oracle\Java\javapath;C:\Windows\system32;C:\Windows;C:\Windows\System32\Wbem;C:\Windows\System32\WindowsPowerShell\v1.0\;C:\Windows\System32\OpenSSH\;C:\Program Files\Git\cmd;C:\Users\acer\Desktop\apache-maven-3.9.16\bin;C:\Users\acer\AppData\Local\Programs\Eclipse Adoptium\jdk-21.0.11.10-hotspot\bin;C:\Users\acer\.local\bin;C:\Users\acer\AppData\Local\Microsoft\WindowsApps;C:\Users\acer\AppData\Local\Programs\Microsoft VS Code\bin
USERNAME=acer
OS=Windows_NT
PROCESSOR_IDENTIFIER=AMD64 Family 23 Model 160 Stepping 0, AuthenticAMD
TMP=C:\Users\acer\AppData\Local\Temp
TEMP=C:\Users\acer\AppData\Local\Temp




Periodic native trim disabled

---------------  S Y S T E M  ---------------

OS:
 Windows 11 , 64 bit Build 26100 (10.0.26100.8328)
OS uptime: 22 days 17:24 hours
Hyper-V role detected

CPU: total 8 (initial active 8) (8 cores per cpu, 2 threads per core) family 23 model 160 stepping 0 microcode 0x8a00006, cx8, cmov, fxsr, ht, mmx, 3dnowpref, sse, sse2, sse3, ssse3, sse4a, sse4.1, sse4.2, popcnt, lzcnt, tsc, tscinvbit, avx, avx2, aes, clmul, bmi1, bmi2, adx, sha, fma, vzeroupper, clflush, clflushopt, hv, rdtscp, rdpid, f16c
Processor Information for the first 8 processors :
  Max Mhz: 2401, Current Mhz: 2401, Mhz Limit: 2401

Memory: 4k page, system-wide physical 7480M (660M free)
TotalPageFile size 25011M (AvailPageFile size 5M)
current process WorkingSet (physical memory assigned to process): 9M, peak: 324M
current process commit charge ("private bytes"): 417M, peak: 468M

vm_info: OpenJDK 64-Bit Server VM (21.0.10+7-LTS) for windows-amd64 JRE (21.0.10+7-LTS), built on 2026-01-20T00:00:00Z by "admin" with MS VC++ 17.12 (VS2022)

END.
