#
# There is insufficient memory for the Java Runtime Environment to continue.
# Native memory allocation (mmap) failed to map 65536 bytes. Error detail: Failed to commit metaspace.
# Possible reasons:
#   The system is out of physical RAM or swap space
#   This process is running with CompressedOops enabled, and the Java Heap may be blocking the growth of the native heap
# Possible solutions:
#   Reduce memory load on the system
#   Increase physical memory or swap space
#   Check if swap backing store is full
#   Decrease Java heap size (-Xmx/-Xms)
#   Decrease number of Java threads
#   Decrease Java thread stack sizes (-Xss)
#   Set larger code cache with -XX:ReservedCodeCacheSize=
#   JVM is running with Unscaled Compressed Oops mode in which the Java heap is
#     placed in the first 4GB address space. The Java Heap base address is the
#     maximum limit for the native heap growth. Please use -XX:HeapBaseMinAddress
#     to set the Java Heap base and to place the Java Heap above 4GB virtual address.
# This output file may be truncated or incomplete.
#
#  Out of Memory Error (virtualSpaceNode.cpp:110), pid=13380, tid=26396
#
# JRE version: OpenJDK Runtime Environment Temurin-17.0.19+10 (17.0.19+10) (build 17.0.19+10)
# Java VM: OpenJDK 64-Bit Server VM Temurin-17.0.19+10 (17.0.19+10, mixed mode, emulated-client, sharing, tiered, compressed oops, compressed class ptrs, g1 gc, windows-amd64)
# No core dump will be written. Minidumps are not enabled by default on client versions of Windows
#

---------------  S U M M A R Y ------------

Command Line: -XX:TieredStopAtLevel=1 com.ecommerce.payment.PaymentServiceApplication

Host: AMD Ryzen 3 7320U with Radeon Graphics         , 8 cores, 7G,  Windows 11 , 64 bit Build 26100 (10.0.26100.8328)
Time: Sun Jun  7 19:18:05 2026 India Standard Time elapsed time: 9.361600 seconds (0d 0h 0m 9s)

---------------  T H R E A D  ---------------

Current thread (0x000001ebe62d4090):  JavaThread "Thread-1" [_thread_in_vm, id=26396, stack(0x0000009878f00000,0x0000009879000000)]

Stack: [0x0000009878f00000,0x0000009879000000]
Native frames: (J=compiled Java code, j=interpreted, Vv=VM code, C=native code)
V  [jvm.dll+0x684b29]
V  [jvm.dll+0x83a2d5]
V  [jvm.dll+0x83bd4e]
V  [jvm.dll+0x83c3d3]
V  [jvm.dll+0x24905f]
V  [jvm.dll+0x8360bd]
V  [jvm.dll+0x62941d]
V  [jvm.dll+0x1c07e0]
V  [jvm.dll+0x62bd92]
V  [jvm.dll+0x629dd6]
V  [jvm.dll+0x23cc70]
V  [jvm.dll+0x633c65]
V  [jvm.dll+0x1ea6a1]
V  [jvm.dll+0x1eab25]
V  [jvm.dll+0x1eb4d7]
V  [jvm.dll+0x1e09a1]
V  [jvm.dll+0x5482c9]
V  [jvm.dll+0x7b4f98]
V  [jvm.dll+0x7b5094]
V  [jvm.dll+0x414d34]
V  [jvm.dll+0x41b799]
C  [java.dll+0x17ec]

Java frames: (J=compiled Java code, j=interpreted, Vv=VM code)
J 651  java.lang.ClassLoader.defineClass1(Ljava/lang/ClassLoader;Ljava/lang/String;[BIILjava/security/ProtectionDomain;Ljava/lang/String;)Ljava/lang/Class; java.base@17.0.19 (0 bytes) @ 0x000001ebd6699703 [0x000001ebd6699640+0x00000000000000c3]
J 909 c1 java.lang.ClassLoader.defineClass(Ljava/lang/String;[BIILjava/security/ProtectionDomain;)Ljava/lang/Class; java.base@17.0.19 (43 bytes) @ 0x000001ebd66fdddc [0x000001ebd66fdce0+0x00000000000000fc]
J 792 c1 jdk.internal.loader.BuiltinClassLoader.defineClass(Ljava/lang/String;Ljdk/internal/loader/Resource;)Ljava/lang/Class; java.base@17.0.19 (121 bytes) @ 0x000001ebd66d7164 [0x000001ebd66d6ca0+0x00000000000004c4]
J 791 c1 jdk.internal.loader.BuiltinClassLoader.findClassOnClassPathOrNull(Ljava/lang/String;)Ljava/lang/Class; java.base@17.0.19 (64 bytes) @ 0x000001ebd66d535c [0x000001ebd66d50a0+0x00000000000002bc]
J 446 c1 jdk.internal.loader.BuiltinClassLoader.loadClassOrNull(Ljava/lang/String;Z)Ljava/lang/Class; java.base@17.0.19 (143 bytes) @ 0x000001ebd66456dc [0x000001ebd6645280+0x000000000000045c]
J 691 c1 jdk.internal.loader.ClassLoaders$AppClassLoader.loadClass(Ljava/lang/String;Z)Ljava/lang/Class; java.base@17.0.19 (40 bytes) @ 0x000001ebd66ae244 [0x000001ebd66ae100+0x0000000000000144]
J 690 c1 java.lang.ClassLoader.loadClass(Ljava/lang/String;)Ljava/lang/Class; java.base@17.0.19 (7 bytes) @ 0x000001ebd66ab384 [0x000001ebd66ab340+0x0000000000000044]
v  ~StubRoutines::call_stub
J 428  java.lang.Class.forName0(Ljava/lang/String;ZLjava/lang/ClassLoader;Ljava/lang/Class;)Ljava/lang/Class; java.base@17.0.19 (0 bytes) @ 0x000001ebd663fbcf [0x000001ebd663fb40+0x000000000000008f]
J 897 c1 java.lang.Class.forName(Ljava/lang/String;ZLjava/lang/ClassLoader;)Ljava/lang/Class; java.base@17.0.19 (47 bytes) @ 0x000001ebd66f9f54 [0x000001ebd66f9e60+0x00000000000000f4]
J 2182 c1 org.springframework.boot.autoconfigure.condition.OnClassCondition$StandardOutcomesResolver.getOutcome(Ljava/lang/String;Ljava/lang/ClassLoader;)Lorg/springframework/boot/autoconfigure/condition/ConditionOutcome; (45 bytes) @ 0x000001ebd64b85ec [0x000001ebd64b8580+0x000000000000006c]
j  org.springframework.boot.autoconfigure.condition.OnClassCondition$StandardOutcomesResolver.getOutcome(Ljava/lang/String;)Lorg/springframework/boot/autoconfigure/condition/ConditionOutcome;+49
j  org.springframework.boot.autoconfigure.condition.OnClassCondition$StandardOutcomesResolver.getOutcomes([Ljava/lang/String;IILorg/springframework/boot/autoconfigure/AutoConfigurationMetadata;)[Lorg/springframework/boot/autoconfigure/condition/ConditionOutcome;+55
j  org.springframework.boot.autoconfigure.condition.OnClassCondition$StandardOutcomesResolver.resolveOutcomes()[Lorg/springframework/boot/autoconfigure/condition/ConditionOutcome;+17
j  org.springframework.boot.autoconfigure.condition.OnClassCondition$ThreadedOutcomesResolver.lambda$new$0(Lorg/springframework/boot/autoconfigure/condition/OnClassCondition$OutcomesResolver;)V+2
j  org.springframework.boot.autoconfigure.condition.OnClassCondition$ThreadedOutcomesResolver$$Lambda$352+0x000001eb8123f110.run()V+8
j  java.lang.Thread.run()V+11 java.base@17.0.19
v  ~StubRoutines::call_stub

Compiled method (n/a) 9400  651     n 0       java.lang.ClassLoader::defineClass1 (native)
 total in heap  [0x000001ebd6699490,0x000001ebd6699990] = 1280
 relocation     [0x000001ebd66995f0,0x000001ebd6699628] = 56
 main code      [0x000001ebd6699640,0x000001ebd6699990] = 848

[Constant Pool (empty)]

[MachCode]
[Entry Point]
  # {method} {0x000001eb80010f18} 'defineClass1' '(Ljava/lang/ClassLoader;Ljava/lang/String;[BIILjava/security/ProtectionDomain;Ljava/lang/String;)Ljava/lang/Class;' in 'java/lang/ClassLoader'
  # parm0:    rdx:rdx   = 'java/lang/ClassLoader'
  # parm1:    r8:r8     = 'java/lang/String'
  # parm2:    r9:r9     = '[B'
  # parm3:    rdi       = int
  # parm4:    rsi       = int
  # parm5:    rcx:rcx   = 'java/security/ProtectionDomain'
  # parm6:    [sp+0xa0]   = 'java/lang/String'  (sp of caller)
  0x000001ebd6699640: 448b 5208 | 49bb 0000 | 0080 eb01 | 0000 4d03 | d349 3bc2 | 0f84 0600 

  0x000001ebd6699658: ;   {runtime_call ic_miss_stub}
  0x000001ebd6699658: 0000 e921 | 7ad3 ff90 
[Verified Entry Point]
  0x000001ebd6699660: 8984 2400 | 90ff ff55 | 488b ec48 | 81ec 9000 | 0000 4881 | 7d10 0000 | 0000 488d | 4510 480f 
  0x000001ebd6699680: 4445 1048 | 8944 2440 | 4889 4c24 | 7048 83f9 | 0048 8d44 | 2470 480f | 4444 2470 | 4889 4424 
  0x000001ebd66996a0: 3848 8974 | 2430 4889 | 7c24 284c | 894c 2458 | 4983 f900 | 488d 4424 | 5848 0f44 | 4424 5848 
  0x000001ebd66996c0: 8944 2420 | 4c89 4424 | 5049 83f8 | 004c 8d4c | 2450 4c0f | 444c 2450 | 4889 5424 | 4848 83fa 
  0x000001ebd66996e0: 004c 8d44 | 2448 4c0f | 4444 2448 

  0x000001ebd66996ec: ;   {oop(a 'java/lang/Class'{0x000000008b6f3008} = 'java/lang/ClassLoader')}
  0x000001ebd66996ec: 49be 0830 | 6f8b 0000 | 0000 4c89 | 7424 784c | 8d74 2478 | 498b d6c5 

  0x000001ebd6699704: ;   {internal_word}
  0x000001ebd6699704: f877 49ba | 0397 69d6 | eb01 0000 | 4d89 97a0 | 0200 0049 | 89a7 9802 

  0x000001ebd669971c: ;   {external_word}
  0x000001ebd669971c: 0000 49ba | d5d6 d6ce | fc7f 0000 | 4180 3a00 | 0f84 5200 | 0000 5241 

  0x000001ebd6699734: ;   {metadata({method} {0x000001eb80010f18} 'defineClass1' '(Ljava/lang/ClassLoader;Ljava/lang/String;[BIILjava/security/ProtectionDomain;Ljava/lang/String;)Ljava/lang/Class;' in 'java/lang/ClassLoader')}
  0x000001ebd6699734: 5041 5148 | ba10 0f01 | 80eb 0100 | 0049 8bcf | 4883 ec20 | f7c4 0f00 | 0000 0f84 | 1a00 0000 
  0x000001ebd6699754: 4883 ec08 

  0x000001ebd6699758: ;   {runtime_call}
  0x000001ebd6699758: 49ba 80a4 | 8cce fc7f | 0000 41ff | d248 83c4 | 08e9 0d00 

  0x000001ebd669976c: ;   {runtime_call}
  0x000001ebd669976c: 0000 49ba | 80a4 8cce | fc7f 0000 | 41ff d248 | 83c4 2041 | 5941 585a | 498d 8fb8 | 0200 0041 
  0x000001ebd669978c: c787 4003 | 0000 0400 

  0x000001ebd6699794: ;   {runtime_call}
  0x000001ebd6699794: 0000 49ba | ac16 25ec | fc7f 0000 | 41ff d2c5 | f877 41c7 | 8740 0300 | 0005 0000 | 00f0 8344 
  0x000001ebd66997b4: 24c0 0049 | 3baf 4803 | 0000 0f87 | 1100 0000 | 4181 bf30 | 0300 0000 | 0000 000f | 842c 0000 
  0x000001ebd66997d4: 00c5 f877 | 4889 45f8 | 498b cf4c | 8be4 4883 | ec20 4883 

  0x000001ebd66997e8: ;   {runtime_call}
  0x000001ebd66997e8: e4f0 49ba | d0b3 9cce | fc7f 0000 | 41ff d249 | 8be4 4d33 | e448 8b45 | f841 c787 | 4003 0000 
  0x000001ebd6699808: 0800 0000 | 4181 bfb0 | 0300 0002 | 0000 000f | 843f 0100 

  0x000001ebd669981c: ;   {external_word}
  0x000001ebd669981c: 0049 bad5 | d6d6 cefc | 7f00 0041 | 803a 000f | 8450 0000 | 0048 8945 

  0x000001ebd6699834: ;   {metadata({method} {0x000001eb80010f18} 'defineClass1' '(Ljava/lang/ClassLoader;Ljava/lang/String;[BIILjava/security/ProtectionDomain;Ljava/lang/String;)Ljava/lang/Class;' in 'java/lang/ClassLoader')}
  0x000001ebd6699834: f848 ba10 | 0f01 80eb | 0100 0049 | 8bcf 4883 | ec20 f7c4 | 0f00 0000 | 0f84 1a00 | 0000 4883 
  0x000001ebd6699854: ;   {runtime_call}
  0x000001ebd6699854: ec08 49ba | 80a4 8cce | fc7f 0000 | 41ff d248 | 83c4 08e9 | 0d00 0000 

  0x000001ebd669986c: ;   {runtime_call}
  0x000001ebd669986c: 49ba 80a4 | 8cce fc7f | 0000 41ff | d248 83c4 | 2048 8b45 | f849 c787 | 9802 0000 | 0000 0000 
  0x000001ebd669988c: 49c7 87a0 | 0200 0000 | 0000 00c5 | f877 4885 | c00f 8493 | 0000 0048 | f7c0 0100 | 0000 0f84 
  0x000001ebd66998ac: 8300 0000 | 488b 40ff | 4180 7f38 | 000f 846f | 0000 0048 | 83f8 000f | 8465 0000 | 0049 8b4f 
  0x000001ebd66998cc: 2048 83f9 | 000f 8414 | 0000 0048 | 83e9 0849 | 894f 2049 | 034f 3048 | 8901 e943 | 0000 0050 
  0x000001ebd66998ec: 498b d748 | 8bc8 4883 | ec20 f7c4 | 0f00 0000 | 0f84 1a00 | 0000 4883 

  0x000001ebd6699904: ;   {runtime_call}
  0x000001ebd6699904: ec08 49ba | 706b 4bce | fc7f 0000 | 41ff d248 | 83c4 08e9 | 0d00 0000 

  0x000001ebd669991c: ;   {runtime_call}
  0x000001ebd669991c: 49ba 706b | 4bce fc7f | 0000 41ff | d248 83c4 | 2058 e903 | 0000 0048 | 8b00 498b | 8fd8 0000 
  0x000001ebd669993c: 00c7 8100 | 0100 0000 | 0000 00c9 | 4981 7f08 | 0000 0000 | 0f85 0100 

  0x000001ebd6699954: ;   {runtime_call StubRoutines (1)}
  0x000001ebd6699954: 0000 c3e9 | a475 ceff | c5f8 7748 | 8945 f84c | 8be4 4883 | ec20 4883 

  0x000001ebd669996c: ;   {runtime_call}
  0x000001ebd669996c: e4f0 49ba | 70d5 8cce | fc7f 0000 | 41ff d249 | 8be4 4d33 | e448 8b45 | f8e9 93fe | ffff f4f4 
  0x000001ebd669998c: f4f4 f4f4 
[/MachCode]


Compiled method (c1) 9406  909       1       java.lang.ClassLoader::defineClass (43 bytes)
 total in heap  [0x000001ebd66fdb10,0x000001ebd66fe0b0] = 1440
 relocation     [0x000001ebd66fdc70,0x000001ebd66fdcd0] = 96
 main code      [0x000001ebd66fdce0,0x000001ebd66fde80] = 416
 stub code      [0x000001ebd66fde80,0x000001ebd66fdef8] = 120
 metadata       [0x000001ebd66fdef8,0x000001ebd66fdf28] = 48
 scopes data    [0x000001ebd66fdf28,0x000001ebd66fdfe0] = 184
 scopes pcs     [0x000001ebd66fdfe0,0x000001ebd66fe080] = 160
 dependencies   [0x000001ebd66fe080,0x000001ebd66fe088] = 8
 nul chk table  [0x000001ebd66fe088,0x000001ebd66fe0b0] = 40

[Constant Pool (empty)]

[MachCode]
[Entry Point]
  # {method} {0x000001eb80010cb0} 'defineClass' '(Ljava/lang/String;[BIILjava/security/ProtectionDomain;)Ljava/lang/Class;' in 'java/lang/ClassLoader'
  # this:     rdx:rdx   = 'java/lang/ClassLoader'
  # parm0:    r8:r8     = 'java/lang/String'
  # parm1:    r9:r9     = '[B'
  # parm2:    rdi       = int
  # parm3:    rsi       = int
  # parm4:    rcx:rcx   = 'java/security/ProtectionDomain'
  #           [sp+0xc0]  (sp of caller)
  0x000001ebd66fdce0: 448b 5208 | 49bb 0000 | 0080 eb01 | 0000 4d03 | d34c 3bd0 

  0x000001ebd66fdcf4: ;   {runtime_call ic_miss_stub}
  0x000001ebd66fdcf4: 0f85 8633 | cdff 660f | 1f44 0000 
[Verified Entry Point]
  0x000001ebd66fdd00: 8984 2400 | 90ff ff55 | 4881 ecb0 | 0000 0048 | 8954 2478 | 89b4 2494 | 0000 0089 | bc24 9000 
  0x000001ebd66fdd20: 0000 4c89 | 8c24 8800 | 0000 498b | d84c 8bc3 | 4c8b c948 | 8bca 488b | d148 899c | 2480 0000 
  0x000001ebd66fdd40: 0066 0f1f 

  0x000001ebd66fdd44: ;   {optimized virtual_call}
  0x000001ebd66fdd44: 4400 00e8 

  0x000001ebd66fdd48: ; ImmutableOopMap {[120]=Oop [136]=Oop [128]=Oop }
                      ;*invokevirtual preDefineClass {reexecute=0 rethrow=0 return_oop=0}
                      ; - java.lang.ClassLoader::defineClass@4 (line 1015)
  0x000001ebd66fdd48: f40e 0000 | 4889 8424 | 9800 0000 

  0x000001ebd66fdd54: ; implicit exception: dispatches to 0x000001ebd66fde1a
  0x000001ebd66fdd54: 448b 4010 | 4983 f800 | 0f85 0f00 

  0x000001ebd66fdd60: ;   {oop(NULL)}
  0x000001ebd66fdd60: 0000 48bb | 0000 0000 | 0000 0000 | e936 0000 | 0045 8b40 | 0c49 83f8 | 000f 850f 

  0x000001ebd66fdd7c: ;   {oop(NULL)}
  0x000001ebd66fdd7c: 0000 0048 | bb00 0000 | 0000 0000 | 00e9 1900 | 0000 418b | 5038 483b 

  0x000001ebd66fdd94: ;   {optimized virtual_call}
  0x000001ebd66fdd94: 0266 90e8 

  0x000001ebd66fdd98: ; ImmutableOopMap {[120]=Oop [136]=Oop [128]=Oop [152]=Oop }
                      ;*invokevirtual toExternalForm {reexecute=0 rethrow=0 return_oop=0}
                      ; - java.net.URL::toExternalForm@5 (line 1039)
                      ; - java.net.URL::toString@1 (line 1025)
                      ; - java.lang.ClassLoader::defineClassSourceLocation@22 (line 917)
                      ; - java.lang.ClassLoader::defineClass@12 (line 1016)
  0x000001ebd66fdd98: 84b9 faff | 488b d848 | 8b84 2498 | 0000 008b | b424 9400 | 0000 8bbc | 2490 0000 | 004c 8b8c 
  0x000001ebd66fddb8: 2488 0000 | 004c 8b84 | 2480 0000 | 0048 8b54 | 2478 4c8b | da49 8bd3 | 488b c848 

  0x000001ebd66fddd4: ;   {static_call}
  0x000001ebd66fddd4: 891c 24e8 

  0x000001ebd66fddd8: ; ImmutableOopMap {[152]=Oop [120]=Oop }
                      ;*invokestatic defineClass1 {reexecute=0 rethrow=0 return_oop=0}
                      ; - java.lang.ClassLoader::defineClass@27 (line 1017)
  0x000001ebd66fddd8: 84b8 f9ff | 4c8b c04c | 8b8c 2498 | 0000 0048 | 8b54 2478 | 4889 8424 | a000 0000 

  0x000001ebd66fddf4: ;   {optimized virtual_call}
  0x000001ebd66fddf4: 6666 90e8 

  0x000001ebd66fddf8: ; ImmutableOopMap {[160]=Oop }
                      ;*invokevirtual postDefineClass {reexecute=0 rethrow=0 return_oop=0}
                      ; - java.lang.ClassLoader::defineClass@37 (line 1018)
  0x000001ebd66fddf8: 0409 0000 | 488b 8424 | a000 0000 | 4881 c4b0 | 0000 005d 

  0x000001ebd66fde0c: ;   {poll_return}
  0x000001ebd66fde0c: 493b a748 | 0300 000f | 8715 0000 

  0x000001ebd66fde18: ;   {runtime_call throw_null_pointer_exception Runtime1 stub}
  0x000001ebd66fde18: 00c3 e801 

  0x000001ebd66fde1c: ; ImmutableOopMap {[120]=Oop [136]=Oop [128]=Oop rax=Oop [152]=Oop }
                      ;*invokevirtual getCodeSource {reexecute=0 rethrow=0 return_oop=0}
                      ; - java.lang.ClassLoader::defineClassSourceLocation@1 (line 914)
                      ; - java.lang.ClassLoader::defineClass@12 (line 1016)
                      ;   {runtime_call throw_null_pointer_exception Runtime1 stub}
  0x000001ebd66fde1c: 68d7 ffe8 

  0x000001ebd66fde20: ; ImmutableOopMap {[120]=Oop [136]=Oop [128]=Oop rax=Oop [152]=Oop }
                      ;*invokevirtual getLocation {reexecute=0 rethrow=0 return_oop=0}
                      ; - java.lang.ClassLoader::defineClassSourceLocation@12 (line 916)
                      ; - java.lang.ClassLoader::defineClass@12 (line 1016)
  0x000001ebd66fde20: fc67 d7ff 

  0x000001ebd66fde24: ;   {runtime_call throw_null_pointer_exception Runtime1 stub}
  0x000001ebd66fde24: e8f7 67d7 

  0x000001ebd66fde28: ; ImmutableOopMap {[120]=Oop [136]=Oop [128]=Oop [152]=Oop r8=Oop }
                      ;*invokevirtual toString {reexecute=0 rethrow=0 return_oop=0}
                      ; - java.lang.ClassLoader::defineClassSourceLocation@22 (line 917)
                      ; - java.lang.ClassLoader::defineClass@12 (line 1016)
                      ;   {runtime_call throw_null_pointer_exception Runtime1 stub}
  0x000001ebd66fde28: ffe8 f267 

  0x000001ebd66fde2c: ; ImmutableOopMap {[120]=Oop [136]=Oop [128]=Oop [152]=Oop r8=Oop rdx=Oop }
                      ;*invokevirtual toExternalForm {reexecute=0 rethrow=0 return_oop=0}
                      ; - java.net.URL::toExternalForm@5 (line 1039)
                      ; - java.net.URL::toString@1 (line 1025)
                      ; - java.lang.ClassLoader::defineClassSourceLocation@22 (line 917)
                      ; - java.lang.ClassLoader::defineClass@12 (line 1016)
                      ;   {internal_word}
  0x000001ebd66fde2c: d7ff 49ba | 0cde 6fd6 | eb01 0000 | 4d89 9760 

  0x000001ebd66fde3c: ;   {runtime_call SafepointBlob}
  0x000001ebd66fde3c: 0300 00e9 | bc9b cdff | 9090 498b | 87d8 0300 | 0049 c787 | d803 0000 | 0000 0000 | 49c7 87e0 
  0x000001ebd66fde5c: 0300 0000 | 0000 0048 | 81c4 b000 

  0x000001ebd66fde68: ;   {runtime_call unwind_exception Runtime1 stub}
  0x000001ebd66fde68: 0000 5de9 | 9052 d7ff | f4f4 f4f4 | f4f4 f4f4 | f4f4 f4f4 | f4f4 f4f4 
[Stub Code]
  0x000001ebd66fde80: ;   {no_reloc}
  0x000001ebd66fde80: 0f1f 4400 

  0x000001ebd66fde84: ;   {static_stub}
  0x000001ebd66fde84: 0048 bb60 | 0e01 80eb 

  0x000001ebd66fde8c: ;   {runtime_call I2C/C2I adapters}
  0x000001ebd66fde8c: 0100 00e9 | 4dfb ccff 

  0x000001ebd66fde94: ;   {static_stub}
  0x000001ebd66fde94: 9048 bb00 | 0000 0000 

  0x000001ebd66fde9c: ;   {runtime_call}
  0x000001ebd66fde9c: 0000 00e9 | fbff ffff 

  0x000001ebd66fdea4: ;   {static_stub}
  0x000001ebd66fdea4: 9048 bb00 | 0000 0000 

  0x000001ebd66fdeac: ;   {runtime_call}
  0x000001ebd66fdeac: 0000 00e9 | fbff ffff 

  0x000001ebd66fdeb4: ;   {static_stub}
  0x000001ebd66fdeb4: 9048 bb78 | 0f01 80eb 

  0x000001ebd66fdebc: ;   {runtime_call I2C/C2I adapters}
  0x000001ebd66fdebc: 0100 00e9 | 1dfb ccff 
[Exception Handler]
  0x000001ebd66fdec4: ;   {runtime_call handle_exception_from_callee Runtime1 stub}
  0x000001ebd66fdec4: e837 85d7 

  0x000001ebd66fdec8: ;   {external_word}
  0x000001ebd66fdec8: ff48 b900 | fab0 cefc | 7f00 0048 

  0x000001ebd66fded4: ;   {runtime_call}
  0x000001ebd66fded4: 83e4 f049 | baf0 9779 | cefc 7f00 | 0041 ffd2 

  0x000001ebd66fdee4: ;   {section_word}
  0x000001ebd66fdee4: f449 bae5 | de6f d6eb | 0100 0041 

  0x000001ebd66fdef0: ;   {runtime_call DeoptimizationBlob}
  0x000001ebd66fdef0: 52e9 aa8d | cdff f4f4 
[/MachCode]


Compiled method (c1) 9412  792       1       jdk.internal.loader.BuiltinClassLoader::defineClass (121 bytes)
 total in heap  [0x000001ebd66d6a10,0x000001ebd66d7888] = 3704
 relocation     [0x000001ebd66d6b70,0x000001ebd66d6ca0] = 304
 main code      [0x000001ebd66d6ca0,0x000001ebd66d72c0] = 1568
 stub code      [0x000001ebd66d72c0,0x000001ebd66d7408] = 328
 metadata       [0x000001ebd66d7408,0x000001ebd66d7450] = 72
 scopes data    [0x000001ebd66d7450,0x000001ebd66d76a8] = 600
 scopes pcs     [0x000001ebd66d76a8,0x000001ebd66d7848] = 416
 dependencies   [0x000001ebd66d7848,0x000001ebd66d7850] = 8
 handler table  [0x000001ebd66d7850,0x000001ebd66d7868] = 24
 nul chk table  [0x000001ebd66d7868,0x000001ebd66d7888] = 32

[Constant Pool (empty)]

[MachCode]
[Entry Point]
  # {method} {0x000001eb804368e0} 'defineClass' '(Ljava/lang/String;Ljdk/internal/loader/Resource;)Ljava/lang/Class;' in 'jdk/internal/loader/BuiltinClassLoader'
  # this:     rdx:rdx   = 'jdk/internal/loader/BuiltinClassLoader'
  # parm0:    r8:r8     = 'java/lang/String'
  # parm1:    r9:r9     = 'jdk/internal/loader/Resource'
  #           [sp+0x110]  (sp of caller)
  0x000001ebd66d6ca0: 448b 5208 | 49bb 0000 | 0080 eb01 | 0000 4d03 | d34c 3bd0 

  0x000001ebd66d6cb4: ;   {runtime_call ic_miss_stub}
  0x000001ebd66d6cb4: 0f85 c6a3 | cfff 660f | 1f44 0000 
[Verified Entry Point]
  0x000001ebd66d6cc0: 8984 2400 | 90ff ff55 | 4881 ec00 | 0100 0048 | 8994 24a0 | 0000 004c | 8984 2490 | 0000 004c 
  0x000001ebd66d6ce0: 898c 2498 | 0000 0049 | 8bd1 6666 | 9048 b860 | 5219 80eb 

  0x000001ebd66d6cf4: ;   {virtual_call}
  0x000001ebd66d6cf4: 0100 00e8 

  0x000001ebd66d6cf8: ; ImmutableOopMap {[152]=Oop [160]=Oop [144]=Oop }
                      ;*invokevirtual getCodeSourceURL {reexecute=0 rethrow=0 return_oop=0}
                      ; - jdk.internal.loader.BuiltinClassLoader::defineClass@1 (line 842)
  0x000001ebd66d6cf8: a438 0000 | 4889 8424 | a800 0000 | 4c8b 8424 | 9000 0000 

  0x000001ebd66d6d0c: ; implicit exception: dispatches to 0x000001ebd66d71c3
  0x000001ebd66d6d0c: 418b 7014 

  0x000001ebd66d6d10: ; implicit exception: dispatches to 0x000001ebd66d71c8
  0x000001ebd66d6d10: 8b56 0c45 | 0fbe 4810 | 498b c9c1 | e118 c1f9 | 18d3 fa48 | 8bfa ffcf | 4183 f900 | ba00 0000 
  0x000001ebd66d6d30: 000f 8505 | 0000 00ba | 0100 0000 | 83e2 0183 | fa00 488b | d641 b82e | 0000 004c | 8bcf 0f84 
  0x000001ebd66d6d50: 0d00 0000 

  0x000001ebd66d6d54: ;   {static_call}
  0x000001ebd66d6d54: 6666 90e8 

  0x000001ebd66d6d58: ; ImmutableOopMap {[152]=Oop [160]=Oop [168]=Oop [144]=Oop }
                      ;*invokestatic lastIndexOf {reexecute=0 rethrow=0 return_oop=0}
                      ; - java.lang.String::lastIndexOf@13 (line 2489)
                      ; - java.lang.String::lastIndexOf@8 (line 2451)
                      ; - jdk.internal.loader.BuiltinClassLoader::defineClass@8 (line 845)
  0x000001ebd66d6d58: e4ec daff | e90b 0000 | 0066 0f1f 

  0x000001ebd66d6d64: ;   {static_call}
  0x000001ebd66d6d64: 4400 00e8 

  0x000001ebd66d6d68: ; ImmutableOopMap {[152]=Oop [160]=Oop [168]=Oop [144]=Oop }
                      ;*invokestatic lastIndexOf {reexecute=0 rethrow=0 return_oop=0}
                      ; - java.lang.String::lastIndexOf@25 (line 2490)
                      ; - java.lang.String::lastIndexOf@8 (line 2451)
                      ; - jdk.internal.loader.BuiltinClassLoader::defineClass@8 (line 845)
  0x000001ebd66d6d68: 14ac cfff | 83f8 ff0f | 8467 0000 | 0041 b800 | 0000 004c | 8bc8 488b | 9424 9000 

  0x000001ebd66d6d84: ;   {optimized virtual_call}
  0x000001ebd66d6d84: 0000 90e8 

  0x000001ebd66d6d88: ; ImmutableOopMap {[152]=Oop [160]=Oop [168]=Oop [144]=Oop }
                      ;*invokevirtual substring {reexecute=0 rethrow=0 return_oop=0}
                      ; - jdk.internal.loader.BuiltinClassLoader::defineClass@23 (line 847)
  0x000001ebd66d6d88: f4a4 efff | 488b 9424 | 9800 0000 | 4889 8424 | b000 0000 | 9048 b860 | 5219 80eb 

  0x000001ebd66d6da4: ;   {virtual_call}
  0x000001ebd66d6da4: 0100 00e8 

  0x000001ebd66d6da8: ; ImmutableOopMap {[152]=Oop [160]=Oop [168]=Oop [144]=Oop [176]=Oop }
                      ;*invokevirtual getManifest {reexecute=0 rethrow=0 return_oop=0}
                      ; - jdk.internal.loader.BuiltinClassLoader::defineClass@29 (line 848)
  0x000001ebd66d6da8: d441 0000 | 4c8b 8424 | b000 0000 | 4c8b c848 | 8bbc 24a8 | 0000 0048 | 8b94 24a0 | 0000 0066 
  0x000001ebd66d6dc8: 0f1f 4400 | 0048 b878 | b707 80eb 

  0x000001ebd66d6dd4: ;   {virtual_call}
  0x000001ebd66d6dd4: 0100 00e8 

  0x000001ebd66d6dd8: ; ImmutableOopMap {[152]=Oop [160]=Oop [168]=Oop [144]=Oop }
                      ;*invokevirtual defineOrCheckPackage {reexecute=0 rethrow=0 return_oop=0}
                      ; - jdk.internal.loader.BuiltinClassLoader::defineClass@40 (line 849)
  0x000001ebd66d6dd8: 44f0 ffff | 4c8b 8c24 | 9800 0000 | 488d 9424 | e000 0000 | 4c89 4a08 | 498b 0148 | 83c8 0148 
  0x000001ebd66d6df8: 8902 f049 | 0fb1 110f | 8413 0000 | 0048 2bc4 | 4881 e007 | f0ff ff48 | 8902 0f85 | b503 0000 
  0x000001ebd66d6e18: 418b 510c | 4883 fa00 | 0f85 4700 | 0000 498b | d10f 1f40 | 0048 b860 | 5219 80eb 

  0x000001ebd66d6e34: ;   {virtual_call}
  0x000001ebd66d6e34: 0100 00e8 

  0x000001ebd66d6e38: ; ImmutableOopMap {[160]=Oop [168]=Oop [144]=Oop [152]=Oop [232]=Oop }
                      ;*invokevirtual getInputStream {reexecute=0 rethrow=0 return_oop=0}
                      ; - jdk.internal.loader.Resource::cachedInputStream@9 (line 77)
                      ; - jdk.internal.loader.Resource::getByteBuffer@1 (line 163)
                      ; - jdk.internal.loader.BuiltinClassLoader::defineClass@45 (line 853)
  0x000001ebd66d6e38: 045b 0000 | 410f be57 | 3883 fa00 | 4c8b 8c24 | 9800 0000 | 0f85 8e03 | 0000 4c8b | d045 8951 
  0x000001ebd66d6e58: 0c49 8bd1 | 4833 d048 | c1ea 1448 | 83fa 000f | 858f 0300 | 0041 8b51 | 0c48 8d84 | 24e0 0000 
  0x000001ebd66d6e78: 0048 8b30 | 4885 f60f | 840f 0000 | 0048 8b78 | 08f0 480f | b137 0f85 | 8003 0000 | 4883 fa00 
  0x000001ebd66d6e98: 0f84 4400 

  0x000001ebd66d6e9c: ;   {metadata('sun/nio/ByteBuffered')}
  0x000001ebd66d6e9c: 0000 48b8 | 18bd 0d80 | eb01 0000 | 8b5a 0849 | ba00 0000 | 80eb 0100 | 0049 03da | 483b 4320 
  0x000001ebd66d6ebc: 0f84 2500 | 0000 483b | d80f 841c | 0000 0053 

  0x000001ebd66d6ecc: ;   {runtime_call slow_subtype_check Runtime1 stub}
  0x000001ebd66d6ecc: 50e8 2e01 | daff 5b5b | 83fb 000f | 8405 0000 | 00e9 0500 | 0000 4833 | f6eb 0a48 | be01 0000 
  0x000001ebd66d6eec: 0000 0000 | 0083 fe00 | 0f84 6700 | 0000 4883 | fa00 0f84 | 4400 0000 

  0x000001ebd66d6f04: ;   {metadata('sun/nio/ByteBuffered')}
  0x000001ebd66d6f04: 48bb 18bd | 0d80 eb01 | 0000 8b7a | 0849 ba00 | 0000 80eb | 0100 0049 | 03fa 483b | 5f20 0f84 
  0x000001ebd66d6f24: 2000 0000 | 483b fb0f | 8417 0000 

  0x000001ebd66d6f30: ;   {runtime_call slow_subtype_check Runtime1 stub}
  0x000001ebd66d6f30: 0057 53e8 | c800 daff | 5f5f 83ff | 000f 84e7 | 0200 00e9 | 0000 0000 | 0f1f 4400 | 0048 b8ff 
  0x000001ebd66d6f50: ffff ffff 

  0x000001ebd66d6f54: ;   {virtual_call}
  0x000001ebd66d6f54: ffff ffe8 

  0x000001ebd66d6f58: ; ImmutableOopMap {[160]=Oop [168]=Oop [144]=Oop [152]=Oop }
                      ;*invokeinterface getByteBuffer {reexecute=0 rethrow=0 return_oop=0}
                      ; - jdk.internal.loader.Resource::getByteBuffer@16 (line 165)
                      ; - jdk.internal.loader.BuiltinClassLoader::defineClass@45 (line 853)
  0x000001ebd66d6f58: 24a7 cfff | e90a 0000 

  0x000001ebd66d6f60: ;   {oop(NULL)}
  0x000001ebd66d6f60: 0048 b800 | 0000 0000 | 0000 0048 | 83f8 000f | 84e5 0000 | 0048 8984 | 24b8 0000 | 0048 8b94 
  0x000001ebd66d6f80: 2498 0000 | 0048 b8ff | ffff ffff 

  0x000001ebd66d6f8c: ;   {virtual_call}
  0x000001ebd66d6f8c: ffff ffe8 

  0x000001ebd66d6f90: ; ImmutableOopMap {[160]=Oop [168]=Oop [144]=Oop [184]=Oop }
                      ;*invokevirtual getCodeSigners {reexecute=0 rethrow=0 return_oop=0}
                      ; - jdk.internal.loader.BuiltinClassLoader::defineClass@56 (line 855)
  0x000001ebd66d6f90: eca6 cfff 

  0x000001ebd66d6f94: ;   {metadata('java/security/CodeSource')}
  0x000001ebd66d6f94: 4c8b c848 | baa0 ee00 | 80eb 0100 | 0049 8b87 | 0801 0000 | 488d 7828 | 493b bf18 | 0100 000f 
  0x000001ebd66d6fb4: 877a 0200 | 0049 89bf | 0801 0000 | 48c7 0001 | 0000 0048 | 8bca 49ba | 0000 0080 | eb01 0000 
  0x000001ebd66d6fd4: 492b ca89 | 4808 4833 | c989 480c | 4833 c948 | 8948 1048 | 8948 1848 | 8948 204c | 8b84 24a8 
  0x000001ebd66d6ff4: 0000 0048 | 8bd0 4889 | 8424 c000 | 0000 0f1f 

  0x000001ebd66d7004: ;   {optimized virtual_call}
  0x000001ebd66d7004: 4400 00e8 

  0x000001ebd66d7008: ; ImmutableOopMap {[160]=Oop [144]=Oop [184]=Oop [192]=Oop }
                      ;*invokespecial <init> {reexecute=0 rethrow=0 return_oop=0}
                      ; - jdk.internal.loader.BuiltinClassLoader::defineClass@68 (line 856)
  0x000001ebd66d7008: 74a3 cfff | 4c8b 8424 | c000 0000 | 488b 9424 | a000 0000 

  0x000001ebd66d701c: ;   {optimized virtual_call}
  0x000001ebd66d701c: 6666 90e8 

  0x000001ebd66d7020: ; ImmutableOopMap {[160]=Oop [144]=Oop [184]=Oop }
                      ;*invokevirtual getProtectionDomain {reexecute=0 rethrow=0 return_oop=0}
                      ; - java.security.SecureClassLoader::defineClass@5 (line 182)
                      ; - jdk.internal.loader.BuiltinClassLoader::defineClass@79 (line 857)
  0x000001ebd66d7020: 5ca3 cfff | 4c8b 8424 | 9000 0000 | 4c8b 8c24 | b800 0000 | 488b f848 | 8b94 24a0 

  0x000001ebd66d703c: ;   {optimized virtual_call}
  0x000001ebd66d703c: 0000 00e8 

  0x000001ebd66d7040: ; ImmutableOopMap {}
                      ;*invokevirtual defineClass {reexecute=0 rethrow=0 return_oop=0}
                      ; - java.security.SecureClassLoader::defineClass@8 (line 182)
                      ; - jdk.internal.loader.BuiltinClassLoader::defineClass@79 (line 857)
  0x000001ebd66d7040: 3ca3 cfff | 4881 c400 | 0100 005d 

  0x000001ebd66d704c: ;   {poll_return}
  0x000001ebd66d704c: 493b a748 | 0300 000f | 87e7 0100 | 00c3 4c8b | 8c24 9800 | 0000 498b | d148 b860 | 5219 80eb 
  0x000001ebd66d706c: ;   {virtual_call}
  0x000001ebd66d706c: 0100 00e8 

  0x000001ebd66d7070: ; ImmutableOopMap {[160]=Oop [144]=Oop [152]=Oop [168]=Oop }
                      ;*invokevirtual getBytes {reexecute=0 rethrow=0 return_oop=0}
                      ; - jdk.internal.loader.BuiltinClassLoader::defineClass@84 (line 859)
  0x000001ebd66d7070: 6c5f 0000 | 4889 8424 | c800 0000 | 488b 9424 | 9800 0000 | 9048 b860 | 5219 80eb 

  0x000001ebd66d708c: ;   {virtual_call}
  0x000001ebd66d708c: 0100 00e8 

  0x000001ebd66d7090: ; ImmutableOopMap {[160]=Oop [144]=Oop [168]=Oop [200]=Oop }
                      ;*invokevirtual getCodeSigners {reexecute=0 rethrow=0 return_oop=0}
                      ; - jdk.internal.loader.BuiltinClassLoader::defineClass@90 (line 860)
  0x000001ebd66d7090: 2c5c 0000 

  0x000001ebd66d7094: ;   {metadata('java/security/CodeSource')}
  0x000001ebd66d7094: 4c8b c848 | baa0 ee00 | 80eb 0100 | 0049 8b87 | 0801 0000 | 488d 7828 | 493b bf18 | 0100 000f 
  0x000001ebd66d70b4: 879d 0100 | 0049 89bf | 0801 0000 | 48c7 0001 | 0000 0048 | 8bca 49ba | 0000 0080 | eb01 0000 
  0x000001ebd66d70d4: 492b ca89 | 4808 4833 | c989 480c | 4833 c948 | 8948 1048 | 8948 1848 | 8948 204c | 8b84 24a8 
  0x000001ebd66d70f4: 0000 0048 | 8bd0 4889 | 8424 d000 | 0000 0f1f 

  0x000001ebd66d7104: ;   {optimized virtual_call}
  0x000001ebd66d7104: 4400 00e8 

  0x000001ebd66d7108: ; ImmutableOopMap {[160]=Oop [144]=Oop [200]=Oop [208]=Oop }
                      ;*invokespecial <init> {reexecute=0 rethrow=0 return_oop=0}
                      ; - jdk.internal.loader.BuiltinClassLoader::defineClass@102 (line 861)
  0x000001ebd66d7108: f44d 0200 | 488b 8424 | c800 0000 

  0x000001ebd66d7114: ; implicit exception: dispatches to 0x000001ebd66d7263
  0x000001ebd66d7114: 8b70 0c4c | 8b84 24d0 | 0000 0048 | 8b94 24a0 | 0000 0089 | b424 d800 

  0x000001ebd66d712c: ;   {optimized virtual_call}
  0x000001ebd66d712c: 0000 90e8 

  0x000001ebd66d7130: ; ImmutableOopMap {[160]=Oop [144]=Oop [200]=Oop }
                      ;*invokevirtual getProtectionDomain {reexecute=0 rethrow=0 return_oop=0}
                      ; - java.security.SecureClassLoader::defineClass@9 (line 150)
                      ; - jdk.internal.loader.BuiltinClassLoader::defineClass@117 (line 862)
  0x000001ebd66d7130: 4c5b 0200 | 4c8b 8424 | 9000 0000 | 4c8b 8c24 | c800 0000 | bf00 0000 | 008b b424 | d800 0000 
  0x000001ebd66d7150: 488b c848 | 8b94 24a0 | 0000 000f 

  0x000001ebd66d715c: ;   {optimized virtual_call}
  0x000001ebd66d715c: 1f40 00e8 

  0x000001ebd66d7160: ; ImmutableOopMap {}
                      ;*invokevirtual defineClass {reexecute=0 rethrow=0 return_oop=0}
                      ; - java.security.SecureClassLoader::defineClass@12 (line 150)
                      ; - jdk.internal.loader.BuiltinClassLoader::defineClass@117 (line 862)
  0x000001ebd66d7160: 9c6b 0200 | 4881 c400 | 0100 005d 

  0x000001ebd66d716c: ;   {poll_return}
  0x000001ebd66d716c: 493b a748 | 0300 000f | 87ef 0000 | 00c3 498b | 87d8 0300 | 004d 33d2 | 4d89 97d8 | 0300 004d 
  0x000001ebd66d718c: 33d2 4d89 | 97e0 0300 | 0048 8bf0 | 488d 8424 | e000 0000 | 488b 3848 | 85ff 0f84 | 0f00 0000 
  0x000001ebd66d71ac: 488b 5808 | f048 0fb1 | 3b0f 85c3 | 0000 0048 | 8bc6 e9f0 

  0x000001ebd66d71c0: ;   {runtime_call throw_null_pointer_exception Runtime1 stub}
  0x000001ebd66d71c0: 0000 00e8 

  0x000001ebd66d71c4: ; ImmutableOopMap {[152]=Oop [160]=Oop rax=Oop [168]=Oop r8=Oop [144]=Oop }
                      ;*invokevirtual lastIndexOf {reexecute=0 rethrow=0 return_oop=0}
                      ; - jdk.internal.loader.BuiltinClassLoader::defineClass@8 (line 845)
  0x000001ebd66d71c4: 58d4 d9ff 

  0x000001ebd66d71c8: ;   {runtime_call throw_null_pointer_exception Runtime1 stub}
  0x000001ebd66d71c8: e853 d4d9 

  0x000001ebd66d71cc: ; ImmutableOopMap {[152]=Oop [160]=Oop rax=Oop [168]=Oop r8=Oop [144]=Oop rsi=Oop }
                      ;*arraylength {reexecute=0 rethrow=0 return_oop=0}
                      ; - java.lang.String::length@4 (line 1481)
                      ; - java.lang.String::lastIndexOf@3 (line 2451)
                      ; - jdk.internal.loader.BuiltinClassLoader::defineClass@8 (line 845)
  0x000001ebd66d71cc: ff4c 894c | 2408 4889 

  0x000001ebd66d71d4: ;   {runtime_call monitorenter_nofpu Runtime1 stub}
  0x000001ebd66d71d4: 1424 e825 

  0x000001ebd66d71d8: ; ImmutableOopMap {[160]=Oop [168]=Oop [144]=Oop r9=Oop [152]=Oop [232]=Oop }
                      ;*synchronization entry
                      ; - jdk.internal.loader.Resource::cachedInputStream@-1 (line 76)
                      ; - jdk.internal.loader.Resource::getByteBuffer@1 (line 163)
                      ; - jdk.internal.loader.BuiltinClassLoader::defineClass@45 (line 853)
  0x000001ebd66d71d8: 04da ffe9 | 38fc ffff | 418b 510c | 4883 fa00 | 0f84 64fc | ffff 4889 

  0x000001ebd66d71f0: ;   {runtime_call g1_pre_barrier_slow}
  0x000001ebd66d71f0: 1424 e809 | 2bda ffe9 | 56fc ffff | 4883 f800 | 0f84 67fc | ffff 4c89 

  0x000001ebd66d7208: ;   {runtime_call g1_post_barrier_slow}
  0x000001ebd66d7208: 0c24 e8f1 | 2dda ffe9 | 59fc ffff | 488d 8424 | e000 0000 | 4889 0424 

  0x000001ebd66d7220: ;   {runtime_call monitorexit_nofpu Runtime1 stub}
  0x000001ebd66d7220: e8db 09da | ffe9 6afc | ffff 4889 

  0x000001ebd66d722c: ;   {runtime_call throw_class_cast_exception Runtime1 stub}
  0x000001ebd66d722c: 1424 e8ed 

  0x000001ebd66d7230: ; ImmutableOopMap {[160]=Oop [168]=Oop [144]=Oop [152]=Oop }
                      ;*checkcast {reexecute=0 rethrow=0 return_oop=0}
                      ; - jdk.internal.loader.Resource::getByteBuffer@13 (line 165)
                      ; - jdk.internal.loader.BuiltinClassLoader::defineClass@45 (line 853)
  0x000001ebd66d7230: f7d9 ff48 

  0x000001ebd66d7234: ;   {runtime_call fast_new_instance Runtime1 stub}
  0x000001ebd66d7234: 8bd2 e8c5 

  0x000001ebd66d7238: ; ImmutableOopMap {[160]=Oop [168]=Oop [144]=Oop [184]=Oop r9=Oop }
                      ;*new {reexecute=0 rethrow=0 return_oop=0}
                      ; - jdk.internal.loader.BuiltinClassLoader::defineClass@61 (line 856)
  0x000001ebd66d7238: dcd9 ffe9 | affd ffff 

  0x000001ebd66d7240: ;   {internal_word}
  0x000001ebd66d7240: 49ba 4c70 | 6dd6 eb01 | 0000 4d89 | 9760 0300 

  0x000001ebd66d7250: ;   {runtime_call SafepointBlob}
  0x000001ebd66d7250: 00e9 aa07 | d0ff 488b 

  0x000001ebd66d7258: ;   {runtime_call fast_new_instance Runtime1 stub}
  0x000001ebd66d7258: d2e8 a2dc 

  0x000001ebd66d725c: ; ImmutableOopMap {[160]=Oop [144]=Oop [168]=Oop [200]=Oop r9=Oop }
                      ;*new {reexecute=0 rethrow=0 return_oop=0}
                      ; - jdk.internal.loader.BuiltinClassLoader::defineClass@95 (line 861)
  0x000001ebd66d725c: d9ff e98c 

  0x000001ebd66d7260: ;   {runtime_call throw_null_pointer_exception Runtime1 stub}
  0x000001ebd66d7260: feff ffe8 

  0x000001ebd66d7264: ; ImmutableOopMap {[160]=Oop [144]=Oop [208]=Oop rax=Oop [200]=Oop }
                      ;*arraylength {reexecute=0 rethrow=0 return_oop=0}
                      ; - jdk.internal.loader.BuiltinClassLoader::defineClass@114 (line 862)
  0x000001ebd66d7264: b8d3 d9ff 

  0x000001ebd66d7268: ;   {internal_word}
  0x000001ebd66d7268: 49ba 6c71 | 6dd6 eb01 | 0000 4d89 | 9760 0300 

  0x000001ebd66d7278: ;   {runtime_call SafepointBlob}
  0x000001ebd66d7278: 00e9 8207 | d0ff 488d | 8424 e000 | 0000 4889 

  0x000001ebd66d7288: ;   {runtime_call monitorexit_nofpu Runtime1 stub}
  0x000001ebd66d7288: 0424 e871 | 09da ffe9 | 27ff ffff | 9090 498b | 87d8 0300 | 0049 c787 | d803 0000 | 0000 0000 
  0x000001ebd66d72a8: 49c7 87e0 | 0300 0000 | 0000 0048 | 81c4 0001 

  0x000001ebd66d72b8: ;   {runtime_call unwind_exception Runtime1 stub}
  0x000001ebd66d72b8: 0000 5de9 | 40be d9ff 
[Stub Code]
  0x000001ebd66d72c0: ;   {no_reloc}
  0x000001ebd66d72c0: 0f1f 4400 

  0x000001ebd66d72c4: ;   {static_stub}
  0x000001ebd66d72c4: 0048 bb00 | 0000 0000 

  0x000001ebd66d72cc: ;   {runtime_call}
  0x000001ebd66d72cc: 0000 00e9 | fbff ffff 

  0x000001ebd66d72d4: ;   {static_stub}
  0x000001ebd66d72d4: 9048 bb00 | 0000 0000 

  0x000001ebd66d72dc: ;   {runtime_call}
  0x000001ebd66d72dc: 0000 00e9 | fbff ffff 

  0x000001ebd66d72e4: ;   {static_stub}
  0x000001ebd66d72e4: 9048 bb00 | 0000 0000 

  0x000001ebd66d72ec: ;   {runtime_call}
  0x000001ebd66d72ec: 0000 00e9 | fbff ffff 

  0x000001ebd66d72f4: ;   {static_stub}
  0x000001ebd66d72f4: 9048 bb00 | 0000 0000 

  0x000001ebd66d72fc: ;   {runtime_call}
  0x000001ebd66d72fc: 0000 00e9 | fbff ffff 

  0x000001ebd66d7304: ;   {static_stub}
  0x000001ebd66d7304: 9048 bb00 | 0000 0000 

  0x000001ebd66d730c: ;   {runtime_call}
  0x000001ebd66d730c: 0000 00e9 | fbff ffff 

  0x000001ebd66d7314: ;   {static_stub}
  0x000001ebd66d7314: 9048 bb00 | 0000 0000 

  0x000001ebd66d731c: ;   {runtime_call}
  0x000001ebd66d731c: 0000 00e9 | fbff ffff 

  0x000001ebd66d7324: ;   {static_stub}
  0x000001ebd66d7324: 9048 bb00 | 0000 0000 

  0x000001ebd66d732c: ;   {runtime_call}
  0x000001ebd66d732c: 0000 00e9 | fbff ffff 

  0x000001ebd66d7334: ;   {static_stub}
  0x000001ebd66d7334: 9048 bb00 | 0000 0000 

  0x000001ebd66d733c: ;   {runtime_call}
  0x000001ebd66d733c: 0000 00e9 | fbff ffff 

  0x000001ebd66d7344: ;   {static_stub}
  0x000001ebd66d7344: 9048 bb00 | 0000 0000 

  0x000001ebd66d734c: ;   {runtime_call}
  0x000001ebd66d734c: 0000 00e9 | fbff ffff 

  0x000001ebd66d7354: ;   {static_stub}
  0x000001ebd66d7354: 9048 bb00 | 0000 0000 

  0x000001ebd66d735c: ;   {runtime_call}
  0x000001ebd66d735c: 0000 00e9 | fbff ffff 

  0x000001ebd66d7364: ;   {static_stub}
  0x000001ebd66d7364: 9048 bb00 | 0000 0000 

  0x000001ebd66d736c: ;   {runtime_call}
  0x000001ebd66d736c: 0000 00e9 | fbff ffff 

  0x000001ebd66d7374: ;   {static_stub}
  0x000001ebd66d7374: 9048 bb00 | 0000 0000 

  0x000001ebd66d737c: ;   {runtime_call}
  0x000001ebd66d737c: 0000 00e9 | fbff ffff 

  0x000001ebd66d7384: ;   {static_stub}
  0x000001ebd66d7384: 9048 bb00 | 0000 0000 

  0x000001ebd66d738c: ;   {runtime_call}
  0x000001ebd66d738c: 0000 00e9 | fbff ffff 

  0x000001ebd66d7394: ;   {static_stub}
  0x000001ebd66d7394: 9048 bb00 | 0000 0000 

  0x000001ebd66d739c: ;   {runtime_call}
  0x000001ebd66d739c: 0000 00e9 | fbff ffff 

  0x000001ebd66d73a4: ;   {static_stub}
  0x000001ebd66d73a4: 9048 bbf0 | 2e42 80eb 

  0x000001ebd66d73ac: ;   {runtime_call I2C/C2I adapters}
  0x000001ebd66d73ac: 0100 00e9 | 2d66 cfff 

  0x000001ebd66d73b4: ;   {static_stub}
  0x000001ebd66d73b4: 9048 bbb0 | 5043 80eb 

  0x000001ebd66d73bc: ;   {runtime_call I2C/C2I adapters}
  0x000001ebd66d73bc: 0100 00e9 | 99f2 cfff 

  0x000001ebd66d73c4: ;   {static_stub}
  0x000001ebd66d73c4: 9048 bba8 | 0c01 80eb 

  0x000001ebd66d73cc: ;   {runtime_call I2C/C2I adapters}
  0x000001ebd66d73cc: 0100 00e9 | 1703 cfff 
[Exception Handler]
  0x000001ebd66d73d4: ;   {runtime_call handle_exception_from_callee Runtime1 stub}
  0x000001ebd66d73d4: e827 f0d9 

  0x000001ebd66d73d8: ;   {external_word}
  0x000001ebd66d73d8: ff48 b900 | fab0 cefc | 7f00 0048 

  0x000001ebd66d73e4: ;   {runtime_call}
  0x000001ebd66d73e4: 83e4 f049 | baf0 9779 | cefc 7f00 | 0041 ffd2 

  0x000001ebd66d73f4: ;   {section_word}
  0x000001ebd66d73f4: f449 baf5 | 736d d6eb | 0100 0041 

  0x000001ebd66d7400: ;   {runtime_call DeoptimizationBlob}
  0x000001ebd66d7400: 52e9 9af8 | cfff f4f4 
[/MachCode]


---------------  P R O C E S S  ---------------

Threads class SMR info:
_java_thread_list=0x000001ebe60e7460, length=15, elements={
0x000001ebcd016d90, 0x000001ebe0c7d6b0, 0x000001ebe0c7e7f0, 0x000001ebe0c95760,
0x000001ebe0c95d30, 0x000001ebe0c96e70, 0x000001ebe0c9ffe0, 0x000001ebe0ca21e0,
0x000001ebe0ca7ef0, 0x000001ebe50fa490, 0x000001ebe5102df0, 0x000001ebe5b751e0,
0x000001ebe50ca080, 0x000001ebe6181090, 0x000001ebe62d4090
}

Java Threads: ( => current thread )
  0x000001ebcd016d90 JavaThread "main" [_thread_blocked, id=14668, stack(0x0000009877200000,0x0000009877300000)]
  0x000001ebe0c7d6b0 JavaThread "Reference Handler" daemon [_thread_blocked, id=8184, stack(0x0000009877900000,0x0000009877a00000)]
  0x000001ebe0c7e7f0 JavaThread "Finalizer" daemon [_thread_blocked, id=24708, stack(0x0000009877a00000,0x0000009877b00000)]
  0x000001ebe0c95760 JavaThread "Signal Dispatcher" daemon [_thread_blocked, id=19224, stack(0x0000009877b00000,0x0000009877c00000)]
  0x000001ebe0c95d30 JavaThread "Attach Listener" daemon [_thread_blocked, id=24652, stack(0x0000009877c00000,0x0000009877d00000)]
  0x000001ebe0c96e70 JavaThread "Service Thread" daemon [_thread_blocked, id=23876, stack(0x0000009877d00000,0x0000009877e00000)]
  0x000001ebe0c9ffe0 JavaThread "Monitor Deflation Thread" daemon [_thread_blocked, id=20380, stack(0x0000009877e00000,0x0000009877f00000)]
  0x000001ebe0ca21e0 JavaThread "C1 CompilerThread0" daemon [_thread_blocked, id=21180, stack(0x0000009877f00000,0x0000009878000000)]
  0x000001ebe0ca7ef0 JavaThread "Sweeper thread" daemon [_thread_blocked, id=23168, stack(0x0000009878000000,0x0000009878100000)]
  0x000001ebe50fa490 JavaThread "Notification Thread" daemon [_thread_blocked, id=20032, stack(0x0000009878300000,0x0000009878400000)]
  0x000001ebe5102df0 JavaThread "Common-Cleaner" daemon [_thread_blocked, id=20560, stack(0x0000009878500000,0x0000009878600000)]
  0x000001ebe5b751e0 JavaThread "background-preinit" [_thread_in_vm, id=26448, stack(0x0000009878a00000,0x0000009878b00000)]
  0x000001ebe50ca080 JavaThread "C1 CompilerThread1" daemon [_thread_blocked, id=16456, stack(0x0000009878100000,0x0000009878200000)]
  0x000001ebe6181090 JavaThread "C1 CompilerThread2" daemon [_thread_blocked, id=25104, stack(0x0000009878200000,0x0000009878300000)]
=>0x000001ebe62d4090 JavaThread "Thread-1" [_thread_in_vm, id=26396, stack(0x0000009878f00000,0x0000009879000000)]

Other Threads:
  0x000001ebe0c776f0 VMThread "VM Thread" [stack: 0x0000009877800000,0x0000009877900000] [id=22068]
  0x000001ebe50fa970 WatcherThread [stack: 0x0000009878400000,0x0000009878500000] [id=19088]
  0x000001ebcd06dde0 GCTaskThread "GC Thread#0" [stack: 0x0000009877300000,0x0000009877400000] [id=25380]
  0x000001ebe59ac870 GCTaskThread "GC Thread#1" [stack: 0x0000009878600000,0x0000009878700000] [id=10636]
  0x000001ebe5a3a850 GCTaskThread "GC Thread#2" [stack: 0x0000009878700000,0x0000009878800000] [id=21152]
  0x000001ebe5a3ab10 GCTaskThread "GC Thread#3" [stack: 0x0000009878800000,0x0000009878900000] [id=21176]
  0x000001ebe5a3cde0 GCTaskThread "GC Thread#4" [stack: 0x0000009878900000,0x0000009878a00000] [id=23936]
  0x000001ebe5ff7f80 GCTaskThread "GC Thread#5" [stack: 0x0000009878b00000,0x0000009878c00000] [id=8556]
  0x000001ebe5ffff90 GCTaskThread "GC Thread#6" [stack: 0x0000009878c00000,0x0000009878d00000] [id=19168]
  0x000001ebe6000250 GCTaskThread "GC Thread#7" [stack: 0x0000009878d00000,0x0000009878e00000] [id=11192]
  0x000001ebcd07f7a0 ConcurrentGCThread "G1 Main Marker" [stack: 0x0000009877400000,0x0000009877500000] [id=24884]
  0x000001ebcd082b60 ConcurrentGCThread "G1 Conc#0" [stack: 0x0000009877500000,0x0000009877600000] [id=4412]
  0x000001ebcd0bda30 ConcurrentGCThread "G1 Refine#0" [stack: 0x0000009877600000,0x0000009877700000] [id=21372]
  0x000001ebcd0bde10 ConcurrentGCThread "G1 Service" [stack: 0x0000009877700000,0x0000009877800000] [id=18120]

Threads with active compile tasks:

VM state: not at safepoint (normal execution)

VM Mutex/Monitor currently owned by a thread:  ([mutex/lock_event])
[0x000001ebcd013060] Metaspace_lock - owner thread: 0x000001ebe62d4090

Heap address: 0x000000008b000000, size: 1872 MB, Compressed Oops mode: 32-bit

CDS archive(s) mapped at: [0x000001eb80000000-0x000001eb80bb0000-0x000001eb80bb0000), size 12255232, SharedBaseAddress: 0x000001eb80000000, ArchiveRelocationMode: 1.
Compressed class space mapped at: 0x000001eb81000000-0x000001ebc1000000, reserved size: 1073741824
Narrow klass base: 0x000001eb80000000, Narrow klass shift: 0, Narrow klass range: 0x100000000

GC Precious Log:
 CPUs: 8 total, 8 available
 Memory: 7480M
 Large Page Support: Disabled
 NUMA Support: Disabled
 Compressed Oops: Enabled (32-bit)
 Heap Region Size: 1M
 Heap Min Capacity: 8M
 Heap Initial Capacity: 118M
 Heap Max Capacity: 1872M
 Pre-touch: Disabled
 Parallel Workers: 8
 Concurrent Workers: 2
 Concurrent Refinement Workers: 8
 Periodic GC: Disabled

Heap:
 garbage-first heap   total 120832K, used 52224K [0x000000008b000000, 0x0000000100000000)
  region size 1024K, 43 young (44032K), 2 survivors (2048K)
 Metaspace       used 17679K, committed 17856K, reserved 1114112K
  class space    used 2414K, committed 2496K, reserved 1048576K

Heap Regions: E=young(eden), S=young(survivor), O=old, HS=humongous(starts), HC=humongous(continues), CS=collection set, F=free, OA=open archive, CA=closed archive, TAMS=top-at-mark-start (previous, next)
|   0|0x000000008b000000, 0x000000008b100000, 0x000000008b100000|100%|HS|  |TAMS 0x000000008b000000, 0x000000008b000000| Complete 
|   1|0x000000008b100000, 0x000000008b200000, 0x000000008b200000|100%|HS|  |TAMS 0x000000008b100000, 0x000000008b100000| Complete 
|   2|0x000000008b200000, 0x000000008b300000, 0x000000008b300000|100%| O|  |TAMS 0x000000008b200000, 0x000000008b200000| Untracked 
|   3|0x000000008b300000, 0x000000008b400000, 0x000000008b400000|100%| O|  |TAMS 0x000000008b300000, 0x000000008b300000| Untracked 
|   4|0x000000008b400000, 0x000000008b500000, 0x000000008b500000|100%| O|  |TAMS 0x000000008b400000, 0x000000008b400000| Untracked 
|   5|0x000000008b500000, 0x000000008b600000, 0x000000008b600000|100%| O|  |TAMS 0x000000008b500000, 0x000000008b500000| Untracked 
|   6|0x000000008b600000, 0x000000008b700000, 0x000000008b700000|100%| O|  |TAMS 0x000000008b600000, 0x000000008b600000| Untracked 
|   7|0x000000008b700000, 0x000000008b800000, 0x000000008b800000|100%| O|  |TAMS 0x000000008b700000, 0x000000008b700000| Untracked 
|   8|0x000000008b800000, 0x000000008b900000, 0x000000008b900000|100%| O|  |TAMS 0x000000008b800000, 0x000000008b800000| Untracked 
|   9|0x000000008b900000, 0x000000008b900000, 0x000000008ba00000|  0%| F|  |TAMS 0x000000008b900000, 0x000000008b900000| Untracked 
|  10|0x000000008ba00000, 0x000000008ba00000, 0x000000008bb00000|  0%| F|  |TAMS 0x000000008ba00000, 0x000000008ba00000| Untracked 
|  11|0x000000008bb00000, 0x000000008bb00000, 0x000000008bc00000|  0%| F|  |TAMS 0x000000008bb00000, 0x000000008bb00000| Untracked 
|  12|0x000000008bc00000, 0x000000008bc00000, 0x000000008bd00000|  0%| F|  |TAMS 0x000000008bc00000, 0x000000008bc00000| Untracked 
|  13|0x000000008bd00000, 0x000000008bd00000, 0x000000008be00000|  0%| F|  |TAMS 0x000000008bd00000, 0x000000008bd00000| Untracked 
|  14|0x000000008be00000, 0x000000008be00000, 0x000000008bf00000|  0%| F|  |TAMS 0x000000008be00000, 0x000000008be00000| Untracked 
|  15|0x000000008bf00000, 0x000000008bf00000, 0x000000008c000000|  0%| F|  |TAMS 0x000000008bf00000, 0x000000008bf00000| Untracked 
|  16|0x000000008c000000, 0x000000008c000000, 0x000000008c100000|  0%| F|  |TAMS 0x000000008c000000, 0x000000008c000000| Untracked 
|  17|0x000000008c100000, 0x000000008c100000, 0x000000008c200000|  0%| F|  |TAMS 0x000000008c100000, 0x000000008c100000| Untracked 
|  18|0x000000008c200000, 0x000000008c200000, 0x000000008c300000|  0%| F|  |TAMS 0x000000008c200000, 0x000000008c200000| Untracked 
|  19|0x000000008c300000, 0x000000008c300000, 0x000000008c400000|  0%| F|  |TAMS 0x000000008c300000, 0x000000008c300000| Untracked 
|  20|0x000000008c400000, 0x000000008c400000, 0x000000008c500000|  0%| F|  |TAMS 0x000000008c400000, 0x000000008c400000| Untracked 
|  21|0x000000008c500000, 0x000000008c500000, 0x000000008c600000|  0%| F|  |TAMS 0x000000008c500000, 0x000000008c500000| Untracked 
|  22|0x000000008c600000, 0x000000008c600000, 0x000000008c700000|  0%| F|  |TAMS 0x000000008c600000, 0x000000008c600000| Untracked 
|  23|0x000000008c700000, 0x000000008c700000, 0x000000008c800000|  0%| F|  |TAMS 0x000000008c700000, 0x000000008c700000| Untracked 
|  24|0x000000008c800000, 0x000000008c800000, 0x000000008c900000|  0%| F|  |TAMS 0x000000008c800000, 0x000000008c800000| Untracked 
|  25|0x000000008c900000, 0x000000008c900000, 0x000000008ca00000|  0%| F|  |TAMS 0x000000008c900000, 0x000000008c900000| Untracked 
|  26|0x000000008ca00000, 0x000000008ca00000, 0x000000008cb00000|  0%| F|  |TAMS 0x000000008ca00000, 0x000000008ca00000| Untracked 
|  27|0x000000008cb00000, 0x000000008cb00000, 0x000000008cc00000|  0%| F|  |TAMS 0x000000008cb00000, 0x000000008cb00000| Untracked 
|  28|0x000000008cc00000, 0x000000008cc00000, 0x000000008cd00000|  0%| F|  |TAMS 0x000000008cc00000, 0x000000008cc00000| Untracked 
|  29|0x000000008cd00000, 0x000000008cd00000, 0x000000008ce00000|  0%| F|  |TAMS 0x000000008cd00000, 0x000000008cd00000| Untracked 
|  30|0x000000008ce00000, 0x000000008ce00000, 0x000000008cf00000|  0%| F|  |TAMS 0x000000008ce00000, 0x000000008ce00000| Untracked 
|  31|0x000000008cf00000, 0x000000008cf00000, 0x000000008d000000|  0%| F|  |TAMS 0x000000008cf00000, 0x000000008cf00000| Untracked 
|  32|0x000000008d000000, 0x000000008d000000, 0x000000008d100000|  0%| F|  |TAMS 0x000000008d000000, 0x000000008d000000| Untracked 
|  33|0x000000008d100000, 0x000000008d100000, 0x000000008d200000|  0%| F|  |TAMS 0x000000008d100000, 0x000000008d100000| Untracked 
|  34|0x000000008d200000, 0x000000008d200000, 0x000000008d300000|  0%| F|  |TAMS 0x000000008d200000, 0x000000008d200000| Untracked 
|  35|0x000000008d300000, 0x000000008d300000, 0x000000008d400000|  0%| F|  |TAMS 0x000000008d300000, 0x000000008d300000| Untracked 
|  36|0x000000008d400000, 0x000000008d400000, 0x000000008d500000|  0%| F|  |TAMS 0x000000008d400000, 0x000000008d400000| Untracked 
|  37|0x000000008d500000, 0x000000008d500000, 0x000000008d600000|  0%| F|  |TAMS 0x000000008d500000, 0x000000008d500000| Untracked 
|  38|0x000000008d600000, 0x000000008d600000, 0x000000008d700000|  0%| F|  |TAMS 0x000000008d600000, 0x000000008d600000| Untracked 
|  39|0x000000008d700000, 0x000000008d700000, 0x000000008d800000|  0%| F|  |TAMS 0x000000008d700000, 0x000000008d700000| Untracked 
|  40|0x000000008d800000, 0x000000008d800000, 0x000000008d900000|  0%| F|  |TAMS 0x000000008d800000, 0x000000008d800000| Untracked 
|  41|0x000000008d900000, 0x000000008d900000, 0x000000008da00000|  0%| F|  |TAMS 0x000000008d900000, 0x000000008d900000| Untracked 
|  42|0x000000008da00000, 0x000000008da00000, 0x000000008db00000|  0%| F|  |TAMS 0x000000008da00000, 0x000000008da00000| Untracked 
|  43|0x000000008db00000, 0x000000008db00000, 0x000000008dc00000|  0%| F|  |TAMS 0x000000008db00000, 0x000000008db00000| Untracked 
|  44|0x000000008dc00000, 0x000000008dc00000, 0x000000008dd00000|  0%| F|  |TAMS 0x000000008dc00000, 0x000000008dc00000| Untracked 
|  45|0x000000008dd00000, 0x000000008dd00000, 0x000000008de00000|  0%| F|  |TAMS 0x000000008dd00000, 0x000000008dd00000| Untracked 
|  46|0x000000008de00000, 0x000000008de00000, 0x000000008df00000|  0%| F|  |TAMS 0x000000008de00000, 0x000000008de00000| Untracked 
|  47|0x000000008df00000, 0x000000008df00000, 0x000000008e000000|  0%| F|  |TAMS 0x000000008df00000, 0x000000008df00000| Untracked 
|  48|0x000000008e000000, 0x000000008e000000, 0x000000008e100000|  0%| F|  |TAMS 0x000000008e000000, 0x000000008e000000| Untracked 
|  49|0x000000008e100000, 0x000000008e100000, 0x000000008e200000|  0%| F|  |TAMS 0x000000008e100000, 0x000000008e100000| Untracked 
|  50|0x000000008e200000, 0x000000008e200000, 0x000000008e300000|  0%| F|  |TAMS 0x000000008e200000, 0x000000008e200000| Untracked 
|  51|0x000000008e300000, 0x000000008e300000, 0x000000008e400000|  0%| F|  |TAMS 0x000000008e300000, 0x000000008e300000| Untracked 
|  52|0x000000008e400000, 0x000000008e400000, 0x000000008e500000|  0%| F|  |TAMS 0x000000008e400000, 0x000000008e400000| Untracked 
|  53|0x000000008e500000, 0x000000008e500000, 0x000000008e600000|  0%| F|  |TAMS 0x000000008e500000, 0x000000008e500000| Untracked 
|  54|0x000000008e600000, 0x000000008e600000, 0x000000008e700000|  0%| F|  |TAMS 0x000000008e600000, 0x000000008e600000| Untracked 
|  55|0x000000008e700000, 0x000000008e700000, 0x000000008e800000|  0%| F|  |TAMS 0x000000008e700000, 0x000000008e700000| Untracked 
|  56|0x000000008e800000, 0x000000008e800000, 0x000000008e900000|  0%| F|  |TAMS 0x000000008e800000, 0x000000008e800000| Untracked 
|  57|0x000000008e900000, 0x000000008e900000, 0x000000008ea00000|  0%| F|  |TAMS 0x000000008e900000, 0x000000008e900000| Untracked 
|  58|0x000000008ea00000, 0x000000008ea00000, 0x000000008eb00000|  0%| F|  |TAMS 0x000000008ea00000, 0x000000008ea00000| Untracked 
|  59|0x000000008eb00000, 0x000000008eb00000, 0x000000008ec00000|  0%| F|  |TAMS 0x000000008eb00000, 0x000000008eb00000| Untracked 
|  60|0x000000008ec00000, 0x000000008ec00000, 0x000000008ed00000|  0%| F|  |TAMS 0x000000008ec00000, 0x000000008ec00000| Untracked 
|  61|0x000000008ed00000, 0x000000008ed00000, 0x000000008ee00000|  0%| F|  |TAMS 0x000000008ed00000, 0x000000008ed00000| Untracked 
|  62|0x000000008ee00000, 0x000000008ee00000, 0x000000008ef00000|  0%| F|  |TAMS 0x000000008ee00000, 0x000000008ee00000| Untracked 
|  63|0x000000008ef00000, 0x000000008ef00000, 0x000000008f000000|  0%| F|  |TAMS 0x000000008ef00000, 0x000000008ef00000| Untracked 
|  64|0x000000008f000000, 0x000000008f000000, 0x000000008f100000|  0%| F|  |TAMS 0x000000008f000000, 0x000000008f000000| Untracked 
|  65|0x000000008f100000, 0x000000008f100000, 0x000000008f200000|  0%| F|  |TAMS 0x000000008f100000, 0x000000008f100000| Untracked 
|  66|0x000000008f200000, 0x000000008f200000, 0x000000008f300000|  0%| F|  |TAMS 0x000000008f200000, 0x000000008f200000| Untracked 
|  67|0x000000008f300000, 0x000000008f300000, 0x000000008f400000|  0%| F|  |TAMS 0x000000008f300000, 0x000000008f300000| Untracked 
|  68|0x000000008f400000, 0x000000008f400000, 0x000000008f500000|  0%| F|  |TAMS 0x000000008f400000, 0x000000008f400000| Untracked 
|  69|0x000000008f500000, 0x000000008f500000, 0x000000008f600000|  0%| F|  |TAMS 0x000000008f500000, 0x000000008f500000| Untracked 
|  70|0x000000008f600000, 0x000000008f600000, 0x000000008f700000|  0%| F|  |TAMS 0x000000008f600000, 0x000000008f600000| Untracked 
|  71|0x000000008f700000, 0x000000008f700000, 0x000000008f800000|  0%| F|  |TAMS 0x000000008f700000, 0x000000008f700000| Untracked 
|  72|0x000000008f800000, 0x000000008f800000, 0x000000008f900000|  0%| F|  |TAMS 0x000000008f800000, 0x000000008f800000| Untracked 
|  73|0x000000008f900000, 0x000000008f900000, 0x000000008fa00000|  0%| F|  |TAMS 0x000000008f900000, 0x000000008f900000| Untracked 
|  74|0x000000008fa00000, 0x000000008fa00000, 0x000000008fb00000|  0%| F|  |TAMS 0x000000008fa00000, 0x000000008fa00000| Untracked 
|  75|0x000000008fb00000, 0x000000008fb88d80, 0x000000008fc00000| 53%| E|  |TAMS 0x000000008fb00000, 0x000000008fb00000| Complete 
|  76|0x000000008fc00000, 0x000000008fd00000, 0x000000008fd00000|100%| E|CS|TAMS 0x000000008fc00000, 0x000000008fc00000| Complete 
|  77|0x000000008fd00000, 0x000000008fe00000, 0x000000008fe00000|100%| E|CS|TAMS 0x000000008fd00000, 0x000000008fd00000| Complete 
|  78|0x000000008fe00000, 0x000000008ff00000, 0x000000008ff00000|100%| E|CS|TAMS 0x000000008fe00000, 0x000000008fe00000| Complete 
|  79|0x000000008ff00000, 0x0000000090000000, 0x0000000090000000|100%| E|CS|TAMS 0x000000008ff00000, 0x000000008ff00000| Complete 
|  80|0x0000000090000000, 0x0000000090100000, 0x0000000090100000|100%| E|CS|TAMS 0x0000000090000000, 0x0000000090000000| Complete 
|  81|0x0000000090100000, 0x0000000090200000, 0x0000000090200000|100%| E|CS|TAMS 0x0000000090100000, 0x0000000090100000| Complete 
|  82|0x0000000090200000, 0x0000000090300000, 0x0000000090300000|100%| E|CS|TAMS 0x0000000090200000, 0x0000000090200000| Complete 
|  83|0x0000000090300000, 0x0000000090400000, 0x0000000090400000|100%| E|CS|TAMS 0x0000000090300000, 0x0000000090300000| Complete 
|  84|0x0000000090400000, 0x0000000090500000, 0x0000000090500000|100%| E|CS|TAMS 0x0000000090400000, 0x0000000090400000| Complete 
|  85|0x0000000090500000, 0x0000000090600000, 0x0000000090600000|100%| E|CS|TAMS 0x0000000090500000, 0x0000000090500000| Complete 
|  86|0x0000000090600000, 0x0000000090700000, 0x0000000090700000|100%| E|CS|TAMS 0x0000000090600000, 0x0000000090600000| Complete 
|  87|0x0000000090700000, 0x0000000090800000, 0x0000000090800000|100%| S|CS|TAMS 0x0000000090700000, 0x0000000090700000| Complete 
|  88|0x0000000090800000, 0x0000000090900000, 0x0000000090900000|100%| S|CS|TAMS 0x0000000090800000, 0x0000000090800000| Complete 
|  89|0x0000000090900000, 0x0000000090a00000, 0x0000000090a00000|100%| E|CS|TAMS 0x0000000090900000, 0x0000000090900000| Complete 
|  90|0x0000000090a00000, 0x0000000090b00000, 0x0000000090b00000|100%| E|CS|TAMS 0x0000000090a00000, 0x0000000090a00000| Complete 
|  91|0x0000000090b00000, 0x0000000090c00000, 0x0000000090c00000|100%| E|CS|TAMS 0x0000000090b00000, 0x0000000090b00000| Complete 
|  92|0x0000000090c00000, 0x0000000090d00000, 0x0000000090d00000|100%| E|CS|TAMS 0x0000000090c00000, 0x0000000090c00000| Complete 
|  93|0x0000000090d00000, 0x0000000090e00000, 0x0000000090e00000|100%| E|CS|TAMS 0x0000000090d00000, 0x0000000090d00000| Complete 
|  94|0x0000000090e00000, 0x0000000090f00000, 0x0000000090f00000|100%| E|CS|TAMS 0x0000000090e00000, 0x0000000090e00000| Complete 
|  95|0x0000000090f00000, 0x0000000091000000, 0x0000000091000000|100%| E|CS|TAMS 0x0000000090f00000, 0x0000000090f00000| Complete 
|  96|0x0000000091000000, 0x0000000091100000, 0x0000000091100000|100%| E|CS|TAMS 0x0000000091000000, 0x0000000091000000| Complete 
|  97|0x0000000091100000, 0x0000000091200000, 0x0000000091200000|100%| E|CS|TAMS 0x0000000091100000, 0x0000000091100000| Complete 
|  98|0x0000000091200000, 0x0000000091300000, 0x0000000091300000|100%| E|CS|TAMS 0x0000000091200000, 0x0000000091200000| Complete 
|  99|0x0000000091300000, 0x0000000091400000, 0x0000000091400000|100%| E|CS|TAMS 0x0000000091300000, 0x0000000091300000| Complete 
| 100|0x0000000091400000, 0x0000000091500000, 0x0000000091500000|100%| E|CS|TAMS 0x0000000091400000, 0x0000000091400000| Complete 
| 101|0x0000000091500000, 0x0000000091600000, 0x0000000091600000|100%| E|CS|TAMS 0x0000000091500000, 0x0000000091500000| Complete 
| 102|0x0000000091600000, 0x0000000091700000, 0x0000000091700000|100%| E|CS|TAMS 0x0000000091600000, 0x0000000091600000| Complete 
| 103|0x0000000091700000, 0x0000000091800000, 0x0000000091800000|100%| E|CS|TAMS 0x0000000091700000, 0x0000000091700000| Complete 
| 104|0x0000000091800000, 0x0000000091900000, 0x0000000091900000|100%| E|CS|TAMS 0x0000000091800000, 0x0000000091800000| Complete 
| 105|0x0000000091900000, 0x0000000091a00000, 0x0000000091a00000|100%| E|CS|TAMS 0x0000000091900000, 0x0000000091900000| Complete 
| 106|0x0000000091a00000, 0x0000000091b00000, 0x0000000091b00000|100%| E|CS|TAMS 0x0000000091a00000, 0x0000000091a00000| Complete 
| 107|0x0000000091b00000, 0x0000000091c00000, 0x0000000091c00000|100%| E|CS|TAMS 0x0000000091b00000, 0x0000000091b00000| Complete 
| 108|0x0000000091c00000, 0x0000000091d00000, 0x0000000091d00000|100%| E|CS|TAMS 0x0000000091c00000, 0x0000000091c00000| Complete 
| 109|0x0000000091d00000, 0x0000000091e00000, 0x0000000091e00000|100%| E|CS|TAMS 0x0000000091d00000, 0x0000000091d00000| Complete 
| 110|0x0000000091e00000, 0x0000000091f00000, 0x0000000091f00000|100%| E|CS|TAMS 0x0000000091e00000, 0x0000000091e00000| Complete 
| 111|0x0000000091f00000, 0x0000000092000000, 0x0000000092000000|100%| E|CS|TAMS 0x0000000091f00000, 0x0000000091f00000| Complete 
| 112|0x0000000092000000, 0x0000000092100000, 0x0000000092100000|100%| E|CS|TAMS 0x0000000092000000, 0x0000000092000000| Complete 
| 113|0x0000000092100000, 0x0000000092200000, 0x0000000092200000|100%| E|CS|TAMS 0x0000000092100000, 0x0000000092100000| Complete 
| 114|0x0000000092200000, 0x0000000092300000, 0x0000000092300000|100%| E|CS|TAMS 0x0000000092200000, 0x0000000092200000| Complete 
| 115|0x0000000092300000, 0x0000000092400000, 0x0000000092400000|100%| E|CS|TAMS 0x0000000092300000, 0x0000000092300000| Complete 
| 116|0x0000000092400000, 0x0000000092500000, 0x0000000092500000|100%| E|CS|TAMS 0x0000000092400000, 0x0000000092400000| Complete 
| 117|0x0000000092500000, 0x0000000092600000, 0x0000000092600000|100%| E|CS|TAMS 0x0000000092500000, 0x0000000092500000| Complete 

Card table byte_map: [0x000001ebda010000,0x000001ebda3c0000] _byte_map_base: 0x000001ebd9bb8000

Marking Bits (Prev, Next): (CMBitMap*) 0x000001ebcd070310, (CMBitMap*) 0x000001ebcd070350
 Prev Bits: [0x000001ebda770000, 0x000001ebdc4b0000)
 Next Bits: [0x000001ebdc4b0000, 0x000001ebde1f0000)

Polling page: 0x000001ebccf80000

Metaspace:

Usage:
  Non-class:     14.91 MB used.
      Class:      2.36 MB used.
       Both:     17.27 MB used.

Virtual space:
  Non-class space:       64.00 MB reserved,      15.00 MB ( 23%) committed,  1 nodes.
      Class space:        1.00 GB reserved,       2.44 MB ( <1%) committed,  1 nodes.
             Both:        1.06 GB reserved,      17.44 MB (  2%) committed. 

Chunk freelists:
   Non-Class:  15.92 MB
       Class:  13.52 MB
        Both:  29.44 MB

MaxMetaspaceSize: unlimited
CompressedClassSpaceSize: 1.00 GB
Initial GC threshold: 21.00 MB
Current GC threshold: 21.00 MB
CDS: on
MetaspaceReclaimPolicy: balanced
 - commit_granule_bytes: 65536.
 - commit_granule_words: 8192.
 - virtual_space_node_default_size: 8388608.
 - enlarge_chunks_in_place: 1.
 - new_chunks_are_fully_committed: 0.
 - uncommit_free_chunks: 1.
 - use_allocation_guard: 0.
 - handle_deallocations: 1.


Internal statistics:

num_allocs_failed_limit: 0.
num_arena_births: 220.
num_arena_deaths: 0.
num_vsnodes_births: 2.
num_vsnodes_deaths: 0.
num_space_committed: 279.
num_space_uncommitted: 0.
num_chunks_returned_to_freelist: 0.
num_chunks_taken_from_freelist: 845.
num_chunk_merges: 0.
num_chunk_splits: 588.
num_chunks_enlarged: 479.
num_inconsistent_stats: 0.

CodeCache: size=49152Kb used=5570Kb max_used=6103Kb free=43581Kb
 bounds [0x000001ebd6380000, 0x000001ebd69b0000, 0x000001ebd9380000]
 total_blobs=2670 nmethods=2185 adapters=410
 compilation: enabled
              stopped_count=0, restarted_count=0
 full_count=0

Compilation events (20 events):
Event: 7.320 Thread 0x000001ebe50ca080 nmethod 2175 0x000001ebd64bdd10 code [0x000001ebd64bdea0, 0x000001ebd64bdf88]
Event: 7.321 Thread 0x000001ebe6181090 nmethod 2176 0x000001ebd64bd790 code [0x000001ebd64bd940, 0x000001ebd64bdc48]
Event: 7.321 Thread 0x000001ebe6181090 2177       1       org.springframework.util.StringUtils::collectionToDelimitedString (10 bytes)
Event: 7.321 Thread 0x000001ebe0ca21e0 2178       1       org.springframework.boot.autoconfigure.AutoConfigurationMetadataLoader$PropertiesAutoConfigurationMetadata::get (8 bytes)
Event: 7.321 Thread 0x000001ebe50ca080 2179       1       org.springframework.util.StringUtils::collectionToDelimitedString (161 bytes)
Event: 7.321 Thread 0x000001ebe6181090 nmethod 2177 0x000001ebd64bd490 code [0x000001ebd64bd620, 0x000001ebd64bd6e8]
Event: 7.321 Thread 0x000001ebe6181090 2180       1       org.springframework.boot.autoconfigure.AutoConfigurationMetadataLoader$PropertiesAutoConfigurationMetadata::get (28 bytes)
Event: 7.323 Thread 0x000001ebe6181090 nmethod 2180 0x000001ebd64bca10 code [0x000001ebd64bcc40, 0x000001ebd64bd048]
Event: 7.323 Thread 0x000001ebe0ca21e0 nmethod 2178 0x000001ebd64bbf90 code [0x000001ebd64bc1c0, 0x000001ebd64bc5c8]
Event: 7.323 Thread 0x000001ebe6181090 2181       1       java.lang.invoke.LambdaForm$MH/0x000001eb81018c00::invoke (94 bytes)
Event: 7.323 Thread 0x000001ebe50ca080 nmethod 2179 0x000001ebd64bb010 code [0x000001ebd64bb2c0, 0x000001ebd64bb9e8]
Event: 7.323 Thread 0x000001ebe6181090 nmethod 2181 0x000001ebd64ba810 code [0x000001ebd64baa00, 0x000001ebd64bad18]
Event: 7.325 Thread 0x000001ebe0ca21e0 2182       1       org.springframework.boot.autoconfigure.condition.OnClassCondition$StandardOutcomesResolver::getOutcome (45 bytes)
Event: 7.325 Thread 0x000001ebe6181090 2183       1       org.springframework.boot.autoconfigure.condition.FilteringSpringBootCondition$ClassNameFilter$2::matches (14 bytes)
Event: 7.325 Thread 0x000001ebe50ca080 2184   !   1       org.springframework.boot.autoconfigure.condition.FilteringSpringBootCondition$ClassNameFilter::isPresent (19 bytes)
Event: 7.325 Thread 0x000001ebe50ca080 nmethod 2184 0x000001ebd64ba290 code [0x000001ebd64ba460, 0x000001ebd64ba638]
Event: 7.325 Thread 0x000001ebe50ca080 2185       1       org.springframework.boot.autoconfigure.condition.FilteringSpringBootCondition::resolve (16 bytes)
Event: 7.326 Thread 0x000001ebe50ca080 nmethod 2185 0x000001ebd64b9e10 code [0x000001ebd64b9fe0, 0x000001ebd64ba148]
Event: 7.326 Thread 0x000001ebe6181090 nmethod 2183 0x000001ebd64b9890 code [0x000001ebd64b9a60, 0x000001ebd64b9c38]
Event: 7.326 Thread 0x000001ebe0ca21e0 nmethod 2182 0x000001ebd64b8290 code [0x000001ebd64b8580, 0x000001ebd64b9168]

GC Heap History (4 events):
Event: 0.838 GC heap before
{Heap before GC invocations=0 (full 0):
 garbage-first heap   total 120832K, used 25600K [0x000000008b000000, 0x0000000100000000)
  region size 1024K, 23 young (23552K), 0 survivors (0K)
 Metaspace       used 4323K, committed 4480K, reserved 1114112K
  class space    used 573K, committed 640K, reserved 1048576K
}
Event: 0.844 GC heap after
{Heap after GC invocations=1 (full 0):
 garbage-first heap   total 120832K, used 9140K [0x000000008b000000, 0x0000000100000000)
  region size 1024K, 3 young (3072K), 3 survivors (3072K)
 Metaspace       used 4323K, committed 4480K, reserved 1114112K
  class space    used 573K, committed 640K, reserved 1048576K
}
Event: 1.543 GC heap before
{Heap before GC invocations=1 (full 0):
 garbage-first heap   total 120832K, used 34740K [0x000000008b000000, 0x0000000100000000)
  region size 1024K, 29 young (29696K), 3 survivors (3072K)
 Metaspace       used 9936K, committed 10176K, reserved 1114112K
  class space    used 1416K, committed 1536K, reserved 1048576K
}
Event: 1.547 GC heap after
{Heap after GC invocations=2 (full 0):
 garbage-first heap   total 120832K, used 11264K [0x000000008b000000, 0x0000000100000000)
  region size 1024K, 2 young (2048K), 2 survivors (2048K)
 Metaspace       used 9936K, committed 10176K, reserved 1114112K
  class space    used 1416K, committed 1536K, reserved 1048576K
}

Dll operation events (6 events):
Event: 0.011 Loaded shared library C:\Program Files\Eclipse Adoptium\jdk-17.0.19.10-hotspot\bin\java.dll
Event: 0.031 Loaded shared library C:\Program Files\Eclipse Adoptium\jdk-17.0.19.10-hotspot\bin\jsvml.dll
Event: 0.121 Loaded shared library C:\Program Files\Eclipse Adoptium\jdk-17.0.19.10-hotspot\bin\net.dll
Event: 0.124 Loaded shared library C:\Program Files\Eclipse Adoptium\jdk-17.0.19.10-hotspot\bin\nio.dll
Event: 0.130 Loaded shared library C:\Program Files\Eclipse Adoptium\jdk-17.0.19.10-hotspot\bin\zip.dll
Event: 0.474 Loaded shared library C:\Program Files\Eclipse Adoptium\jdk-17.0.19.10-hotspot\bin\jimage.dll

Deoptimization events (0 events):
No events

Classes loaded (20 events):
Event: 3.964 Loading class java/util/concurrent/ConcurrentLinkedQueue$Node
Event: 3.964 Loading class java/util/concurrent/ConcurrentLinkedQueue$Node done
Event: 3.966 Loading class java/util/concurrent/atomic/AtomicLongArray
Event: 3.966 Loading class java/util/concurrent/atomic/AtomicLongArray done
Event: 3.967 Loading class java/lang/invoke/VarHandleLongs$Array
Event: 3.967 Loading class java/lang/invoke/VarHandleLongs$Array done
Event: 3.967 Loading class java/util/concurrent/atomic/AtomicReferenceArray
Event: 3.967 Loading class java/util/concurrent/atomic/AtomicReferenceArray done
Event: 5.059 Loading class sun/text/resources/cldr/FormatData_en
Event: 5.061 Loading class sun/text/resources/cldr/FormatData_en done
Event: 5.063 Loading class sun/text/resources/cldr/FormatData_en_US
Event: 5.063 Loading class sun/text/resources/cldr/FormatData_en_US done
Event: 5.096 Loading class java/io/CharArrayReader
Event: 5.096 Loading class java/io/CharArrayReader done
Event: 5.233 Loading class javax/naming/ldap/LdapContext
Event: 5.233 Loading class javax/naming/directory/DirContext
Event: 5.234 Loading class javax/naming/directory/DirContext done
Event: 5.234 Loading class javax/naming/ldap/LdapContext done
Event: 7.302 Loading class javax/naming/Referenceable
Event: 7.302 Loading class javax/naming/Referenceable done

Classes unloaded (0 events):
No events

Classes redefined (0 events):
No events

Internal exceptions (20 events):
Event: 1.157 Thread 0x000001ebcd016d90 Exception <a 'java/lang/NoSuchMethodError'{0x0000000091bb1180}: 'java.lang.Object java.lang.invoke.DirectMethodHandle$Holder.invokeSpecial(java.lang.Object, java.lang.Object, java.lang.Object, int, java.lang.Object)'> (0x0000000091bb1180) 
thrown [s\src\hotspot\share\interpreter\linkResolver.cpp, line 759]
Event: 1.158 Thread 0x000001ebcd016d90 Exception <a 'java/lang/NoSuchMethodError'{0x0000000091bb97e0}: 'java.lang.Object java.lang.invoke.DirectMethodHandle$Holder.newInvokeSpecial(java.lang.Object, java.lang.Object, java.lang.Object, int, java.lang.Object)'> (0x0000000091bb97e0) 
thrown [s\src\hotspot\share\interpreter\linkResolver.cpp, line 759]
Event: 1.159 Thread 0x000001ebcd016d90 Exception <a 'java/lang/NoSuchMethodError'{0x0000000091bc11b0}: 'java.lang.Object java.lang.invoke.Invokers$Holder.linkToTargetMethod(java.lang.Object, java.lang.Object, int, java.lang.Object, java.lang.Object)'> (0x0000000091bc11b0) 
thrown [s\src\hotspot\share\interpreter\linkResolver.cpp, line 759]
Event: 1.161 Thread 0x000001ebcd016d90 Exception <a 'java/lang/NoSuchMethodError'{0x0000000091bcfe30}: 'java.lang.Object java.lang.invoke.DirectMethodHandle$Holder.newInvokeSpecial(java.lang.Object, int, java.lang.Object)'> (0x0000000091bcfe30) 
thrown [s\src\hotspot\share\interpreter\linkResolver.cpp, line 759]
Event: 1.162 Thread 0x000001ebcd016d90 Exception <a 'java/lang/NoSuchMethodError'{0x0000000091bd4b10}: 'int java.lang.invoke.DirectMethodHandle$Holder.invokeSpecialIFC(java.lang.Object, java.lang.Object, java.lang.Object, java.lang.Object)'> (0x0000000091bd4b10) 
thrown [s\src\hotspot\share\interpreter\linkResolver.cpp, line 759]
Event: 1.188 Thread 0x000001ebcd016d90 Exception <a 'java/lang/NoSuchMethodError'{0x0000000091abc9e0}: 'void java.lang.invoke.DirectMethodHandle$Holder.invokeInterface(java.lang.Object, java.lang.Object, java.lang.Object)'> (0x0000000091abc9e0) 
thrown [s\src\hotspot\share\interpreter\linkResolver.cpp, line 759]
Event: 1.214 Thread 0x000001ebcd016d90 Exception <a 'java/lang/NoSuchMethodError'{0x0000000091967af8}: 'java.lang.Object java.lang.invoke.DirectMethodHandle$Holder.invokeStatic(java.lang.Object, java.lang.Object, int)'> (0x0000000091967af8) 
thrown [s\src\hotspot\share\interpreter\linkResolver.cpp, line 759]
Event: 1.216 Thread 0x000001ebcd016d90 Exception <a 'java/lang/NoSuchMethodError'{0x0000000091973510}: 'void java.lang.invoke.DelegatingMethodHandle$Holder.delegate(java.lang.Object, java.lang.Object, int, java.lang.Object)'> (0x0000000091973510) 
thrown [s\src\hotspot\share\interpreter\linkResolver.cpp, line 759]
Event: 1.380 Thread 0x000001ebcd016d90 Exception <a 'java/lang/NoSuchMethodError'{0x00000000918b2590}: 'void java.lang.invoke.DirectMethodHandle$Holder.invokeStaticInit(java.lang.Object, java.lang.Object, java.lang.Object)'> (0x00000000918b2590) 
thrown [s\src\hotspot\share\interpreter\linkResolver.cpp, line 759]
Event: 1.385 Thread 0x000001ebcd016d90 Exception <a 'java/lang/NoSuchMethodError'{0x00000000918fbdb0}: 'java.lang.Object java.lang.invoke.DirectMethodHandle$Holder.invokeVirtual(java.lang.Object, java.lang.Object, java.lang.Object)'> (0x00000000918fbdb0) 
thrown [s\src\hotspot\share\interpreter\linkResolver.cpp, line 759]
Event: 1.390 Thread 0x000001ebcd016d90 Exception <a 'java/lang/NoSuchMethodError'{0x000000009171f490}: 'java.lang.Object java.lang.invoke.DirectMethodHandle$Holder.invokeStatic(java.lang.Object, java.lang.Object, long, java.lang.Object)'> (0x000000009171f490) 
thrown [s\src\hotspot\share\interpreter\linkResolver.cpp, line 759]
Event: 1.390 Thread 0x000001ebcd016d90 Exception <a 'java/lang/NoSuchMethodError'{0x0000000091722f28}: 'java.lang.Object java.lang.invoke.DirectMethodHandle$Holder.invokeStaticInit(java.lang.Object, java.lang.Object, long, java.lang.Object)'> (0x0000000091722f28) 
thrown [s\src\hotspot\share\interpreter\linkResolver.cpp, line 759]
Event: 1.390 Thread 0x000001ebcd016d90 Exception <a 'java/lang/NoSuchMethodError'{0x0000000091729258}: 'java.lang.Object java.lang.invoke.DirectMethodHandle$Holder.newInvokeSpecial(java.lang.Object, java.lang.Object, long)'> (0x0000000091729258) 
thrown [s\src\hotspot\share\interpreter\linkResolver.cpp, line 759]
Event: 1.390 Thread 0x000001ebcd016d90 Exception <a 'java/lang/NoSuchMethodError'{0x000000009172cdc8}: 'java.lang.Object java.lang.invoke.Invokers$Holder.linkToTargetMethod(java.lang.Object, long, java.lang.Object)'> (0x000000009172cdc8) 
thrown [s\src\hotspot\share\interpreter\linkResolver.cpp, line 759]
Event: 1.403 Thread 0x000001ebcd016d90 Exception <a 'java/lang/NoSuchMethodError'{0x0000000091788d78}: 'void java.lang.invoke.DirectMethodHandle$Holder.invokeVirtual(java.lang.Object, java.lang.Object, java.lang.Object, java.lang.Object)'> (0x0000000091788d78) 
thrown [s\src\hotspot\share\interpreter\linkResolver.cpp, line 759]
Event: 1.439 Thread 0x000001ebcd016d90 Exception <a 'java/lang/NoSuchMethodError'{0x00000000916dcfc0}: 'void java.lang.invoke.DirectMethodHandle$Holder.invokeSpecial(java.lang.Object, java.lang.Object, java.lang.Object)'> (0x00000000916dcfc0) 
thrown [s\src\hotspot\share\interpreter\linkResolver.cpp, line 759]
Event: 1.445 Thread 0x000001ebcd016d90 Exception <a 'java/lang/IncompatibleClassChangeError'{0x0000000091532d58}: Found class java.lang.Object, but interface was expected> (0x0000000091532d58) 
thrown [s\src\hotspot\share\interpreter\linkResolver.cpp, line 826]
Event: 1.753 Thread 0x000001ebcd016d90 Exception <a 'java/lang/NoSuchMethodError'{0x00000000917b3fc0}: 'int java.lang.invoke.DirectMethodHandle$Holder.invokeSpecial(java.lang.Object, java.lang.Object, java.lang.Object, java.lang.Object, java.lang.Object)'> (0x00000000917b3fc0) 
thrown [s\src\hotspot\share\interpreter\linkResolver.cpp, line 759]
Event: 1.755 Thread 0x000001ebcd016d90 Exception <a 'java/lang/NoSuchMethodError'{0x00000000917bcf50}: 'void java.lang.invoke.DirectMethodHandle$Holder.invokeVirtual(java.lang.Object, java.lang.Object)'> (0x00000000917bcf50) 
thrown [s\src\hotspot\share\interpreter\linkResolver.cpp, line 759]
Event: 7.301 Thread 0x000001ebcd016d90 Exception <a 'java/lang/NoClassDefFoundError'{0x0000000090036518}: org/glassfish/jersey/server/monitoring/ApplicationEventListener> (0x0000000090036518) 
thrown [s\src\hotspot\share\classfile\systemDictionary.cpp, line 245]

VM Operations (20 events):
Event: 1.366 Executing VM operation: ICBufferFull
Event: 1.366 Executing VM operation: ICBufferFull done
Event: 1.433 Executing VM operation: HandshakeAllThreads
Event: 1.433 Executing VM operation: HandshakeAllThreads done
Event: 1.437 Executing VM operation: HandshakeAllThreads
Event: 1.437 Executing VM operation: HandshakeAllThreads done
Event: 1.543 Executing VM operation: G1CollectForAllocation
Event: 1.547 Executing VM operation: G1CollectForAllocation done
Event: 1.672 Executing VM operation: HandshakeAllThreads
Event: 1.672 Executing VM operation: HandshakeAllThreads done
Event: 1.736 Executing VM operation: HandshakeAllThreads
Event: 1.736 Executing VM operation: HandshakeAllThreads done
Event: 2.742 Executing VM operation: Cleanup
Event: 2.789 Executing VM operation: Cleanup done
Event: 3.802 Executing VM operation: Cleanup
Event: 3.896 Executing VM operation: Cleanup done
Event: 4.911 Executing VM operation: Cleanup
Event: 5.007 Executing VM operation: Cleanup done
Event: 6.009 Executing VM operation: Cleanup
Event: 6.009 Executing VM operation: Cleanup done

Memory protections (0 events):
No events

Nmethod flushes (0 events):
No events

Events (20 events):
Event: 0.042 Thread 0x000001ebcd016d90 Thread added: 0x000001ebe0c95760
Event: 0.042 Thread 0x000001ebcd016d90 Thread added: 0x000001ebe0c95d30
Event: 0.042 Thread 0x000001ebcd016d90 Thread added: 0x000001ebe0c96e70
Event: 0.042 Thread 0x000001ebcd016d90 Thread added: 0x000001ebe0c9ffe0
Event: 0.042 Thread 0x000001ebcd016d90 Thread added: 0x000001ebe0ca21e0
Event: 0.042 Thread 0x000001ebcd016d90 Thread added: 0x000001ebe0ca7ef0
Event: 0.107 Thread 0x000001ebe0ca21e0 Thread added: 0x000001ebe50c9870
Event: 0.107 Thread 0x000001ebe0ca21e0 Thread added: 0x000001ebe50cdd20
Event: 0.110 Thread 0x000001ebcd016d90 Thread added: 0x000001ebe50fa490
Event: 0.113 Thread 0x000001ebcd016d90 Thread added: 0x000001ebe5102df0
Event: 1.347 Thread 0x000001ebcd016d90 Thread added: 0x000001ebe5afa830
Event: 1.364 Thread 0x000001ebe5afa830 Thread exited: 0x000001ebe5afa830
Event: 1.443 Thread 0x000001ebcd016d90 Thread added: 0x000001ebe5b751e0
Event: 2.796 Thread 0x000001ebe50cdd20 Thread exited: 0x000001ebe50cdd20
Event: 2.796 Thread 0x000001ebe50c9870 Thread exited: 0x000001ebe50c9870
Event: 5.021 Thread 0x000001ebe0ca21e0 Thread added: 0x000001ebe50ca080
Event: 5.022 Thread 0x000001ebe0ca21e0 Thread added: 0x000001ebe6181090
Event: 5.022 Thread 0x000001ebe0ca21e0 Thread added: 0x000001ebe6218d50
Event: 5.166 Thread 0x000001ebcd016d90 Thread added: 0x000001ebe62d4090
Event: 7.293 Thread 0x000001ebe6218d50 Thread exited: 0x000001ebe6218d50


Dynamic libraries:
0x00007ff7a8ae0000 - 0x00007ff7a8aee000 	C:\Program Files\Eclipse Adoptium\jdk-17.0.19.10-hotspot\bin\java.exe
0x00007ffd29640000 - 0x00007ffd298a7000 	C:\Windows\SYSTEM32\ntdll.dll
0x00007ffd27640000 - 0x00007ffd27709000 	C:\Windows\System32\KERNEL32.DLL
0x00007ffd26c40000 - 0x00007ffd27037000 	C:\Windows\System32\KERNELBASE.dll
0x00007ffd27040000 - 0x00007ffd2718b000 	C:\Windows\System32\ucrtbase.dll
0x00007ffcf4ef0000 - 0x00007ffcf4f0e000 	C:\Program Files\Eclipse Adoptium\jdk-17.0.19.10-hotspot\bin\VCRUNTIME140.dll
0x00007ffd143a0000 - 0x00007ffd143b8000 	C:\Program Files\Eclipse Adoptium\jdk-17.0.19.10-hotspot\bin\jli.dll
0x00007ffd27ca0000 - 0x00007ffd27e66000 	C:\Windows\System32\USER32.dll
0x00007ffd15300000 - 0x00007ffd15592000 	C:\Windows\WinSxS\amd64_microsoft.windows.common-controls_6595b64144ccf1df_6.0.26100.8457_none_3e0b2faee331e92d\COMCTL32.dll
0x00007ffd26070000 - 0x00007ffd26097000 	C:\Windows\System32\win32u.dll
0x00007ffd27710000 - 0x00007ffd277b9000 	C:\Windows\System32\msvcrt.dll
0x00007ffd27fe0000 - 0x00007ffd2800b000 	C:\Windows\System32\GDI32.dll
0x00007ffd26130000 - 0x00007ffd2625c000 	C:\Windows\System32\gdi32full.dll
0x00007ffd26b90000 - 0x00007ffd26c33000 	C:\Windows\System32\msvcp_win.dll
0x00007ffd291a0000 - 0x00007ffd291d2000 	C:\Windows\System32\IMM32.DLL
0x00007ffd14390000 - 0x00007ffd1439c000 	C:\Program Files\Eclipse Adoptium\jdk-17.0.19.10-hotspot\bin\vcruntime140_1.dll
0x00007ffce5440000 - 0x00007ffce54cd000 	C:\Program Files\Eclipse Adoptium\jdk-17.0.19.10-hotspot\bin\msvcp140.dll
0x00007ffcce1e0000 - 0x00007ffccee4c000 	C:\Program Files\Eclipse Adoptium\jdk-17.0.19.10-hotspot\bin\server\jvm.dll
0x00007ffd28010000 - 0x00007ffd280c6000 	C:\Windows\System32\ADVAPI32.dll
0x00007ffd27e70000 - 0x00007ffd27f17000 	C:\Windows\System32\sechost.dll
0x00007ffd27520000 - 0x00007ffd27638000 	C:\Windows\System32\RPCRT4.dll
0x00007ffd28f70000 - 0x00007ffd28ff0000 	C:\Windows\System32\WS2_32.dll
0x00007ffd25d20000 - 0x00007ffd25d7e000 	C:\Windows\SYSTEM32\POWRPROF.dll
0x00007ffd20650000 - 0x00007ffd20686000 	C:\Windows\SYSTEM32\WINMM.dll
0x00007ffd20690000 - 0x00007ffd2069b000 	C:\Windows\SYSTEM32\VERSION.dll
0x00007ffd25d00000 - 0x00007ffd25d14000 	C:\Windows\SYSTEM32\UMPDC.dll
0x00007ffd24e00000 - 0x00007ffd24e1b000 	C:\Windows\SYSTEM32\kernel.appcore.dll
0x00007ffd0ab40000 - 0x00007ffd0ab4a000 	C:\Program Files\Eclipse Adoptium\jdk-17.0.19.10-hotspot\bin\jimage.dll
0x00007ffd1ab60000 - 0x00007ffd1ada2000 	C:\Windows\SYSTEM32\DBGHELP.DLL
0x00007ffd277c0000 - 0x00007ffd27b43000 	C:\Windows\System32\combase.dll
0x00007ffd27bc0000 - 0x00007ffd27c99000 	C:\Windows\System32\OLEAUT32.dll
0x00007ffd12380000 - 0x00007ffd123bb000 	C:\Windows\SYSTEM32\dbgcore.DLL
0x00007ffd27190000 - 0x00007ffd27238000 	C:\Windows\System32\bcryptPrimitives.dll
0x00007ffcec250000 - 0x00007ffcec275000 	C:\Program Files\Eclipse Adoptium\jdk-17.0.19.10-hotspot\bin\java.dll
0x00007ffce3020000 - 0x00007ffce30f7000 	C:\Program Files\Eclipse Adoptium\jdk-17.0.19.10-hotspot\bin\jsvml.dll
0x00007ffd287a0000 - 0x00007ffd28f0e000 	C:\Windows\System32\SHELL32.dll
0x00007ffd26260000 - 0x00007ffd26acc000 	C:\Windows\System32\windows.storage.dll
0x00007ffd280d0000 - 0x00007ffd281c6000 	C:\Windows\System32\SHCORE.dll
0x00007ffd27b50000 - 0x00007ffd27bb6000 	C:\Windows\System32\shlwapi.dll
0x00007ffd25f90000 - 0x00007ffd25fb9000 	C:\Windows\SYSTEM32\profapi.dll
0x00007ffcee0c0000 - 0x00007ffcee0da000 	C:\Program Files\Eclipse Adoptium\jdk-17.0.19.10-hotspot\bin\net.dll
0x00007ffd1d4d0000 - 0x00007ffd1d5f9000 	C:\Windows\SYSTEM32\WINHTTP.dll
0x00007ffd25370000 - 0x00007ffd253dc000 	C:\Windows\system32\mswsock.dll
0x00007ffced650000 - 0x00007ffced666000 	C:\Program Files\Eclipse Adoptium\jdk-17.0.19.10-hotspot\bin\nio.dll
0x00007ffced600000 - 0x00007ffced618000 	C:\Program Files\Eclipse Adoptium\jdk-17.0.19.10-hotspot\bin\zip.dll
0x00007ffd247f0000 - 0x00007ffd24822000 	C:\Windows\SYSTEM32\IPHLPAPI.DLL
0x00007ffd27400000 - 0x00007ffd2740a000 	C:\Windows\System32\NSI.dll
0x00007ffd206a0000 - 0x00007ffd206bd000 	C:\Windows\SYSTEM32\dhcpcsvc6.DLL
0x00007ffd20620000 - 0x00007ffd20645000 	C:\Windows\SYSTEM32\dhcpcsvc.DLL
0x00007ffd24830000 - 0x00007ffd24962000 	C:\Windows\SYSTEM32\DNSAPI.dll
0x00007ffd1c740000 - 0x00007ffd1c74b000 	C:\Windows\System32\rasadhlp.dll
0x00007ffd21120000 - 0x00007ffd211a6000 	C:\Windows\System32\fwpuclnt.dll

dbghelp: loaded successfully - version: 4.0.5 - missing functions: none
symbol engine: initialized successfully - sym options: 0x614 - pdb path: .;C:\Program Files\Eclipse Adoptium\jdk-17.0.19.10-hotspot\bin;C:\Windows\SYSTEM32;C:\Windows\WinSxS\amd64_microsoft.windows.common-controls_6595b64144ccf1df_6.0.26100.8457_none_3e0b2faee331e92d;C:\Program Files\Eclipse Adoptium\jdk-17.0.19.10-hotspot\bin\server

VM Arguments:
jvm_args: -XX:TieredStopAtLevel=1 
java_command: com.ecommerce.payment.PaymentServiceApplication
java_class_path (initial): C:\Users\acer\Desktop\e-commerce\payment-service\target\classes;C:\Users\acer\.m2\repository\org\springframework\boot\spring-boot\3.2.5\spring-boot-3.2.5.jar;C:\Users\acer\.m2\repository\org\springframework\boot\spring-boot-autoconfigure\3.2.5\spring-boot-autoconfigure-3.2.5.jar;C:\Users\acer\.m2\repository\ch\qos\logback\logback-classic\1.4.14\logback-classic-1.4.14.jar;C:\Users\acer\.m2\repository\ch\qos\logback\logback-core\1.4.14\logback-core-1.4.14.jar;C:\Users\acer\.m2\repository\org\apache\logging\log4j\log4j-to-slf4j\2.21.1\log4j-to-slf4j-2.21.1.jar;C:\Users\acer\.m2\repository\org\apache\logging\log4j\log4j-api\2.21.1\log4j-api-2.21.1.jar;C:\Users\acer\.m2\repository\org\slf4j\jul-to-slf4j\2.0.13\jul-to-slf4j-2.0.13.jar;C:\Users\acer\.m2\repository\jakarta\annotation\jakarta.annotation-api\2.1.1\jakarta.annotation-api-2.1.1.jar;C:\Users\acer\.m2\repository\org\yaml\snakeyaml\2.2\snakeyaml-2.2.jar;C:\Users\acer\.m2\repository\com\fasterxml\jackson\core\jackson-databind\2.15.4\jackson-databind-2.15.4.jar;C:\Users\acer\.m2\repository\com\fasterxml\jackson\datatype\jackson-datatype-jdk8\2.15.4\jackson-datatype-jdk8-2.15.4.jar;C:\Users\acer\.m2\repository\com\fasterxml\jackson\datatype\jackson-datatype-jsr310\2.15.4\jackson-datatype-jsr310-2.15.4.jar;C:\Users\acer\.m2\repository\com\fasterxml\jackson\module\jackson-module-parameter-names\2.15.4\jackson-module-parameter-names-2.15.4.jar;C:\Users\acer\.m2\repository\org\apache\tomcat\embed\tomcat-embed-core\10.1.20\tomcat-embed-core-10.1.20.jar;C:\Users\acer\.m2\repository\org\apache\tomcat\embed\tomcat-embed-websocket\10.1.20\tomcat-embed-websocket-10.1.20.jar;C:\Users\acer\.m2\repository\org\springframework\spring-web\6.1.6\spring-web-6.1.6.jar;C:\Users\acer\.m2\repository\org\springframework\spring-beans\6.1.6\spring-beans-6.1.6.jar;C:\Users\acer\.m2\repository\org\springframework\spring-webmvc\6.1.6\spring-webmvc-6.1.6.jar;C:\Users\acer\.m2\repository\org\springframework\spring-aop
Launcher Type: SUN_STANDARD

[Global flags]
     intx CICompilerCount                          = 4                                         {product} {ergonomic}
     uint ConcGCThreads                            = 2                                         {product} {ergonomic}
     uint G1ConcRefinementThreads                  = 8                                         {product} {ergonomic}
   size_t G1HeapRegionSize                         = 1048576                                   {product} {ergonomic}
    uintx GCDrainStackTargetSize                   = 64                                        {product} {ergonomic}
   size_t InitialHeapSize                          = 123731968                                 {product} {ergonomic}
   size_t MarkStackSize                            = 4194304                                   {product} {ergonomic}
   size_t MaxHeapSize                              = 1962934272                                {product} {ergonomic}
   size_t MaxNewSize                               = 1177550848                                {product} {ergonomic}
   size_t MinHeapDeltaBytes                        = 1048576                                   {product} {ergonomic}
   size_t MinHeapSize                              = 8388608                                   {product} {ergonomic}
    uintx NonProfiledCodeHeapSize                  = 0                                      {pd product} {ergonomic}
     bool ProfileInterpreter                       = false                                  {pd product} {command line}
    uintx ProfiledCodeHeapSize                     = 0                                      {pd product} {ergonomic}
   size_t SoftMaxHeapSize                          = 1962934272                             {manageable} {ergonomic}
     intx TieredStopAtLevel                        = 1                                         {product} {command line}
     bool UseCompressedClassPointers               = true                           {product lp64_product} {ergonomic}
     bool UseCompressedOops                        = true                           {product lp64_product} {ergonomic}
     bool UseG1GC                                  = true                                      {product} {ergonomic}
     bool UseLargePagesIndividualAllocation        = false                                  {pd product} {ergonomic}

Logging:
Log output configuration:
 #0: stdout all=warning uptime,level,tags
 #1: stderr all=off uptime,level,tags

Environment Variables:
PATH=C:\Program Files\Eclipse Adoptium\jdk-17.0.19.10-hotspot\bin;C:\Program Files (x86)\Common Files\Oracle\Java\java8path;C:\Program Files (x86)\Common Files\Oracle\Java\javapath;C:\Windows\system32;C:\Windows;C:\Windows\System32\Wbem;C:\Windows\System32\WindowsPowerShell\v1.0\;C:\Windows\System32\OpenSSH\;C:\Program Files\Git\cmd;C:\Users\acer\Desktop\apache-maven-3.9.16\bin;C:\Users\acer\AppData\Local\Programs\Eclipse Adoptium\jdk-21.0.11.10-hotspot\bin;C:\Users\acer\.local\bin;C:\Users\acer\AppData\Local\Microsoft\WindowsApps;C:\Users\acer\AppData\Local\Programs\Microsoft VS Code\bin;c:\Users\acer\.vscode\extensions\vscjava.vscode-java-debug-0.59.0\bundled\scripts\noConfigScripts
USERNAME=acer
LANG=en_US.UTF-8
OS=Windows_NT
PROCESSOR_IDENTIFIER=AMD64 Family 23 Model 160 Stepping 0, AuthenticAMD
TMP=C:\Users\acer\AppData\Local\Temp
TEMP=C:\Users\acer\AppData\Local\Temp



Periodic native trim disabled


---------------  S Y S T E M  ---------------

OS:
 Windows 11 , 64 bit Build 26100 (10.0.26100.8328)
OS uptime: 21 days 19:38 hours
Hyper-V role detected

CPU: total 8 (initial active 8) (8 cores per cpu, 2 threads per core) family 23 model 160 stepping 0 microcode 0x8a00006, cx8, cmov, fxsr, ht, mmx, 3dnowpref, sse, sse2, sse3, ssse3, sse4a, sse4.1, sse4.2, popcnt, lzcnt, tsc, tscinvbit, avx, avx2, aes, clmul, bmi1, bmi2, adx, sha, fma, vzeroupper, clflush, clflushopt, hv
Processor Information for all 8 processors :
  Max Mhz: 2401, Current Mhz: 2401, Mhz Limit: 2401

Memory: 4k page, system-wide physical 7480M (650M free)
TotalPageFile size 25011M (AvailPageFile size 5M)
current process WorkingSet (physical memory assigned to process): 120M, peak: 120M
current process commit charge ("private bytes"): 230M, peak: 230M

vm_info: OpenJDK 64-Bit Server VM (17.0.19+10) for windows-amd64 JRE (17.0.19+10), built on Apr 25 2026 08:04:44 by "admin" with MS VC++ 17.12 (VS2022)

END.
