#
# There is insufficient memory for the Java Runtime Environment to continue.
# Native memory allocation (malloc) failed to allocate 1664496 bytes. Error detail: Chunk::new
# Possible reasons:
#   The system is out of physical RAM or swap space
#   This process is running with CompressedOops enabled, and the Java Heap may be blocking the growth of the native heap
# Possible solutions:
#   Reduce memory load on the system
#   Increase physical memory or swap space
#   Check if swap backing store is full
#   Decrease Java heap size (-Xmx/-Xms)
#   Decrease number of Java threads
#   Decrease Java thread stack sizes (-Xss)
#   Set larger code cache with -XX:ReservedCodeCacheSize=
#   JVM is running with Unscaled Compressed Oops mode in which the Java heap is
#     placed in the first 4GB address space. The Java Heap base address is the
#     maximum limit for the native heap growth. Please use -XX:HeapBaseMinAddress
#     to set the Java Heap base and to place the Java Heap above 4GB virtual address.
# This output file may be truncated or incomplete.
#
#  Out of Memory Error (arena.cpp:191), pid=15752, tid=26192
#
# JRE version: OpenJDK Runtime Environment Temurin-17.0.19+10 (17.0.19+10) (build 17.0.19+10)
# Java VM: OpenJDK 64-Bit Server VM Temurin-17.0.19+10 (17.0.19+10, mixed mode, sharing, tiered, compressed oops, compressed class ptrs, g1 gc, windows-amd64)
# No core dump will be written. Minidumps are not enabled by default on client versions of Windows
#

---------------  S U M M A R Y ------------

Command Line: --enable-native-access=ALL-UNNAMED -Dclassworlds.conf=C:\Users\acer\Desktop\apache-maven-3.9.16\bin\m2.conf -Dmaven.home=C:\Users\acer\Desktop\apache-maven-3.9.16 -Dlibrary.jansi.path=C:\Users\acer\Desktop\apache-maven-3.9.16\lib\jansi-native -Dmaven.multiModuleProjectDirectory=C:\Users\acer\Desktop\e-commerce\payment-service org.codehaus.plexus.classworlds.launcher.Launcher spring-boot:run

Host: AMD Ryzen 3 7320U with Radeon Graphics         , 8 cores, 7G,  Windows 11 , 64 bit Build 26100 (10.0.26100.8328)
Time: Sun Jun  7 19:26:38 2026 India Standard Time elapsed time: 10.557200 seconds (0d 0h 0m 10s)

---------------  T H R E A D  ---------------

Current thread (0x00000232145c42a0):  JavaThread "C2 CompilerThread2" daemon [_thread_in_native, id=26192, stack(0x00000075a2700000,0x00000075a2800000)]


Current CompileTask:
C2:10557 5210       4       jdk.internal.org.objectweb.asm.Frame::execute (2305 bytes)

Stack: [0x00000075a2700000,0x00000075a2800000]
Native frames: (J=compiled Java code, j=interpreted, Vv=VM code, C=native code)
V  [jvm.dll+0x684b29]
V  [jvm.dll+0x83a2d5]
V  [jvm.dll+0x83bd4e]
V  [jvm.dll+0x83c3d3]
V  [jvm.dll+0x24905f]
V  [jvm.dll+0xad536]
V  [jvm.dll+0xadbdc]
V  [jvm.dll+0x368d4f]
V  [jvm.dll+0x3331d5]
V  [jvm.dll+0x33263a]
V  [jvm.dll+0x219e69]
V  [jvm.dll+0x2192af]
V  [jvm.dll+0x1a49f0]
V  [jvm.dll+0x2299fa]
V  [jvm.dll+0x227bab]
V  [jvm.dll+0x7f0a88]
V  [jvm.dll+0x7eaf1c]
V  [jvm.dll+0x6839f7]
C  [ucrtbase.dll+0x37b0]
C  [KERNEL32.DLL+0x2e957]
C  [ntdll.dll+0x427c]


---------------  P R O C E S S  ---------------

Threads class SMR info:
_java_thread_list=0x0000023214444830, length=15, elements={
0x00000231af608650, 0x00000231cce38690, 0x00000231cce39050, 0x00000231cce54800,
0x00000231cce551c0, 0x00000231cce55b80, 0x00000231cce56540, 0x00000231cce5b700,
0x00000231cce5e1c0, 0x00000231cce67be0, 0x00000231cd77c0d0, 0x00000231cd77b1a0,
0x000002321356c580, 0x00000231cd77a270, 0x00000232145c42a0
}

Java Threads: ( => current thread )
  0x00000231af608650 JavaThread "main" [_thread_in_native, id=3368, stack(0x00000075a0b00000,0x00000075a0c00000)]
  0x00000231cce38690 JavaThread "Reference Handler" daemon [_thread_blocked, id=17628, stack(0x00000075a1200000,0x00000075a1300000)]
  0x00000231cce39050 JavaThread "Finalizer" daemon [_thread_blocked, id=25924, stack(0x00000075a1300000,0x00000075a1400000)]
  0x00000231cce54800 JavaThread "Signal Dispatcher" daemon [_thread_blocked, id=12888, stack(0x00000075a1400000,0x00000075a1500000)]
  0x00000231cce551c0 JavaThread "Attach Listener" daemon [_thread_blocked, id=20892, stack(0x00000075a1500000,0x00000075a1600000)]
  0x00000231cce55b80 JavaThread "Service Thread" daemon [_thread_blocked, id=25980, stack(0x00000075a1600000,0x00000075a1700000)]
  0x00000231cce56540 JavaThread "Monitor Deflation Thread" daemon [_thread_blocked, id=26480, stack(0x00000075a1700000,0x00000075a1800000)]
  0x00000231cce5b700 JavaThread "C2 CompilerThread0" daemon [_thread_blocked, id=9260, stack(0x00000075a1800000,0x00000075a1900000)]
  0x00000231cce5e1c0 JavaThread "C1 CompilerThread0" daemon [_thread_blocked, id=22384, stack(0x00000075a1900000,0x00000075a1a00000)]
  0x00000231cce67be0 JavaThread "Sweeper thread" daemon [_thread_blocked, id=19560, stack(0x00000075a1a00000,0x00000075a1b00000)]
  0x00000231cd77c0d0 JavaThread "Notification Thread" daemon [_thread_blocked, id=21784, stack(0x00000075a1b00000,0x00000075a1c00000)]
  0x00000231cd77b1a0 JavaThread "Common-Cleaner" daemon [_thread_blocked, id=17040, stack(0x00000075a1d00000,0x00000075a1e00000)]
  0x000002321356c580 JavaThread "C2 CompilerThread1" daemon [_thread_blocked, id=12796, stack(0x00000075a1e00000,0x00000075a1f00000)]
  0x00000231cd77a270 JavaThread "Thread-1" daemon [_thread_blocked, id=9008, stack(0x00000075a2600000,0x00000075a2700000)]
=>0x00000232145c42a0 JavaThread "C2 CompilerThread2" daemon [_thread_in_native, id=26192, stack(0x00000075a2700000,0x00000075a2800000)]

Other Threads:
  0x00000231cce32240 VMThread "VM Thread" [stack: 0x00000075a1100000,0x00000075a1200000] [id=10316]
  0x00000231cd77cdf0 WatcherThread [stack: 0x00000075a1c00000,0x00000075a1d00000] [id=21824]
  0x00000231af65f310 GCTaskThread "GC Thread#0" [stack: 0x00000075a0c00000,0x00000075a0d00000] [id=26304]
  0x0000023213aba810 GCTaskThread "GC Thread#1" [stack: 0x00000075a1f00000,0x00000075a2000000] [id=23336]
  0x00000232137ca140 GCTaskThread "GC Thread#2" [stack: 0x00000075a2000000,0x00000075a2100000] [id=13688]
  0x0000023213642be0 GCTaskThread "GC Thread#3" [stack: 0x00000075a2100000,0x00000075a2200000] [id=22520]
  0x00000232138b9cc0 GCTaskThread "GC Thread#4" [stack: 0x00000075a2200000,0x00000075a2300000] [id=26168]
  0x0000023213f0e340 GCTaskThread "GC Thread#5" [stack: 0x00000075a2300000,0x00000075a2400000] [id=3024]
  0x00000232135ba6c0 GCTaskThread "GC Thread#6" [stack: 0x00000075a2400000,0x00000075a2500000] [id=18196]
  0x00000232136d1600 GCTaskThread "GC Thread#7" [stack: 0x00000075a2500000,0x00000075a2600000] [id=25824]
  0x00000231af670b70 ConcurrentGCThread "G1 Main Marker" [stack: 0x00000075a0d00000,0x00000075a0e00000] [id=11480]
  0x00000231af672160 ConcurrentGCThread "G1 Conc#0" [stack: 0x00000075a0e00000,0x00000075a0f00000] [id=24192]
  0x00000231af6b4890 ConcurrentGCThread "G1 Refine#0" [stack: 0x00000075a0f00000,0x00000075a1000000] [id=22772]
  0x00000231af6b6070 ConcurrentGCThread "G1 Service" [stack: 0x00000075a1000000,0x00000075a1100000] [id=2324]

Threads with active compile tasks:
C2 CompilerThread2  10582 5210       4       jdk.internal.org.objectweb.asm.Frame::execute (2305 bytes)

VM state: not at safepoint (normal execution)

VM Mutex/Monitor currently owned by a thread: None

Heap address: 0x000000008b000000, size: 1872 MB, Compressed Oops mode: 32-bit

CDS archive(s) mapped at: [0x00000231ce000000-0x00000231cebb0000-0x00000231cebb0000), size 12255232, SharedBaseAddress: 0x00000231ce000000, ArchiveRelocationMode: 1.
Compressed class space mapped at: 0x00000231cf000000-0x000002320f000000, reserved size: 1073741824
Narrow klass base: 0x00000231ce000000, Narrow klass shift: 0, Narrow klass range: 0x100000000

GC Precious Log:
 CPUs: 8 total, 8 available
 Memory: 7480M
 Large Page Support: Disabled
 NUMA Support: Disabled
 Compressed Oops: Enabled (32-bit)
 Heap Region Size: 1M
 Heap Min Capacity: 8M
 Heap Initial Capacity: 118M
 Heap Max Capacity: 1872M
 Pre-touch: Disabled
 Parallel Workers: 8
 Concurrent Workers: 2
 Concurrent Refinement Workers: 8
 Periodic GC: Disabled

Heap:
 garbage-first heap   total 120832K, used 47345K [0x000000008b000000, 0x0000000100000000)
  region size 1024K, 33 young (33792K), 7 survivors (7168K)
 Metaspace       used 19036K, committed 19328K, reserved 1114112K
  class space    used 2150K, committed 2304K, reserved 1048576K

Heap Regions: E=young(eden), S=young(survivor), O=old, HS=humongous(starts), HC=humongous(continues), CS=collection set, F=free, OA=open archive, CA=closed archive, TAMS=top-at-mark-start (previous, next)
|   0|0x000000008b000000, 0x000000008b100000, 0x000000008b100000|100%| O|  |TAMS 0x000000008b000000, 0x000000008b000000| Untracked 
|   1|0x000000008b100000, 0x000000008b200000, 0x000000008b200000|100%| O|  |TAMS 0x000000008b100000, 0x000000008b100000| Untracked 
|   2|0x000000008b200000, 0x000000008b300000, 0x000000008b300000|100%| O|  |TAMS 0x000000008b200000, 0x000000008b200000| Untracked 
|   3|0x000000008b300000, 0x000000008b400000, 0x000000008b400000|100%| O|  |TAMS 0x000000008b300000, 0x000000008b300000| Untracked 
|   4|0x000000008b400000, 0x000000008b500000, 0x000000008b500000|100%| O|  |TAMS 0x000000008b400000, 0x000000008b400000| Untracked 
|   5|0x000000008b500000, 0x000000008b600000, 0x000000008b600000|100%| O|  |TAMS 0x000000008b500000, 0x000000008b500000| Untracked 
|   6|0x000000008b600000, 0x000000008b700000, 0x000000008b700000|100%| O|  |TAMS 0x000000008b600000, 0x000000008b600000| Untracked 
|   7|0x000000008b700000, 0x000000008b800000, 0x000000008b800000|100%| O|  |TAMS 0x000000008b700000, 0x000000008b700000| Untracked 
|   8|0x000000008b800000, 0x000000008b900000, 0x000000008b900000|100%| O|  |TAMS 0x000000008b800000, 0x000000008b800000| Untracked 
|   9|0x000000008b900000, 0x000000008ba00000, 0x000000008ba00000|100%| O|  |TAMS 0x000000008b900000, 0x000000008b900000| Untracked 
|  10|0x000000008ba00000, 0x000000008bb00000, 0x000000008bb00000|100%| O|  |TAMS 0x000000008ba00000, 0x000000008ba00000| Untracked 
|  11|0x000000008bb00000, 0x000000008bbd2800, 0x000000008bc00000| 82%| O|  |TAMS 0x000000008bb00000, 0x000000008bb00000| Untracked 
|  12|0x000000008bc00000, 0x000000008bd00000, 0x000000008bd00000|100%|HS|  |TAMS 0x000000008bc00000, 0x000000008bc00000| Complete 
|  13|0x000000008bd00000, 0x000000008be00000, 0x000000008be00000|100%|HS|  |TAMS 0x000000008bd00000, 0x000000008bd00000| Complete 
|  14|0x000000008be00000, 0x000000008bf00000, 0x000000008bf00000|100%|HS|  |TAMS 0x000000008be00000, 0x000000008be00000| Complete 
|  15|0x000000008bf00000, 0x000000008bf00000, 0x000000008c000000|  0%| F|  |TAMS 0x000000008bf00000, 0x000000008bf00000| Untracked 
|  16|0x000000008c000000, 0x000000008c000000, 0x000000008c100000|  0%| F|  |TAMS 0x000000008c000000, 0x000000008c000000| Untracked 
|  17|0x000000008c100000, 0x000000008c100000, 0x000000008c200000|  0%| F|  |TAMS 0x000000008c100000, 0x000000008c100000| Untracked 
|  18|0x000000008c200000, 0x000000008c200000, 0x000000008c300000|  0%| F|  |TAMS 0x000000008c200000, 0x000000008c200000| Untracked 
|  19|0x000000008c300000, 0x000000008c300000, 0x000000008c400000|  0%| F|  |TAMS 0x000000008c300000, 0x000000008c300000| Untracked 
|  20|0x000000008c400000, 0x000000008c400000, 0x000000008c500000|  0%| F|  |TAMS 0x000000008c400000, 0x000000008c400000| Untracked 
|  21|0x000000008c500000, 0x000000008c500000, 0x000000008c600000|  0%| F|  |TAMS 0x000000008c500000, 0x000000008c500000| Untracked 
|  22|0x000000008c600000, 0x000000008c600000, 0x000000008c700000|  0%| F|  |TAMS 0x000000008c600000, 0x000000008c600000| Untracked 
|  23|0x000000008c700000, 0x000000008c700000, 0x000000008c800000|  0%| F|  |TAMS 0x000000008c700000, 0x000000008c700000| Untracked 
|  24|0x000000008c800000, 0x000000008c800000, 0x000000008c900000|  0%| F|  |TAMS 0x000000008c800000, 0x000000008c800000| Untracked 
|  25|0x000000008c900000, 0x000000008c900000, 0x000000008ca00000|  0%| F|  |TAMS 0x000000008c900000, 0x000000008c900000| Untracked 
|  26|0x000000008ca00000, 0x000000008ca00000, 0x000000008cb00000|  0%| F|  |TAMS 0x000000008ca00000, 0x000000008ca00000| Untracked 
|  27|0x000000008cb00000, 0x000000008cb00000, 0x000000008cc00000|  0%| F|  |TAMS 0x000000008cb00000, 0x000000008cb00000| Untracked 
|  28|0x000000008cc00000, 0x000000008cc00000, 0x000000008cd00000|  0%| F|  |TAMS 0x000000008cc00000, 0x000000008cc00000| Untracked 
|  29|0x000000008cd00000, 0x000000008cd00000, 0x000000008ce00000|  0%| F|  |TAMS 0x000000008cd00000, 0x000000008cd00000| Untracked 
|  30|0x000000008ce00000, 0x000000008ce00000, 0x000000008cf00000|  0%| F|  |TAMS 0x000000008ce00000, 0x000000008ce00000| Untracked 
|  31|0x000000008cf00000, 0x000000008cf00000, 0x000000008d000000|  0%| F|  |TAMS 0x000000008cf00000, 0x000000008cf00000| Untracked 
|  32|0x000000008d000000, 0x000000008d000000, 0x000000008d100000|  0%| F|  |TAMS 0x000000008d000000, 0x000000008d000000| Untracked 
|  33|0x000000008d100000, 0x000000008d100000, 0x000000008d200000|  0%| F|  |TAMS 0x000000008d100000, 0x000000008d100000| Untracked 
|  34|0x000000008d200000, 0x000000008d200000, 0x000000008d300000|  0%| F|  |TAMS 0x000000008d200000, 0x000000008d200000| Untracked 
|  35|0x000000008d300000, 0x000000008d300000, 0x000000008d400000|  0%| F|  |TAMS 0x000000008d300000, 0x000000008d300000| Untracked 
|  36|0x000000008d400000, 0x000000008d400000, 0x000000008d500000|  0%| F|  |TAMS 0x000000008d400000, 0x000000008d400000| Untracked 
|  37|0x000000008d500000, 0x000000008d500000, 0x000000008d600000|  0%| F|  |TAMS 0x000000008d500000, 0x000000008d500000| Untracked 
|  38|0x000000008d600000, 0x000000008d600000, 0x000000008d700000|  0%| F|  |TAMS 0x000000008d600000, 0x000000008d600000| Untracked 
|  39|0x000000008d700000, 0x000000008d700000, 0x000000008d800000|  0%| F|  |TAMS 0x000000008d700000, 0x000000008d700000| Untracked 
|  40|0x000000008d800000, 0x000000008d800000, 0x000000008d900000|  0%| F|  |TAMS 0x000000008d800000, 0x000000008d800000| Untracked 
|  41|0x000000008d900000, 0x000000008d900000, 0x000000008da00000|  0%| F|  |TAMS 0x000000008d900000, 0x000000008d900000| Untracked 
|  42|0x000000008da00000, 0x000000008da00000, 0x000000008db00000|  0%| F|  |TAMS 0x000000008da00000, 0x000000008da00000| Untracked 
|  43|0x000000008db00000, 0x000000008db00000, 0x000000008dc00000|  0%| F|  |TAMS 0x000000008db00000, 0x000000008db00000| Untracked 
|  44|0x000000008dc00000, 0x000000008dc00000, 0x000000008dd00000|  0%| F|  |TAMS 0x000000008dc00000, 0x000000008dc00000| Untracked 
|  45|0x000000008dd00000, 0x000000008dd00000, 0x000000008de00000|  0%| F|  |TAMS 0x000000008dd00000, 0x000000008dd00000| Untracked 
|  46|0x000000008de00000, 0x000000008de00000, 0x000000008df00000|  0%| F|  |TAMS 0x000000008de00000, 0x000000008de00000| Untracked 
|  47|0x000000008df00000, 0x000000008df00000, 0x000000008e000000|  0%| F|  |TAMS 0x000000008df00000, 0x000000008df00000| Untracked 
|  48|0x000000008e000000, 0x000000008e000000, 0x000000008e100000|  0%| F|  |TAMS 0x000000008e000000, 0x000000008e000000| Untracked 
|  49|0x000000008e100000, 0x000000008e100000, 0x000000008e200000|  0%| F|  |TAMS 0x000000008e100000, 0x000000008e100000| Untracked 
|  50|0x000000008e200000, 0x000000008e269d48, 0x000000008e300000| 41%| S|CS|TAMS 0x000000008e200000, 0x000000008e200000| Complete 
|  51|0x000000008e300000, 0x000000008e400000, 0x000000008e400000|100%| S|CS|TAMS 0x000000008e300000, 0x000000008e300000| Complete 
|  52|0x000000008e400000, 0x000000008e500000, 0x000000008e500000|100%| S|CS|TAMS 0x000000008e400000, 0x000000008e400000| Complete 
|  53|0x000000008e500000, 0x000000008e500000, 0x000000008e600000|  0%| F|  |TAMS 0x000000008e500000, 0x000000008e500000| Untracked 
|  54|0x000000008e600000, 0x000000008e600000, 0x000000008e700000|  0%| F|  |TAMS 0x000000008e600000, 0x000000008e600000| Untracked 
|  55|0x000000008e700000, 0x000000008e700000, 0x000000008e800000|  0%| F|  |TAMS 0x000000008e700000, 0x000000008e700000| Untracked 
|  56|0x000000008e800000, 0x000000008e800000, 0x000000008e900000|  0%| F|  |TAMS 0x000000008e800000, 0x000000008e800000| Untracked 
|  57|0x000000008e900000, 0x000000008ea00000, 0x000000008ea00000|100%| S|CS|TAMS 0x000000008e900000, 0x000000008e900000| Complete 
|  58|0x000000008ea00000, 0x000000008eb00000, 0x000000008eb00000|100%| S|CS|TAMS 0x000000008ea00000, 0x000000008ea00000| Complete 
|  59|0x000000008eb00000, 0x000000008ec00000, 0x000000008ec00000|100%| S|CS|TAMS 0x000000008eb00000, 0x000000008eb00000| Complete 
|  60|0x000000008ec00000, 0x000000008ed00000, 0x000000008ed00000|100%| S|CS|TAMS 0x000000008ec00000, 0x000000008ec00000| Complete 
|  61|0x000000008ed00000, 0x000000008ed00000, 0x000000008ee00000|  0%| F|  |TAMS 0x000000008ed00000, 0x000000008ed00000| Untracked 
|  62|0x000000008ee00000, 0x000000008ee00000, 0x000000008ef00000|  0%| F|  |TAMS 0x000000008ee00000, 0x000000008ee00000| Untracked 
|  63|0x000000008ef00000, 0x000000008ef00000, 0x000000008f000000|  0%| F|  |TAMS 0x000000008ef00000, 0x000000008ef00000| Untracked 
|  64|0x000000008f000000, 0x000000008f000000, 0x000000008f100000|  0%| F|  |TAMS 0x000000008f000000, 0x000000008f000000| Untracked 
|  65|0x000000008f100000, 0x000000008f100000, 0x000000008f200000|  0%| F|  |TAMS 0x000000008f100000, 0x000000008f100000| Untracked 
|  66|0x000000008f200000, 0x000000008f200000, 0x000000008f300000|  0%| F|  |TAMS 0x000000008f200000, 0x000000008f200000| Untracked 
|  67|0x000000008f300000, 0x000000008f300000, 0x000000008f400000|  0%| F|  |TAMS 0x000000008f300000, 0x000000008f300000| Untracked 
|  68|0x000000008f400000, 0x000000008f400000, 0x000000008f500000|  0%| F|  |TAMS 0x000000008f400000, 0x000000008f400000| Untracked 
|  69|0x000000008f500000, 0x000000008f500000, 0x000000008f600000|  0%| F|  |TAMS 0x000000008f500000, 0x000000008f500000| Untracked 
|  70|0x000000008f600000, 0x000000008f600000, 0x000000008f700000|  0%| F|  |TAMS 0x000000008f600000, 0x000000008f600000| Untracked 
|  71|0x000000008f700000, 0x000000008f700000, 0x000000008f800000|  0%| F|  |TAMS 0x000000008f700000, 0x000000008f700000| Untracked 
|  72|0x000000008f800000, 0x000000008f800000, 0x000000008f900000|  0%| F|  |TAMS 0x000000008f800000, 0x000000008f800000| Untracked 
|  73|0x000000008f900000, 0x000000008f900000, 0x000000008fa00000|  0%| F|  |TAMS 0x000000008f900000, 0x000000008f900000| Untracked 
|  74|0x000000008fa00000, 0x000000008fa00000, 0x000000008fb00000|  0%| F|  |TAMS 0x000000008fa00000, 0x000000008fa00000| Untracked 
|  75|0x000000008fb00000, 0x000000008fb00000, 0x000000008fc00000|  0%| F|  |TAMS 0x000000008fb00000, 0x000000008fb00000| Untracked 
|  76|0x000000008fc00000, 0x000000008fc00000, 0x000000008fd00000|  0%| F|  |TAMS 0x000000008fc00000, 0x000000008fc00000| Untracked 
|  77|0x000000008fd00000, 0x000000008fd00000, 0x000000008fe00000|  0%| F|  |TAMS 0x000000008fd00000, 0x000000008fd00000| Untracked 
|  78|0x000000008fe00000, 0x000000008fe00000, 0x000000008ff00000|  0%| F|  |TAMS 0x000000008fe00000, 0x000000008fe00000| Untracked 
|  79|0x000000008ff00000, 0x000000008ff00000, 0x0000000090000000|  0%| F|  |TAMS 0x000000008ff00000, 0x000000008ff00000| Untracked 
|  80|0x0000000090000000, 0x0000000090000000, 0x0000000090100000|  0%| F|  |TAMS 0x0000000090000000, 0x0000000090000000| Untracked 
|  81|0x0000000090100000, 0x0000000090100000, 0x0000000090200000|  0%| F|  |TAMS 0x0000000090100000, 0x0000000090100000| Untracked 
|  82|0x0000000090200000, 0x0000000090200000, 0x0000000090300000|  0%| F|  |TAMS 0x0000000090200000, 0x0000000090200000| Untracked 
|  83|0x0000000090300000, 0x0000000090300000, 0x0000000090400000|  0%| F|  |TAMS 0x0000000090300000, 0x0000000090300000| Untracked 
|  84|0x0000000090400000, 0x0000000090400000, 0x0000000090500000|  0%| F|  |TAMS 0x0000000090400000, 0x0000000090400000| Untracked 
|  85|0x0000000090500000, 0x0000000090500000, 0x0000000090600000|  0%| F|  |TAMS 0x0000000090500000, 0x0000000090500000| Untracked 
|  86|0x0000000090600000, 0x0000000090600000, 0x0000000090700000|  0%| F|  |TAMS 0x0000000090600000, 0x0000000090600000| Untracked 
|  87|0x0000000090700000, 0x0000000090700000, 0x0000000090800000|  0%| F|  |TAMS 0x0000000090700000, 0x0000000090700000| Untracked 
|  88|0x0000000090800000, 0x0000000090800000, 0x0000000090900000|  0%| F|  |TAMS 0x0000000090800000, 0x0000000090800000| Untracked 
|  89|0x0000000090900000, 0x0000000090900000, 0x0000000090a00000|  0%| F|  |TAMS 0x0000000090900000, 0x0000000090900000| Untracked 
|  90|0x0000000090a00000, 0x0000000090a00000, 0x0000000090b00000|  0%| F|  |TAMS 0x0000000090a00000, 0x0000000090a00000| Untracked 
|  91|0x0000000090b00000, 0x0000000090b00000, 0x0000000090c00000|  0%| F|  |TAMS 0x0000000090b00000, 0x0000000090b00000| Untracked 
|  92|0x0000000090c00000, 0x0000000090d00000, 0x0000000090d00000|100%| E|  |TAMS 0x0000000090c00000, 0x0000000090c00000| Complete 
|  93|0x0000000090d00000, 0x0000000090e00000, 0x0000000090e00000|100%| E|CS|TAMS 0x0000000090d00000, 0x0000000090d00000| Complete 
|  94|0x0000000090e00000, 0x0000000090f00000, 0x0000000090f00000|100%| E|CS|TAMS 0x0000000090e00000, 0x0000000090e00000| Complete 
|  95|0x0000000090f00000, 0x0000000091000000, 0x0000000091000000|100%| E|CS|TAMS 0x0000000090f00000, 0x0000000090f00000| Complete 
|  96|0x0000000091000000, 0x0000000091100000, 0x0000000091100000|100%| E|CS|TAMS 0x0000000091000000, 0x0000000091000000| Complete 
|  97|0x0000000091100000, 0x0000000091200000, 0x0000000091200000|100%| E|CS|TAMS 0x0000000091100000, 0x0000000091100000| Complete 
|  98|0x0000000091200000, 0x0000000091300000, 0x0000000091300000|100%| E|CS|TAMS 0x0000000091200000, 0x0000000091200000| Complete 
|  99|0x0000000091300000, 0x0000000091400000, 0x0000000091400000|100%| E|CS|TAMS 0x0000000091300000, 0x0000000091300000| Complete 
| 100|0x0000000091400000, 0x0000000091500000, 0x0000000091500000|100%| E|CS|TAMS 0x0000000091400000, 0x0000000091400000| Complete 
| 101|0x0000000091500000, 0x0000000091600000, 0x0000000091600000|100%| E|CS|TAMS 0x0000000091500000, 0x0000000091500000| Complete 
| 102|0x0000000091600000, 0x0000000091700000, 0x0000000091700000|100%| E|CS|TAMS 0x0000000091600000, 0x0000000091600000| Complete 
| 103|0x0000000091700000, 0x0000000091800000, 0x0000000091800000|100%| E|CS|TAMS 0x0000000091700000, 0x0000000091700000| Complete 
| 104|0x0000000091800000, 0x0000000091900000, 0x0000000091900000|100%| E|CS|TAMS 0x0000000091800000, 0x0000000091800000| Complete 
| 105|0x0000000091900000, 0x0000000091a00000, 0x0000000091a00000|100%| E|CS|TAMS 0x0000000091900000, 0x0000000091900000| Complete 
| 106|0x0000000091a00000, 0x0000000091b00000, 0x0000000091b00000|100%| E|CS|TAMS 0x0000000091a00000, 0x0000000091a00000| Complete 
| 107|0x0000000091b00000, 0x0000000091c00000, 0x0000000091c00000|100%| E|CS|TAMS 0x0000000091b00000, 0x0000000091b00000| Complete 
| 108|0x0000000091c00000, 0x0000000091d00000, 0x0000000091d00000|100%| E|CS|TAMS 0x0000000091c00000, 0x0000000091c00000| Complete 
| 109|0x0000000091d00000, 0x0000000091e00000, 0x0000000091e00000|100%| E|CS|TAMS 0x0000000091d00000, 0x0000000091d00000| Complete 
| 110|0x0000000091e00000, 0x0000000091f00000, 0x0000000091f00000|100%| E|CS|TAMS 0x0000000091e00000, 0x0000000091e00000| Complete 
| 111|0x0000000091f00000, 0x0000000092000000, 0x0000000092000000|100%| E|CS|TAMS 0x0000000091f00000, 0x0000000091f00000| Complete 
| 112|0x0000000092000000, 0x0000000092100000, 0x0000000092100000|100%| E|CS|TAMS 0x0000000092000000, 0x0000000092000000| Complete 
| 113|0x0000000092100000, 0x0000000092200000, 0x0000000092200000|100%| E|CS|TAMS 0x0000000092100000, 0x0000000092100000| Complete 
| 114|0x0000000092200000, 0x0000000092300000, 0x0000000092300000|100%| E|CS|TAMS 0x0000000092200000, 0x0000000092200000| Complete 
| 115|0x0000000092300000, 0x0000000092400000, 0x0000000092400000|100%| E|CS|TAMS 0x0000000092300000, 0x0000000092300000| Complete 
| 116|0x0000000092400000, 0x0000000092500000, 0x0000000092500000|100%| E|CS|TAMS 0x0000000092400000, 0x0000000092400000| Complete 
| 117|0x0000000092500000, 0x0000000092600000, 0x0000000092600000|100%| E|CS|TAMS 0x0000000092500000, 0x0000000092500000| Complete 

Card table byte_map: [0x00000231c6880000,0x00000231c6c30000] _byte_map_base: 0x00000231c6428000

Marking Bits (Prev, Next): (CMBitMap*) 0x00000231af661840, (CMBitMap*) 0x00000231af661880
 Prev Bits: [0x00000231c6fe0000, 0x00000231c8d20000)
 Next Bits: [0x00000231c8d20000, 0x00000231caa60000)

Polling page: 0x00000231ad5b0000

Metaspace:

Usage:
  Non-class:     16.49 MB used.
      Class:      2.10 MB used.
       Both:     18.59 MB used.

Virtual space:
  Non-class space:       64.00 MB reserved,      16.62 MB ( 26%) committed,  1 nodes.
      Class space:        1.00 GB reserved,       2.25 MB ( <1%) committed,  1 nodes.
             Both:        1.06 GB reserved,      18.88 MB (  2%) committed. 

Chunk freelists:
   Non-Class:  14.46 MB
       Class:  13.66 MB
        Both:  28.11 MB

MaxMetaspaceSize: unlimited
CompressedClassSpaceSize: 1.00 GB
Initial GC threshold: 21.00 MB
Current GC threshold: 21.00 MB
CDS: on
MetaspaceReclaimPolicy: balanced
 - commit_granule_bytes: 65536.
 - commit_granule_words: 8192.
 - virtual_space_node_default_size: 8388608.
 - enlarge_chunks_in_place: 1.
 - new_chunks_are_fully_committed: 0.
 - uncommit_free_chunks: 1.
 - use_allocation_guard: 0.
 - handle_deallocations: 1.


Internal statistics:

num_allocs_failed_limit: 0.
num_arena_births: 162.
num_arena_deaths: 0.
num_vsnodes_births: 2.
num_vsnodes_deaths: 0.
num_space_committed: 302.
num_space_uncommitted: 0.
num_chunks_returned_to_freelist: 0.
num_chunks_taken_from_freelist: 876.
num_chunk_merges: 0.
num_chunk_splits: 577.
num_chunks_enlarged: 442.
num_inconsistent_stats: 0.

CodeHeap 'non-profiled nmethods': size=120000Kb used=2670Kb max_used=3103Kb free=117329Kb
 bounds [0x00000231bec60000, 0x00000231bef80000, 0x00000231c6190000]
CodeHeap 'profiled nmethods': size=120000Kb used=9145Kb max_used=11371Kb free=110854Kb
 bounds [0x00000231b7190000, 0x00000231b7cb0000, 0x00000231be6c0000]
CodeHeap 'non-nmethods': size=5760Kb used=1190Kb max_used=1241Kb free=4569Kb
 bounds [0x00000231be6c0000, 0x00000231be930000, 0x00000231bec60000]
 total_blobs=4890 nmethods=4406 adapters=396
 compilation: enabled
              stopped_count=0, restarted_count=0
 full_count=0

Compilation events (20 events):
Event: 6.358 Thread 0x00000232145c42a0 5200       4       java.lang.Character::getType (9 bytes)
Event: 6.358 Thread 0x00000231cce5e1c0 nmethod 5198 0x00000231b7498f10 code [0x00000231b74990e0, 0x00000231b7499398]
Event: 6.358 Thread 0x00000231cce5e1c0 5191       3       java.lang.ProcessEnvironment$CheckedEntrySet$1::next (20 bytes)
Event: 6.358 Thread 0x000002321356c580 nmethod 5199 0x00000231bec86210 code [0x00000231bec863a0, 0x00000231bec86498]
Event: 6.358 Thread 0x00000231cce5e1c0 nmethod 5191 0x00000231b73ac990 code [0x00000231b73acb60, 0x00000231b73acfc8]
Event: 6.359 Thread 0x00000232145c42a0 nmethod 5200 0x00000231becb2210 code [0x00000231becb23a0, 0x00000231becb2498]
Event: 6.370 Thread 0x00000231cce5e1c0 5205       3       java.lang.invoke.LambdaForm$Name::<init> (54 bytes)
Event: 6.370 Thread 0x00000231cce5e1c0 nmethod 5205 0x00000231b7362590 code [0x00000231b7362740, 0x00000231b73629f8]
Event: 6.373 Thread 0x00000231cce5e1c0 5207       3       java.lang.invoke.LambdaForm$BasicType::basicTypeSlots (8 bytes)
Event: 6.373 Thread 0x00000231cce5e1c0 nmethod 5207 0x00000231b7537690 code [0x00000231b7537840, 0x00000231b75379b8]
Event: 6.373 Thread 0x00000231cce5e1c0 5208       3       sun.invoke.util.Wrapper::stackSlots (9 bytes)
Event: 6.373 Thread 0x00000231cce5e1c0 nmethod 5208 0x00000231b72eb690 code [0x00000231b72eb820, 0x00000231b72eb938]
Event: 6.374 Thread 0x00000231cce5e1c0 5209       3       java.lang.invoke.InvokerBytecodeGenerator::emitImplicitConversion (161 bytes)
Event: 6.374 Thread 0x00000232145c42a0 5210       4       jdk.internal.org.objectweb.asm.Frame::execute (2305 bytes)
Event: 6.375 Thread 0x00000231cce5e1c0 nmethod 5209 0x00000231b7399e10 code [0x00000231b739a140, 0x00000231b739afb8]
Event: 6.375 Thread 0x00000231cce5e1c0 5211       3       java.lang.invoke.MemberName::<init> (50 bytes)
Event: 6.375 Thread 0x00000231cce5e1c0 nmethod 5211 0x00000231b7496890 code [0x00000231b7496a80, 0x00000231b7496d98]
Event: 6.380 Thread 0x00000231cce5e1c0 5215       3       java.lang.invoke.MethodHandleNatives::refKindHasReceiver (33 bytes)
Event: 6.380 Thread 0x00000231cce5e1c0 nmethod 5215 0x00000231b72f8810 code [0x00000231b72f89a0, 0x00000231b72f8af8]
Event: 6.394 Thread 0x00000231cce5b700 nmethod 5166% 0x00000231becd8290 code [0x00000231becd85c0, 0x00000231becdc770]

GC Heap History (10 events):
Event: 1.174 GC heap before
{Heap before GC invocations=0 (full 0):
 garbage-first heap   total 120832K, used 23552K [0x000000008b000000, 0x0000000100000000)
  region size 1024K, 23 young (23552K), 0 survivors (0K)
 Metaspace       used 5367K, committed 5568K, reserved 1114112K
  class space    used 642K, committed 768K, reserved 1048576K
}
Event: 1.183 GC heap after
{Heap after GC invocations=1 (full 0):
 garbage-first heap   total 120832K, used 3592K [0x000000008b000000, 0x0000000100000000)
  region size 1024K, 3 young (3072K), 3 survivors (3072K)
 Metaspace       used 5367K, committed 5568K, reserved 1114112K
  class space    used 642K, committed 768K, reserved 1048576K
}
Event: 1.950 GC heap before
{Heap before GC invocations=1 (full 0):
 garbage-first heap   total 120832K, used 35336K [0x000000008b000000, 0x0000000100000000)
  region size 1024K, 34 young (34816K), 3 survivors (3072K)
 Metaspace       used 8131K, committed 8384K, reserved 1114112K
  class space    used 979K, committed 1088K, reserved 1048576K
}
Event: 1.957 GC heap after
{Heap after GC invocations=2 (full 0):
 garbage-first heap   total 120832K, used 4780K [0x000000008b000000, 0x0000000100000000)
  region size 1024K, 2 young (2048K), 2 survivors (2048K)
 Metaspace       used 8131K, committed 8384K, reserved 1114112K
  class space    used 979K, committed 1088K, reserved 1048576K
}
Event: 3.526 GC heap before
{Heap before GC invocations=2 (full 0):
 garbage-first heap   total 120832K, used 74412K [0x000000008b000000, 0x0000000100000000)
  region size 1024K, 70 young (71680K), 2 survivors (2048K)
 Metaspace       used 15342K, committed 15552K, reserved 1114112K
  class space    used 1855K, committed 1920K, reserved 1048576K
}
Event: 3.547 GC heap after
{Heap after GC invocations=3 (full 0):
 garbage-first heap   total 120832K, used 12262K [0x000000008b000000, 0x0000000100000000)
  region size 1024K, 9 young (9216K), 9 survivors (9216K)
 Metaspace       used 15342K, committed 15552K, reserved 1114112K
  class space    used 1855K, committed 1920K, reserved 1048576K
}
Event: 4.636 GC heap before
{Heap before GC invocations=3 (full 0):
 garbage-first heap   total 120832K, used 74726K [0x000000008b000000, 0x0000000100000000)
  region size 1024K, 70 young (71680K), 9 survivors (9216K)
 Metaspace       used 15965K, committed 16192K, reserved 1114112K
  class space    used 1869K, committed 1984K, reserved 1048576K
}
Event: 4.652 GC heap after
{Heap after GC invocations=4 (full 0):
 garbage-first heap   total 120832K, used 16202K [0x000000008b000000, 0x0000000100000000)
  region size 1024K, 4 young (4096K), 4 survivors (4096K)
 Metaspace       used 15965K, committed 16192K, reserved 1114112K
  class space    used 1869K, committed 1984K, reserved 1048576K
}
Event: 5.852 GC heap before
{Heap before GC invocations=4 (full 0):
 garbage-first heap   total 120832K, used 106314K [0x000000008b000000, 0x0000000100000000)
  region size 1024K, 61 young (62464K), 4 survivors (4096K)
 Metaspace       used 18126K, committed 18432K, reserved 1114112K
  class space    used 2059K, committed 2240K, reserved 1048576K
}
Event: 5.861 GC heap after
{Heap after GC invocations=5 (full 0):
 garbage-first heap   total 120832K, used 18673K [0x000000008b000000, 0x0000000100000000)
  region size 1024K, 7 young (7168K), 7 survivors (7168K)
 Metaspace       used 18126K, committed 18432K, reserved 1114112K
  class space    used 2059K, committed 2240K, reserved 1048576K
}

Dll operation events (8 events):
Event: 0.012 Loaded shared library C:\Program Files\Eclipse Adoptium\jdk-17.0.19.10-hotspot\bin\java.dll
Event: 0.037 Loaded shared library C:\Program Files\Eclipse Adoptium\jdk-17.0.19.10-hotspot\bin\jsvml.dll
Event: 0.075 Loaded shared library C:\Program Files\Eclipse Adoptium\jdk-17.0.19.10-hotspot\bin\net.dll
Event: 0.079 Loaded shared library C:\Program Files\Eclipse Adoptium\jdk-17.0.19.10-hotspot\bin\nio.dll
Event: 0.086 Loaded shared library C:\Program Files\Eclipse Adoptium\jdk-17.0.19.10-hotspot\bin\zip.dll
Event: 0.399 Loaded shared library C:\Users\acer\Desktop\apache-maven-3.9.16\lib\jansi-native\Windows\x86_64\jansi.dll
Event: 0.402 Loaded shared library C:\Program Files\Eclipse Adoptium\jdk-17.0.19.10-hotspot\bin\jimage.dll
Event: 0.430 Loaded shared library C:\Program Files\Eclipse Adoptium\jdk-17.0.19.10-hotspot\bin\verify.dll

Deoptimization events (20 events):
Event: 6.355 Thread 0x00000231af608650 Uncommon trap: trap_request=0xffffffbe fr.pc=0x00000231bed76848 relative=0x0000000000001de8
Event: 6.355 Thread 0x00000231af608650 Uncommon trap: reason=profile_predicate action=maybe_recompile pc=0x00000231bed76848 method=java.util.TimSort.binarySort([Ljava/lang/Object;IIILjava/util/Comparator;)V @ 34 c2
Event: 6.355 Thread 0x00000231af608650 DEOPT PACKING pc=0x00000231bed76848 sp=0x00000075a0bfd840
Event: 6.355 Thread 0x00000231af608650 DEOPT UNPACKING pc=0x00000231be7169a3 sp=0x00000075a0bfd820 mode 2
Event: 6.356 Thread 0x00000231af608650 Uncommon trap: trap_request=0xffffffbe fr.pc=0x00000231bed76848 relative=0x0000000000001de8
Event: 6.356 Thread 0x00000231af608650 Uncommon trap: reason=profile_predicate action=maybe_recompile pc=0x00000231bed76848 method=java.util.TimSort.binarySort([Ljava/lang/Object;IIILjava/util/Comparator;)V @ 34 c2
Event: 6.356 Thread 0x00000231af608650 DEOPT PACKING pc=0x00000231bed76848 sp=0x00000075a0bfd840
Event: 6.356 Thread 0x00000231af608650 DEOPT UNPACKING pc=0x00000231be7169a3 sp=0x00000075a0bfd820 mode 2
Event: 6.356 Thread 0x00000231af608650 Uncommon trap: trap_request=0xffffffbe fr.pc=0x00000231bed76848 relative=0x0000000000001de8
Event: 6.356 Thread 0x00000231af608650 Uncommon trap: reason=profile_predicate action=maybe_recompile pc=0x00000231bed76848 method=java.util.TimSort.binarySort([Ljava/lang/Object;IIILjava/util/Comparator;)V @ 34 c2
Event: 6.356 Thread 0x00000231af608650 DEOPT PACKING pc=0x00000231bed76848 sp=0x00000075a0bfd840
Event: 6.356 Thread 0x00000231af608650 DEOPT UNPACKING pc=0x00000231be7169a3 sp=0x00000075a0bfd820 mode 2
Event: 6.356 Thread 0x00000231af608650 Uncommon trap: trap_request=0xffffffbe fr.pc=0x00000231bed76848 relative=0x0000000000001de8
Event: 6.356 Thread 0x00000231af608650 Uncommon trap: reason=profile_predicate action=maybe_recompile pc=0x00000231bed76848 method=java.util.TimSort.binarySort([Ljava/lang/Object;IIILjava/util/Comparator;)V @ 34 c2
Event: 6.356 Thread 0x00000231af608650 DEOPT PACKING pc=0x00000231bed76848 sp=0x00000075a0bfd840
Event: 6.356 Thread 0x00000231af608650 DEOPT UNPACKING pc=0x00000231be7169a3 sp=0x00000075a0bfd820 mode 2
Event: 6.383 Thread 0x00000231af608650 Uncommon trap: trap_request=0xffffffde fr.pc=0x00000231bee57b04 relative=0x0000000000000544
Event: 6.383 Thread 0x00000231af608650 Uncommon trap: reason=class_check action=maybe_recompile pc=0x00000231bee57b04 method=java.util.Hashtable.get(Ljava/lang/Object;)Ljava/lang/Object; @ 6 c2
Event: 6.383 Thread 0x00000231af608650 DEOPT PACKING pc=0x00000231bee57b04 sp=0x00000075a0bfdc10
Event: 6.383 Thread 0x00000231af608650 DEOPT UNPACKING pc=0x00000231be7169a3 sp=0x00000075a0bfdbc0 mode 2

Classes loaded (20 events):
Event: 6.379 Loading class java/util/concurrent/SynchronousQueue$Transferer done
Event: 6.379 Loading class java/util/concurrent/SynchronousQueue$TransferStack done
Event: 6.379 Loading class java/util/concurrent/SynchronousQueue$TransferStack$SNode
Event: 6.380 Loading class java/util/concurrent/SynchronousQueue$TransferStack$SNode done
Event: 6.380 Loading class java/lang/ProcessImpl$2
Event: 6.380 Loading class java/lang/ProcessImpl$2 done
Event: 6.380 Loading class java/lang/ProcessBuilder$NullOutputStream
Event: 6.380 Loading class java/lang/ProcessBuilder$NullOutputStream done
Event: 6.380 Loading class java/lang/ProcessBuilder$NullInputStream
Event: 6.381 Loading class java/lang/ProcessBuilder$NullInputStream done
Event: 6.381 Loading class jdk/internal/event/ProcessStartEvent
Event: 6.381 Loading class jdk/internal/event/ProcessStartEvent done
Event: 6.382 Loading class sun/misc/Signal
Event: 6.382 Loading class sun/misc/Signal done
Event: 6.382 Loading class sun/misc/SignalHandler
Event: 6.382 Loading class sun/misc/SignalHandler done
Event: 6.383 Loading class sun/misc/Signal$InternalMiscHandler
Event: 6.383 Loading class sun/misc/Signal$InternalMiscHandler done
Event: 6.383 Loading class sun/misc/Signal$SunMiscHandler
Event: 6.383 Loading class sun/misc/Signal$SunMiscHandler done

Classes unloaded (0 events):
No events

Classes redefined (0 events):
No events

Internal exceptions (20 events):
Event: 2.800 Thread 0x00000231af608650 Exception <a 'java/lang/NoSuchMethodError'{0x00000000904982a8}: 'void java.lang.invoke.DirectMethodHandle$Holder.invokeSpecial(java.lang.Object, java.lang.Object, java.lang.Object, java.lang.Object, java.lang.Object, java.lang.Object)'> (0x00000000904982a8) 
thrown [s\src\hotspot\share\interpreter\linkResolver.cpp, line 759]
Event: 2.818 Thread 0x00000231af608650 Exception <a 'java/lang/NoSuchMethodError'{0x00000000901aaf08}: 'java.lang.Object java.lang.invoke.DirectMethodHandle$Holder.invokeVirtual(java.lang.Object, java.lang.Object, java.lang.Object)'> (0x00000000901aaf08) 
thrown [s\src\hotspot\share\interpreter\linkResolver.cpp, line 759]
Event: 3.477 Thread 0x00000231af608650 Implicit null exception at 0x00000231bedb543e to 0x00000231bedb7050
Event: 3.478 Thread 0x00000231af608650 Implicit null exception at 0x00000231bed4a96c to 0x00000231bed4ab54
Event: 3.478 Thread 0x00000231af608650 Implicit null exception at 0x00000231bed6962f to 0x00000231bed696a9
Event: 3.479 Thread 0x00000231af608650 Exception <a 'java/lang/NoSuchMethodError'{0x000000008e282130}: 'void java.lang.invoke.DirectMethodHandle$Holder.invokeStatic(java.lang.Object, java.lang.Object, java.lang.Object, java.lang.Object)'> (0x000000008e282130) 
thrown [s\src\hotspot\share\interpreter\linkResolver.cpp, line 759]
Event: 3.487 Thread 0x00000231af608650 Exception <a 'java/lang/NoSuchMethodError'{0x000000008e2f9de0}: 'int java.lang.invoke.DirectMethodHandle$Holder.invokeSpecialIFC(java.lang.Object, java.lang.Object, java.lang.Object, java.lang.Object)'> (0x000000008e2f9de0) 
thrown [s\src\hotspot\share\interpreter\linkResolver.cpp, line 759]
Event: 5.059 Thread 0x00000231af608650 Exception <a 'java/lang/NoSuchMethodError'{0x000000009137f5f0}: 'java.lang.Object java.lang.invoke.DirectMethodHandle$Holder.newInvokeSpecial(java.lang.Object, java.lang.Object, java.lang.Object, java.lang.Object, java.lang.Object, java.lang.Object, java.lang.Object)'> (0x000000009137f5f0) 
thrown [s\src\hotspot\share\interpreter\linkResolver.cpp, line 759]
Event: 5.060 Thread 0x00000231af608650 Exception <a 'java/lang/NoSuchMethodError'{0x00000000913841a0}: 'java.lang.Object java.lang.invoke.Invokers$Holder.linkToTargetMethod(java.lang.Object, java.lang.Object, java.lang.Object, java.lang.Object, java.lang.Object, java.lang.Object, java.lang.Object)'> (0x00000000913841a0) 
thrown [s\src\hotspot\share\interpreter\linkResolver.cpp, line 759]
Event: 5.061 Thread 0x00000231af608650 Implicit null exception at 0x00000231bee938e6 to 0x00000231bee94538
Event: 5.260 Thread 0x00000231af608650 Implicit null exception at 0x00000231bee70ca3 to 0x00000231bee713a0
Event: 5.270 Thread 0x00000231af608650 Exception <a 'java/lang/NoSuchMethodError'{0x00000000909addb0}: 'int java.lang.invoke.DirectMethodHandle$Holder.invokeVirtual(java.lang.Object, java.lang.Object)'> (0x00000000909addb0) 
thrown [s\src\hotspot\share\interpreter\linkResolver.cpp, line 759]
Event: 5.323 Thread 0x00000231af608650 Exception <a 'java/lang/NoSuchMethodError'{0x00000000907ed0a0}: 'int java.lang.invoke.DirectMethodHandle$Holder.invokeStatic(java.lang.Object, java.lang.Object, int)'> (0x00000000907ed0a0) 
thrown [s\src\hotspot\share\interpreter\linkResolver.cpp, line 759]
Event: 6.153 Thread 0x00000231af608650 Exception <a 'java/lang/NoClassDefFoundError'{0x0000000091931978}: org/codehaus/plexus/util/io/CachingOutputStream> (0x0000000091931978) 
thrown [s\src\hotspot\share\classfile\systemDictionary.cpp, line 245]
Event: 6.369 Thread 0x00000231af608650 Exception <a 'java/lang/NoSuchMethodError'{0x0000000090ca22c0}: 'void java.lang.invoke.DirectMethodHandle$Holder.invokeStatic(java.lang.Object, long)'> (0x0000000090ca22c0) 
thrown [s\src\hotspot\share\interpreter\linkResolver.cpp, line 759]
Event: 6.369 Thread 0x00000231af608650 Exception <a 'java/lang/NoSuchMethodError'{0x0000000090ca79a0}: 'java.lang.Object java.lang.invoke.DirectMethodHandle$Holder.newInvokeSpecial(java.lang.Object, long)'> (0x0000000090ca79a0) 
thrown [s\src\hotspot\share\interpreter\linkResolver.cpp, line 759]
Event: 6.372 Thread 0x00000231af608650 Exception <a 'java/lang/NoSuchMethodError'{0x0000000090caf2d0}: 'java.lang.Object java.lang.invoke.DirectMethodHandle$Holder.invokeStatic(java.lang.Object, java.lang.Object, long, java.lang.Object)'> (0x0000000090caf2d0) 
thrown [s\src\hotspot\share\interpreter\linkResolver.cpp, line 759]
Event: 6.374 Thread 0x00000231af608650 Exception <a 'java/lang/NoSuchMethodError'{0x0000000090cb2aa8}: 'java.lang.Object java.lang.invoke.DirectMethodHandle$Holder.invokeStaticInit(java.lang.Object, java.lang.Object, long, java.lang.Object)'> (0x0000000090cb2aa8) 
thrown [s\src\hotspot\share\interpreter\linkResolver.cpp, line 759]
Event: 6.375 Thread 0x00000231af608650 Exception <a 'java/lang/NoSuchMethodError'{0x0000000090cb9140}: 'java.lang.Object java.lang.invoke.DirectMethodHandle$Holder.newInvokeSpecial(java.lang.Object, java.lang.Object, long)'> (0x0000000090cb9140) 
thrown [s\src\hotspot\share\interpreter\linkResolver.cpp, line 759]
Event: 6.376 Thread 0x00000231af608650 Exception <a 'java/lang/NoSuchMethodError'{0x0000000090cbd430}: 'java.lang.Object java.lang.invoke.Invokers$Holder.linkToTargetMethod(java.lang.Object, long, java.lang.Object)'> (0x0000000090cbd430) 
thrown [s\src\hotspot\share\interpreter\linkResolver.cpp, line 759]

VM Operations (20 events):
Event: 3.961 Executing VM operation: ICBufferFull
Event: 3.961 Executing VM operation: ICBufferFull done
Event: 4.502 Executing VM operation: ICBufferFull
Event: 4.503 Executing VM operation: ICBufferFull done
Event: 4.636 Executing VM operation: G1CollectForAllocation
Event: 4.652 Executing VM operation: G1CollectForAllocation done
Event: 5.203 Executing VM operation: ICBufferFull
Event: 5.203 Executing VM operation: ICBufferFull done
Event: 5.549 Executing VM operation: ICBufferFull
Event: 5.549 Executing VM operation: ICBufferFull done
Event: 5.852 Executing VM operation: G1CollectForAllocation
Event: 5.861 Executing VM operation: G1CollectForAllocation done
Event: 6.119 Executing VM operation: HandshakeAllThreads
Event: 6.119 Executing VM operation: HandshakeAllThreads done
Event: 6.134 Executing VM operation: HandshakeAllThreads
Event: 6.134 Executing VM operation: HandshakeAllThreads done
Event: 6.144 Executing VM operation: HandshakeAllThreads
Event: 6.144 Executing VM operation: HandshakeAllThreads done
Event: 7.155 Executing VM operation: Cleanup
Event: 7.155 Executing VM operation: Cleanup done

Memory protections (0 events):
No events

Nmethod flushes (20 events):
Event: 6.149 Thread 0x00000231cce67be0 flushing  nmethod 0x00000231b78f0c10
Event: 6.149 Thread 0x00000231cce67be0 flushing  nmethod 0x00000231b78f8190
Event: 6.149 Thread 0x00000231cce67be0 flushing  nmethod 0x00000231b78fa190
Event: 6.149 Thread 0x00000231cce67be0 flushing  nmethod 0x00000231b78fd390
Event: 6.149 Thread 0x00000231cce67be0 flushing  nmethod 0x00000231b7946910
Event: 6.149 Thread 0x00000231cce67be0 flushing  nmethod 0x00000231b7964610
Event: 6.149 Thread 0x00000231cce67be0 flushing  nmethod 0x00000231b7980390
Event: 6.149 Thread 0x00000231cce67be0 flushing  nmethod 0x00000231b7989210
Event: 6.150 Thread 0x00000231cce67be0 flushing  nmethod 0x00000231b7ae3c90
Event: 6.150 Thread 0x00000231cce67be0 flushing  nmethod 0x00000231b7ae4110
Event: 6.150 Thread 0x00000231cce67be0 flushing  nmethod 0x00000231b7ae5210
Event: 6.150 Thread 0x00000231cce67be0 flushing  nmethod 0x00000231b7ae6510
Event: 6.150 Thread 0x00000231cce67be0 flushing  nmethod 0x00000231b7ae7210
Event: 6.150 Thread 0x00000231cce67be0 flushing  nmethod 0x00000231b7aeaf10
Event: 6.150 Thread 0x00000231cce67be0 flushing  nmethod 0x00000231b7aeb910
Event: 6.150 Thread 0x00000231cce67be0 flushing  nmethod 0x00000231b7aec690
Event: 6.150 Thread 0x00000231cce67be0 flushing  nmethod 0x00000231b7aed290
Event: 6.150 Thread 0x00000231cce67be0 flushing  nmethod 0x00000231b7aee390
Event: 6.150 Thread 0x00000231cce67be0 flushing  nmethod 0x00000231b7aef090
Event: 6.150 Thread 0x00000231cce67be0 flushing  nmethod 0x00000231b7b38610

Events (19 events):
Event: 0.037 Thread 0x00000231af608650 Thread added: 0x00000231af608650
Event: 0.041 Thread 0x00000231af608650 Thread added: 0x00000231cce38690
Event: 0.041 Thread 0x00000231af608650 Thread added: 0x00000231cce39050
Event: 0.051 Thread 0x00000231af608650 Thread added: 0x00000231cce54800
Event: 0.051 Thread 0x00000231af608650 Thread added: 0x00000231cce551c0
Event: 0.051 Thread 0x00000231af608650 Thread added: 0x00000231cce55b80
Event: 0.051 Thread 0x00000231af608650 Thread added: 0x00000231cce56540
Event: 0.051 Thread 0x00000231af608650 Thread added: 0x00000231cce5b700
Event: 0.051 Thread 0x00000231af608650 Thread added: 0x00000231cce5e1c0
Event: 0.051 Thread 0x00000231af608650 Thread added: 0x00000231cce67be0
Event: 0.066 Thread 0x00000231af608650 Thread added: 0x00000231cd77c0d0
Event: 0.069 Thread 0x00000231af608650 Thread added: 0x00000231cd77b1a0
Event: 0.394 Thread 0x00000231af608650 Thread added: 0x00000231cd77a270
Event: 0.412 Thread 0x00000231cd77a270 Thread exited: 0x00000231cd77a270
Event: 0.707 Thread 0x00000231cce5e1c0 Thread added: 0x000002321356c580
Event: 1.207 Thread 0x00000231cce5e1c0 Thread added: 0x0000023213fb52b0
Event: 1.612 Thread 0x0000023213fb52b0 Thread exited: 0x0000023213fb52b0
Event: 2.692 Thread 0x00000231af608650 Thread added: 0x00000231cd77a270
Event: 2.837 Thread 0x00000231cce5e1c0 Thread added: 0x00000232145c42a0


Dynamic libraries:
0x00007ff7a8ae0000 - 0x00007ff7a8aee000 	C:\Program Files\Eclipse Adoptium\jdk-17.0.19.10-hotspot\bin\java.exe
0x00007ffd29640000 - 0x00007ffd298a7000 	C:\Windows\SYSTEM32\ntdll.dll
0x00007ffd27640000 - 0x00007ffd27709000 	C:\Windows\System32\KERNEL32.DLL
0x00007ffd26c40000 - 0x00007ffd27037000 	C:\Windows\System32\KERNELBASE.dll
0x00007ffd27040000 - 0x00007ffd2718b000 	C:\Windows\System32\ucrtbase.dll
0x00007ffcf4ef0000 - 0x00007ffcf4f0e000 	C:\Program Files\Eclipse Adoptium\jdk-17.0.19.10-hotspot\bin\VCRUNTIME140.dll
0x00007ffd143a0000 - 0x00007ffd143b8000 	C:\Program Files\Eclipse Adoptium\jdk-17.0.19.10-hotspot\bin\jli.dll
0x00007ffd27ca0000 - 0x00007ffd27e66000 	C:\Windows\System32\USER32.dll
0x00007ffd15300000 - 0x00007ffd15592000 	C:\Windows\WinSxS\amd64_microsoft.windows.common-controls_6595b64144ccf1df_6.0.26100.8457_none_3e0b2faee331e92d\COMCTL32.dll
0x00007ffd26070000 - 0x00007ffd26097000 	C:\Windows\System32\win32u.dll
0x00007ffd27710000 - 0x00007ffd277b9000 	C:\Windows\System32\msvcrt.dll
0x00007ffd27fe0000 - 0x00007ffd2800b000 	C:\Windows\System32\GDI32.dll
0x00007ffd26130000 - 0x00007ffd2625c000 	C:\Windows\System32\gdi32full.dll
0x00007ffd26b90000 - 0x00007ffd26c33000 	C:\Windows\System32\msvcp_win.dll
0x00007ffd291a0000 - 0x00007ffd291d2000 	C:\Windows\System32\IMM32.DLL
0x00007ffd14390000 - 0x00007ffd1439c000 	C:\Program Files\Eclipse Adoptium\jdk-17.0.19.10-hotspot\bin\vcruntime140_1.dll
0x00007ffce5440000 - 0x00007ffce54cd000 	C:\Program Files\Eclipse Adoptium\jdk-17.0.19.10-hotspot\bin\msvcp140.dll
0x00007ffcce1e0000 - 0x00007ffccee4c000 	C:\Program Files\Eclipse Adoptium\jdk-17.0.19.10-hotspot\bin\server\jvm.dll
0x00007ffd28010000 - 0x00007ffd280c6000 	C:\Windows\System32\ADVAPI32.dll
0x00007ffd27e70000 - 0x00007ffd27f17000 	C:\Windows\System32\sechost.dll
0x00007ffd27520000 - 0x00007ffd27638000 	C:\Windows\System32\RPCRT4.dll
0x00007ffd28f70000 - 0x00007ffd28ff0000 	C:\Windows\System32\WS2_32.dll
0x00007ffd25d20000 - 0x00007ffd25d7e000 	C:\Windows\SYSTEM32\POWRPROF.dll
0x00007ffd20650000 - 0x00007ffd20686000 	C:\Windows\SYSTEM32\WINMM.dll
0x00007ffd20690000 - 0x00007ffd2069b000 	C:\Windows\SYSTEM32\VERSION.dll
0x00007ffd25d00000 - 0x00007ffd25d14000 	C:\Windows\SYSTEM32\UMPDC.dll
0x00007ffd24e00000 - 0x00007ffd24e1b000 	C:\Windows\SYSTEM32\kernel.appcore.dll
0x00007ffd0ab40000 - 0x00007ffd0ab4a000 	C:\Program Files\Eclipse Adoptium\jdk-17.0.19.10-hotspot\bin\jimage.dll
0x00007ffd1ab60000 - 0x00007ffd1ada2000 	C:\Windows\SYSTEM32\DBGHELP.DLL
0x00007ffd277c0000 - 0x00007ffd27b43000 	C:\Windows\System32\combase.dll
0x00007ffd27bc0000 - 0x00007ffd27c99000 	C:\Windows\System32\OLEAUT32.dll
0x00007ffd12380000 - 0x00007ffd123bb000 	C:\Windows\SYSTEM32\dbgcore.DLL
0x00007ffd27190000 - 0x00007ffd27238000 	C:\Windows\System32\bcryptPrimitives.dll
0x00007ffcec250000 - 0x00007ffcec275000 	C:\Program Files\Eclipse Adoptium\jdk-17.0.19.10-hotspot\bin\java.dll
0x00007ffce3020000 - 0x00007ffce30f7000 	C:\Program Files\Eclipse Adoptium\jdk-17.0.19.10-hotspot\bin\jsvml.dll
0x00007ffd287a0000 - 0x00007ffd28f0e000 	C:\Windows\System32\SHELL32.dll
0x00007ffd26260000 - 0x00007ffd26acc000 	C:\Windows\System32\windows.storage.dll
0x00007ffd280d0000 - 0x00007ffd281c6000 	C:\Windows\System32\SHCORE.dll
0x00007ffd27b50000 - 0x00007ffd27bb6000 	C:\Windows\System32\shlwapi.dll
0x00007ffd25f90000 - 0x00007ffd25fb9000 	C:\Windows\SYSTEM32\profapi.dll
0x00007ffcee0c0000 - 0x00007ffcee0da000 	C:\Program Files\Eclipse Adoptium\jdk-17.0.19.10-hotspot\bin\net.dll
0x00007ffd1d4d0000 - 0x00007ffd1d5f9000 	C:\Windows\SYSTEM32\WINHTTP.dll
0x00007ffd25370000 - 0x00007ffd253dc000 	C:\Windows\system32\mswsock.dll
0x00007ffced650000 - 0x00007ffced666000 	C:\Program Files\Eclipse Adoptium\jdk-17.0.19.10-hotspot\bin\nio.dll
0x00007ffced600000 - 0x00007ffced618000 	C:\Program Files\Eclipse Adoptium\jdk-17.0.19.10-hotspot\bin\zip.dll
0x00007ffcec220000 - 0x00007ffcec244000 	C:\Users\acer\Desktop\apache-maven-3.9.16\lib\jansi-native\Windows\x86_64\jansi.dll
0x00007ffd02d60000 - 0x00007ffd02d70000 	C:\Program Files\Eclipse Adoptium\jdk-17.0.19.10-hotspot\bin\verify.dll

dbghelp: loaded successfully - version: 4.0.5 - missing functions: none
symbol engine: initialized successfully - sym options: 0x614 - pdb path: .;C:\Program Files\Eclipse Adoptium\jdk-17.0.19.10-hotspot\bin;C:\Windows\SYSTEM32;C:\Windows\WinSxS\amd64_microsoft.windows.common-controls_6595b64144ccf1df_6.0.26100.8457_none_3e0b2faee331e92d;C:\Program Files\Eclipse Adoptium\jdk-17.0.19.10-hotspot\bin\server;C:\Users\acer\Desktop\apache-maven-3.9.16\lib\jansi-native\Windows\x86_64

VM Arguments:
jvm_args: --enable-native-access=ALL-UNNAMED -Dclassworlds.conf=C:\Users\acer\Desktop\apache-maven-3.9.16\bin\m2.conf -Dmaven.home=C:\Users\acer\Desktop\apache-maven-3.9.16 -Dlibrary.jansi.path=C:\Users\acer\Desktop\apache-maven-3.9.16\lib\jansi-native -Dmaven.multiModuleProjectDirectory=C:\Users\acer\Desktop\e-commerce\payment-service 
java_command: org.codehaus.plexus.classworlds.launcher.Launcher spring-boot:run
java_class_path (initial): C:\Users\acer\Desktop\apache-maven-3.9.16\boot\plexus-classworlds-2.11.0.jar
Launcher Type: SUN_STANDARD

[Global flags]
     intx CICompilerCount                          = 4                                         {product} {ergonomic}
     uint ConcGCThreads                            = 2                                         {product} {ergonomic}
     uint G1ConcRefinementThreads                  = 8                                         {product} {ergonomic}
   size_t G1HeapRegionSize                         = 1048576                                   {product} {ergonomic}
    uintx GCDrainStackTargetSize                   = 64                                        {product} {ergonomic}
   size_t InitialHeapSize                          = 123731968                                 {product} {ergonomic}
   size_t MarkStackSize                            = 4194304                                   {product} {ergonomic}
   size_t MaxHeapSize                              = 1962934272                                {product} {ergonomic}
   size_t MaxNewSize                               = 1177550848                                {product} {ergonomic}
   size_t MinHeapDeltaBytes                        = 1048576                                   {product} {ergonomic}
   size_t MinHeapSize                              = 8388608                                   {product} {ergonomic}
    uintx NonNMethodCodeHeapSize                   = 5839372                                {pd product} {ergonomic}
    uintx NonProfiledCodeHeapSize                  = 122909434                              {pd product} {ergonomic}
    uintx ProfiledCodeHeapSize                     = 122909434                              {pd product} {ergonomic}
    uintx ReservedCodeCacheSize                    = 251658240                              {pd product} {ergonomic}
     bool SegmentedCodeCache                       = true                                      {product} {ergonomic}
   size_t SoftMaxHeapSize                          = 1962934272                             {manageable} {ergonomic}
     bool UseCompressedClassPointers               = true                           {product lp64_product} {ergonomic}
     bool UseCompressedOops                        = true                           {product lp64_product} {ergonomic}
     bool UseG1GC                                  = true                                      {product} {ergonomic}
     bool UseLargePagesIndividualAllocation        = false                                  {pd product} {ergonomic}

Logging:
Log output configuration:
 #0: stdout all=warning uptime,level,tags
 #1: stderr all=off uptime,level,tags

Environment Variables:
PATH=C:\Program Files\Eclipse Adoptium\jdk-17.0.19.10-hotspot\bin;C:\Program Files (x86)\Common Files\Oracle\Java\java8path;C:\Program Files (x86)\Common Files\Oracle\Java\javapath;C:\Windows\system32;C:\Windows;C:\Windows\System32\Wbem;C:\Windows\System32\WindowsPowerShell\v1.0\;C:\Windows\System32\OpenSSH\;C:\Program Files\Git\cmd;C:\Users\acer\Desktop\apache-maven-3.9.16\bin;C:\Users\acer\AppData\Local\Programs\Eclipse Adoptium\jdk-21.0.11.10-hotspot\bin;C:\Users\acer\.local\bin;C:\Users\acer\AppData\Local\Microsoft\WindowsApps;C:\Users\acer\AppData\Local\Programs\Microsoft VS Code\bin;c:\Users\acer\.vscode\extensions\vscjava.vscode-java-debug-0.59.0\bundled\scripts\noConfigScripts
USERNAME=acer
LANG=en_US.UTF-8
OS=Windows_NT
PROCESSOR_IDENTIFIER=AMD64 Family 23 Model 160 Stepping 0, AuthenticAMD
TMP=C:\Users\acer\AppData\Local\Temp
TEMP=C:\Users\acer\AppData\Local\Temp



Periodic native trim disabled


---------------  S Y S T E M  ---------------

OS:
 Windows 11 , 64 bit Build 26100 (10.0.26100.8328)
OS uptime: 21 days 19:46 hours
Hyper-V role detected

CPU: total 8 (initial active 8) (8 cores per cpu, 2 threads per core) family 23 model 160 stepping 0 microcode 0x8a00006, cx8, cmov, fxsr, ht, mmx, 3dnowpref, sse, sse2, sse3, ssse3, sse4a, sse4.1, sse4.2, popcnt, lzcnt, tsc, tscinvbit, avx, avx2, aes, clmul, bmi1, bmi2, adx, sha, fma, vzeroupper, clflush, clflushopt, hv
Processor Information for all 8 processors :
  Max Mhz: 2401, Current Mhz: 2401, Mhz Limit: 2401

Memory: 4k page, system-wide physical 7480M (969M free)
TotalPageFile size 25011M (AvailPageFile size 18M)
current process WorkingSet (physical memory assigned to process): 209M, peak: 232M
current process commit charge ("private bytes"): 253M, peak: 275M

vm_info: OpenJDK 64-Bit Server VM (17.0.19+10) for windows-amd64 JRE (17.0.19+10), built on Apr 25 2026 08:04:44 by "admin" with MS VC++ 17.12 (VS2022)

END.
